ARM Linker, RVCT4.0 [Build 484] for uVision [Evaluation]

==============================================================================

Section Cross References

    can_device_led.o(.text) refers to gpio.o(i.GPIOPinRead) for GPIOPinRead
    can_device_led.o(.text) refers to gpio.o(i.GPIOPinWrite) for GPIOPinWrite
    can_device_led.o(.text) refers to sysctl.o(i.SysCtlClockSet) for SysCtlClockSet
    can_device_led.o(.text) refers to sysctl.o(i.SysCtlPeripheralEnable) for SysCtlPeripheralEnable
    can_device_led.o(.text) refers to gpio.o(i.GPIOPadConfigSet) for GPIOPadConfigSet
    can_device_led.o(.text) refers to gpio.o(i.GPIOPinTypeGPIOInput) for GPIOPinTypeGPIOInput
    can_device_led.o(.text) refers to gpio.o(i.GPIOPinTypeGPIOOutput) for GPIOPinTypeGPIOOutput
    can_device_led.o(.text) refers to interrupt.o(i.IntMasterEnable) for IntMasterEnable
    can_device_led.o(.text) refers to sysctl.o(i.SysCtlClockGet) for SysCtlClockGet
    can_device_led.o(.text) refers to systick.o(i.SysTickPeriodSet) for SysTickPeriodSet
    can_device_led.o(.text) refers to systick.o(i.SysTickEnable) for SysTickEnable
    can_device_led.o(.text) refers to systick.o(i.SysTickIntEnable) for SysTickIntEnable
    can_device_led.o(.text) refers to can_device_led.o(.data) for .data
    startup_rvmdk.o(RESET) refers to startup_rvmdk.o(STACK) for StackMem
    startup_rvmdk.o(RESET) refers to can_device_led.o(.text) for SysTickIntHandler
    startup_rvmdk.o(RESET) refers to entry.o(.ARM.Collect$$$$00000000) for __main
    gpio.o(i.GPIOPinTypeADC) refers to gpio.o(i.GPIODirModeSet) for GPIODirModeSet
    gpio.o(i.GPIOPinTypeADC) refers to gpio.o(i.GPIOPadConfigSet) for GPIOPadConfigSet
    gpio.o(i.GPIOPinTypeCAN) refers to gpio.o(i.GPIODirModeSet) for GPIODirModeSet
    gpio.o(i.GPIOPinTypeCAN) refers to gpio.o(i.GPIOPadConfigSet) for GPIOPadConfigSet
    gpio.o(i.GPIOPinTypeComparator) refers to gpio.o(i.GPIODirModeSet) for GPIODirModeSet
    gpio.o(i.GPIOPinTypeComparator) refers to gpio.o(i.GPIOPadConfigSet) for GPIOPadConfigSet
    gpio.o(i.GPIOPinTypeGPIOInput) refers to gpio.o(i.GPIODirModeSet) for GPIODirModeSet
    gpio.o(i.GPIOPinTypeGPIOInput) refers to gpio.o(i.GPIOPadConfigSet) for GPIOPadConfigSet
    gpio.o(i.GPIOPinTypeGPIOOutput) refers to gpio.o(i.GPIODirModeSet) for GPIODirModeSet
    gpio.o(i.GPIOPinTypeGPIOOutput) refers to gpio.o(i.GPIOPadConfigSet) for GPIOPadConfigSet
    gpio.o(i.GPIOPinTypeGPIOOutputOD) refers to gpio.o(i.GPIODirModeSet) for GPIODirModeSet
    gpio.o(i.GPIOPinTypeGPIOOutputOD) refers to gpio.o(i.GPIOPadConfigSet) for GPIOPadConfigSet
    gpio.o(i.GPIOPinTypeI2C) refers to gpio.o(i.GPIODirModeSet) for GPIODirModeSet
    gpio.o(i.GPIOPinTypeI2C) refers to gpio.o(i.GPIOPadConfigSet) for GPIOPadConfigSet
    gpio.o(i.GPIOPinTypePWM) refers to gpio.o(i.GPIODirModeSet) for GPIODirModeSet
    gpio.o(i.GPIOPinTypePWM) refers to gpio.o(i.GPIOPadConfigSet) for GPIOPadConfigSet
    gpio.o(i.GPIOPinTypeQEI) refers to gpio.o(i.GPIODirModeSet) for GPIODirModeSet
    gpio.o(i.GPIOPinTypeQEI) refers to gpio.o(i.GPIOPadConfigSet) for GPIOPadConfigSet
    gpio.o(i.GPIOPinTypeSSI) refers to gpio.o(i.GPIODirModeSet) for GPIODirModeSet
    gpio.o(i.GPIOPinTypeSSI) refers to gpio.o(i.GPIOPadConfigSet) for GPIOPadConfigSet
    gpio.o(i.GPIOPinTypeTimer) refers to gpio.o(i.GPIODirModeSet) for GPIODirModeSet
    gpio.o(i.GPIOPinTypeTimer) refers to gpio.o(i.GPIOPadConfigSet) for GPIOPadConfigSet
    gpio.o(i.GPIOPinTypeUART) refers to gpio.o(i.GPIODirModeSet) for GPIODirModeSet
    gpio.o(i.GPIOPinTypeUART) refers to gpio.o(i.GPIOPadConfigSet) for GPIOPadConfigSet
    gpio.o(i.GPIOPinTypeUSBDigital) refers to gpio.o(i.GPIODirModeSet) for GPIODirModeSet
    gpio.o(i.GPIOPinTypeUSBDigital) refers to gpio.o(i.GPIOPadConfigSet) for GPIOPadConfigSet
    gpio.o(i.GPIOPortIntRegister) refers to gpio.o(i.GPIOGetIntNumber) for GPIOGetIntNumber
    gpio.o(i.GPIOPortIntRegister) refers to interrupt.o(i.IntRegister) for IntRegister
    gpio.o(i.GPIOPortIntRegister) refers to interrupt.o(i.IntEnable) for IntEnable
    gpio.o(i.GPIOPortIntUnregister) refers to gpio.o(i.GPIOGetIntNumber) for GPIOGetIntNumber
    gpio.o(i.GPIOPortIntUnregister) refers to interrupt.o(i.IntDisable) for IntDisable
    gpio.o(i.GPIOPortIntUnregister) refers to interrupt.o(i.IntUnregister) for IntUnregister
    interrupt.o(i.IntMasterDisable) refers to cpu.o(.emb_text) for CPUcpsid
    interrupt.o(i.IntMasterEnable) refers to cpu.o(.emb_text) for CPUcpsie
    interrupt.o(i.IntPriorityGet) refers to interrupt.o(.constdata) for .constdata
    interrupt.o(i.IntPriorityGroupingGet) refers to interrupt.o(.constdata) for .constdata
    interrupt.o(i.IntPriorityGroupingSet) refers to interrupt.o(.constdata) for .constdata
    interrupt.o(i.IntPrioritySet) refers to interrupt.o(.constdata) for .constdata
    interrupt.o(i.IntRegister) refers to interrupt.o(vtable) for vtable
    interrupt.o(i.IntUnregister) refers to interrupt.o(i.IntDefaultHandler) for IntDefaultHandler
    interrupt.o(i.IntUnregister) refers to interrupt.o(vtable) for vtable
    sysctl.o(i.SysCtlClockGet) refers to sysctl.o(.constdata) for .constdata
    sysctl.o(i.SysCtlClockSet) refers to sysctl.o(.emb_text) for SysCtlDelay
    sysctl.o(i.SysCtlDeepSleep) refers to cpu.o(.emb_text) for CPUwfi
    sysctl.o(i.SysCtlIntRegister) refers to interrupt.o(i.IntRegister) for IntRegister
    sysctl.o(i.SysCtlIntRegister) refers to interrupt.o(i.IntEnable) for IntEnable
    sysctl.o(i.SysCtlIntUnregister) refers to interrupt.o(i.IntDisable) for IntDisable
    sysctl.o(i.SysCtlIntUnregister) refers to interrupt.o(i.IntUnregister) for IntUnregister
    sysctl.o(i.SysCtlPeripheralDeepSleepDisable) refers to sysctl.o(.constdata) for .constdata
    sysctl.o(i.SysCtlPeripheralDeepSleepEnable) refers to sysctl.o(.constdata) for .constdata
    sysctl.o(i.SysCtlPeripheralDisable) refers to sysctl.o(.constdata) for .constdata
    sysctl.o(i.SysCtlPeripheralEnable) refers to sysctl.o(.constdata) for .constdata
    sysctl.o(i.SysCtlPeripheralPresent) refers to sysctl.o(.constdata) for .constdata
    sysctl.o(i.SysCtlPeripheralReset) refers to sysctl.o(.constdata) for .constdata
    sysctl.o(i.SysCtlPeripheralSleepDisable) refers to sysctl.o(.constdata) for .constdata
    sysctl.o(i.SysCtlPeripheralSleepEnable) refers to sysctl.o(.constdata) for .constdata
    sysctl.o(i.SysCtlSleep) refers to cpu.o(.emb_text) for CPUwfi
    systick.o(i.SysTickIntRegister) refers to interrupt.o(i.IntRegister) for IntRegister
    systick.o(i.SysTickIntUnregister) refers to interrupt.o(i.IntUnregister) for IntUnregister
    entry.o(.ARM.Collect$$$$00000000) refers (Special) to entry6.o(.ARM.Collect$$$$00000006) for _main_init
    entry.o(.ARM.Collect$$$$00000000) refers (Special) to entry2.o(.ARM.Collect$$$$00000001) for _main_stk
    entry.o(.ARM.Collect$$$$00000000) refers to init.o(.text) for __scatterload
    entry2.o(.ARM.Collect$$$$00000001) refers to entry2.o(.ARM.Collect$$$$00002712) for __lit__00000000
    entry2.o(.ARM.Collect$$$$00002712) refers to startup_rvmdk.o(STACK) for __initial_sp
    entry2.o(__vectab_stack_and_reset_area) refers to startup_rvmdk.o(STACK) for __initial_sp
    entry2.o(__vectab_stack_and_reset_area) refers to entry.o(.ARM.Collect$$$$00000000) for __main
    entry6.o(.ARM.Collect$$$$00000006) refers to can_device_led.o(.text) for main
    init.o(.text) refers to entry.o(.ARM.Collect$$$$00000000) for __main_after_scatterload


==============================================================================

Removing Unused input sections from the image.

    Removing startup_rvmdk.o(HEAP), (0 bytes).
    Removing startup_rvmdk.o(.text), (0 bytes).
    Removing gpio.o(i.GPIODirModeGet), (34 bytes).
    Removing gpio.o(i.GPIOGetIntNumber), (164 bytes).
    Removing gpio.o(i.GPIOIntTypeGet), (48 bytes).
    Removing gpio.o(i.GPIOIntTypeSet), (58 bytes).
    Removing gpio.o(i.GPIOPadConfigGet), (140 bytes).
    Removing gpio.o(i.GPIOPinIntClear), (6 bytes).
    Removing gpio.o(i.GPIOPinIntDisable), (14 bytes).
    Removing gpio.o(i.GPIOPinIntEnable), (12 bytes).
    Removing gpio.o(i.GPIOPinIntStatus), (14 bytes).
    Removing gpio.o(i.GPIOPinTypeADC), (28 bytes).
    Removing gpio.o(i.GPIOPinTypeCAN), (28 bytes).
    Removing gpio.o(i.GPIOPinTypeComparator), (28 bytes).
    Removing gpio.o(i.GPIOPinTypeGPIOOutputOD), (28 bytes).
    Removing gpio.o(i.GPIOPinTypeI2C), (28 bytes).
    Removing gpio.o(i.GPIOPinTypePWM), (28 bytes).
    Removing gpio.o(i.GPIOPinTypeQEI), (28 bytes).
    Removing gpio.o(i.GPIOPinTypeSSI), (28 bytes).
    Removing gpio.o(i.GPIOPinTypeTimer), (28 bytes).
    Removing gpio.o(i.GPIOPinTypeUART), (28 bytes).
    Removing gpio.o(i.GPIOPinTypeUSBDigital), (28 bytes).
    Removing gpio.o(i.GPIOPortIntRegister), (26 bytes).
    Removing gpio.o(i.GPIOPortIntUnregister), (22 bytes).
    Removing interrupt.o(i.IntDefaultHandler), (2 bytes).
    Removing interrupt.o(i.IntDisable), (104 bytes).
    Removing interrupt.o(i.IntEnable), (104 bytes).
    Removing interrupt.o(i.IntMasterDisable), (10 bytes).
    Removing interrupt.o(i.IntPriorityGet), (28 bytes).
    Removing interrupt.o(i.IntPriorityGroupingGet), (36 bytes).
    Removing interrupt.o(i.IntPriorityGroupingSet), (28 bytes).
    Removing interrupt.o(i.IntPrioritySet), (40 bytes).
    Removing interrupt.o(i.IntRegister), (56 bytes).
    Removing interrupt.o(i.IntUnregister), (20 bytes).
    Removing interrupt.o(.constdata), (96 bytes).
    Removing interrupt.o(vtable), (256 bytes).
    Removing sysctl.o(i.SysCtlADCSpeedGet), (16 bytes).
    Removing sysctl.o(i.SysCtlADCSpeedSet), (40 bytes).
    Removing sysctl.o(i.SysCtlBrownOutConfigSet), (16 bytes).
    Removing sysctl.o(i.SysCtlClkVerificationClear), (16 bytes).
    Removing sysctl.o(i.SysCtlDeepSleep), (32 bytes).
    Removing sysctl.o(i.SysCtlFlashSizeGet), (20 bytes).
    Removing sysctl.o(i.SysCtlGPIOAHBDisable), (20 bytes).
    Removing sysctl.o(i.SysCtlGPIOAHBEnable), (16 bytes).
    Removing sysctl.o(i.SysCtlIOSCVerificationSet), (24 bytes).
    Removing sysctl.o(i.SysCtlIntClear), (12 bytes).
    Removing sysctl.o(i.SysCtlIntDisable), (16 bytes).
    Removing sysctl.o(i.SysCtlIntEnable), (16 bytes).
    Removing sysctl.o(i.SysCtlIntRegister), (20 bytes).
    Removing sysctl.o(i.SysCtlIntStatus), (16 bytes).
    Removing sysctl.o(i.SysCtlIntUnregister), (18 bytes).
    Removing sysctl.o(i.SysCtlLDOConfigSet), (12 bytes).
    Removing sysctl.o(i.SysCtlLDOGet), (12 bytes).
    Removing sysctl.o(i.SysCtlLDOSet), (12 bytes).
    Removing sysctl.o(i.SysCtlMOSCVerificationSet), (24 bytes).
    Removing sysctl.o(i.SysCtlPLLVerificationSet), (24 bytes).
    Removing sysctl.o(i.SysCtlPWMClockGet), (24 bytes).
    Removing sysctl.o(i.SysCtlPWMClockSet), (20 bytes).
    Removing sysctl.o(i.SysCtlPeripheralClockGating), (24 bytes).
    Removing sysctl.o(i.SysCtlPeripheralDeepSleepDisable), (32 bytes).
    Removing sysctl.o(i.SysCtlPeripheralDeepSleepEnable), (32 bytes).
    Removing sysctl.o(i.SysCtlPeripheralDisable), (32 bytes).
    Removing sysctl.o(i.SysCtlPeripheralPresent), (32 bytes).
    Removing sysctl.o(i.SysCtlPeripheralReset), (56 bytes).
    Removing sysctl.o(i.SysCtlPeripheralSleepDisable), (32 bytes).
    Removing sysctl.o(i.SysCtlPeripheralSleepEnable), (32 bytes).
    Removing sysctl.o(i.SysCtlPinPresent), (16 bytes).
    Removing sysctl.o(i.SysCtlReset), (16 bytes).
    Removing sysctl.o(i.SysCtlResetCauseClear), (16 bytes).
    Removing sysctl.o(i.SysCtlResetCauseGet), (12 bytes).
    Removing sysctl.o(i.SysCtlSRAMSizeGet), (20 bytes).
    Removing sysctl.o(i.SysCtlSleep), (4 bytes).
    Removing sysctl.o(i.SysCtlUSBPLLDisable), (16 bytes).
    Removing sysctl.o(i.SysCtlUSBPLLEnable), (16 bytes).
    Removing systick.o(i.SysTickDisable), (14 bytes).
    Removing systick.o(i.SysTickIntDisable), (14 bytes).
    Removing systick.o(i.SysTickIntRegister), (24 bytes).
    Removing systick.o(i.SysTickIntUnregister), (18 bytes).
    Removing systick.o(i.SysTickPeriodGet), (10 bytes).
    Removing systick.o(i.SysTickValueGet), (8 bytes).

80 unused section(s) (total 2528 bytes) removed from the image.

==============================================================================

Image Symbol Table

    Local Symbols

    Symbol Name                              Value     Ov Type        Size  Object(Section)

    RESET                                    0x00000000   Section      252  startup_rvmdk.o(RESET)
    ../../microlib/init/entry.s              0x00000000   Number         0  entry6.o ABSOLUTE
    ../../microlib/init/entry.s              0x00000000   Number         0  entry2.o ABSOLUTE
    ../../microlib/init/entry.s              0x00000000   Number         0  entry.o ABSOLUTE
    can_device_led.c                         0x00000000   Number         0  can_device_led.o ABSOLUTE
    cpu.c                                    0x00000000   Number         0  cpu.o ABSOLUTE
    cpu.c                                    0x00000000   Number         0  cpu.o ABSOLUTE
    dc.s                                     0x00000000   Number         0  dc.o ABSOLUTE
    gpio.c                                   0x00000000   Number         0  gpio.o ABSOLUTE
    handlers.s                               0x00000000   Number         0  handlers.o ABSOLUTE
    init.s                                   0x00000000   Number         0  init.o ABSOLUTE
    interrupt.c                              0x00000000   Number         0  interrupt.o ABSOLUTE
    startup_rvmdk.S                          0x00000000   Number         0  startup_rvmdk.o ABSOLUTE
    sysctl.c                                 0x00000000   Number         0  sysctl.o ABSOLUTE
    sysctl.c                                 0x00000000   Number         0  sysctl.o ABSOLUTE
    systick.c                                0x00000000   Number         0  systick.o ABSOLUTE
    NmiSR                                    0x000000f5   Thumb Code     0  startup_rvmdk.o(RESET)
    FaultISR                                 0x000000f7   Thumb Code     0  startup_rvmdk.o(RESET)
    IntDefaultHandler                        0x000000f9   Thumb Code     0  startup_rvmdk.o(RESET)
    .ARM.Collect$$$$00000000                 0x000000fc   Section        4  entry.o(.ARM.Collect$$$$00000000)
    .ARM.Collect$$$$00000001                 0x00000100   Section        4  entry2.o(.ARM.Collect$$$$00000001)
    .ARM.Collect$$$$00000006                 0x00000104   Section        8  entry6.o(.ARM.Collect$$$$00000006)
    .ARM.Collect$$$$00002712                 0x0000010c   Section        4  entry2.o(.ARM.Collect$$$$00002712)
    __lit__00000000                          0x0000010c   Data           4  entry2.o(.ARM.Collect$$$$00002712)
    .emb_text                                0x00000110   Section        6  sysctl.o(.emb_text)
    .emb_text                                0x00000118   Section       20  cpu.o(.emb_text)
    .text                                    0x0000012c   Section      248  can_device_led.o(.text)
    .text                                    0x00000224   Section       36  init.o(.text)
    i.GPIODirModeSet                         0x00000248   Section       40  gpio.o(i.GPIODirModeSet)
    i.GPIOPadConfigSet                       0x00000270   Section      176  gpio.o(i.GPIOPadConfigSet)
    i.GPIOPinRead                            0x00000320   Section        6  gpio.o(i.GPIOPinRead)
    i.GPIOPinTypeGPIOInput                   0x00000326   Section       28  gpio.o(i.GPIOPinTypeGPIOInput)
    i.GPIOPinTypeGPIOOutput                  0x00000342   Section       28  gpio.o(i.GPIOPinTypeGPIOOutput)
    i.GPIOPinWrite                           0x0000035e   Section        6  gpio.o(i.GPIOPinWrite)
    i.IntMasterEnable                        0x00000364   Section       10  interrupt.o(i.IntMasterEnable)
    i.SysCtlClockGet                         0x00000370   Section      324  sysctl.o(i.SysCtlClockGet)
    i.SysCtlClockSet                         0x000004b4   Section      312  sysctl.o(i.SysCtlClockSet)
    i.SysCtlPeripheralEnable                 0x000005ec   Section       32  sysctl.o(i.SysCtlPeripheralEnable)
    i.SysTickEnable                          0x0000060c   Section       14  systick.o(i.SysTickEnable)
    i.SysTickIntEnable                       0x0000061a   Section       14  systick.o(i.SysTickIntEnable)
    i.SysTickPeriodSet                       0x00000628   Section       10  systick.o(i.SysTickPeriodSet)
    i.__scatterload_copy                     0x00000632   Section       14  handlers.o(i.__scatterload_copy)
    i.__scatterload_null                     0x00000640   Section        2  handlers.o(i.__scatterload_null)
    i.__scatterload_zeroinit                 0x00000642   Section       14  handlers.o(i.__scatterload_zeroinit)
    .constdata                               0x00000650   Section      156  sysctl.o(.constdata)
    g_pulDCRegs                              0x00000650   Data          16  sysctl.o(.constdata)
    g_pulSRCRRegs                            0x00000660   Data          12  sysctl.o(.constdata)
    g_pulRCGCRegs                            0x0000066c   Data          12  sysctl.o(.constdata)
    g_pulSCGCRegs                            0x00000678   Data          12  sysctl.o(.constdata)
    g_pulDCGCRegs                            0x00000684   Data          12  sysctl.o(.constdata)
    g_pulXtals                               0x00000690   Data          92  sysctl.o(.constdata)
    .data                                    0x20000000   Section       12  can_device_led.o(.data)
    ulLastStatus                             0x20000004   Data           4  can_device_led.o(.data)
    g_ulDebounceCounter                      0x20000008   Data           4  can_device_led.o(.data)
    STACK                                    0x20000010   Section      256  startup_rvmdk.o(STACK)
    StackMem                                 0x20000010   Data           0  startup_rvmdk.o(STACK)

    Global Symbols

    Symbol Name                              Value     Ov Type        Size  Object(Section)

    BuildAttributes$$THM_ISAv4$P$D$K$B$S$PE$A:L22UL41UL21$X:L11$S22US41US21$IEEE1$IW$USESV6$~STKCKD$USESV7$~SHL$OTIME$EBA8$MICROLIB$REQ8$PRES8$EABIv2 0x00000000   Number         0  anon$$obj.o ABSOLUTE
    __ARM_use_no_argv                        0x00000000   Number         0  can_device_led.o ABSOLUTE
    __Vectors                                0x00000000   Data           0  startup_rvmdk.o(RESET)
    __decompress                              - Undefined Weak Reference
    Reset_Handler                            0x000000f1   Thumb Code     0  startup_rvmdk.o(RESET)
    __main                                   0x000000fd   Thumb Code     0  entry.o(.ARM.Collect$$$$00000000)
    __main_after_scatterload                 0x00000101   Thumb Code     0  entry.o(.ARM.Collect$$$$00000000)
    _main_stk                                0x00000101   Thumb Code     0  entry2.o(.ARM.Collect$$$$00000001)
    _main_init                               0x00000105   Thumb Code     0  entry6.o(.ARM.Collect$$$$00000006)
    SysCtlDelay                              0x00000111   Thumb Code     6  sysctl.o(.emb_text)
    CPUcpsid                                 0x00000119   Thumb Code     8  cpu.o(.emb_text)
    CPUcpsie                                 0x00000121   Thumb Code     8  cpu.o(.emb_text)
    CPUwfi                                   0x00000129   Thumb Code     4  cpu.o(.emb_text)
    SysTickIntHandler                        0x0000012d   Thumb Code   104  can_device_led.o(.text)
    main                                     0x00000195   Thumb Code   114  can_device_led.o(.text)
    __scatterload                            0x00000225   Thumb Code    28  init.o(.text)
    __scatterload_rt2                        0x00000225   Thumb Code     0  init.o(.text)
    GPIODirModeSet                           0x00000249   Thumb Code    40  gpio.o(i.GPIODirModeSet)
    GPIOPadConfigSet                         0x00000271   Thumb Code   176  gpio.o(i.GPIOPadConfigSet)
    GPIOPinRead                              0x00000321   Thumb Code     6  gpio.o(i.GPIOPinRead)
    GPIOPinTypeGPIOInput                     0x00000327   Thumb Code    28  gpio.o(i.GPIOPinTypeGPIOInput)
    GPIOPinTypeGPIOOutput                    0x00000343   Thumb Code    28  gpio.o(i.GPIOPinTypeGPIOOutput)
    GPIOPinWrite                             0x0000035f   Thumb Code     6  gpio.o(i.GPIOPinWrite)
    IntMasterEnable                          0x00000365   Thumb Code    10  interrupt.o(i.IntMasterEnable)
    SysCtlClockGet                           0x00000371   Thumb Code   294  sysctl.o(i.SysCtlClockGet)
    SysCtlClockSet                           0x000004b5   Thumb Code   290  sysctl.o(i.SysCtlClockSet)
    SysCtlPeripheralEnable                   0x000005ed   Thumb Code    26  sysctl.o(i.SysCtlPeripheralEnable)
    SysTickEnable                            0x0000060d   Thumb Code    14  systick.o(i.SysTickEnable)
    SysTickIntEnable                         0x0000061b   Thumb Code    14  systick.o(i.SysTickIntEnable)
    SysTickPeriodSet                         0x00000629   Thumb Code    10  systick.o(i.SysTickPeriodSet)
    __scatterload_copy                       0x00000633   Thumb Code    14  handlers.o(i.__scatterload_copy)
    __scatterload_null                       0x00000641   Thumb Code     2  handlers.o(i.__scatterload_null)
    __scatterload_zeroinit                   0x00000643   Thumb Code    14  handlers.o(i.__scatterload_zeroinit)
    Region$$Table$$Base                      0x000006ec   Number         0  anon$$obj.o(Region$$Table)
    Region$$Table$$Limit                     0x0000070c   Number         0  anon$$obj.o(Region$$Table)
    g_ucButtonStatus                         0x20000000   Data           1  can_device_led.o(.data)
    __initial_sp                             0x20000110   Data           0  startup_rvmdk.o(STACK)



==============================================================================

Memory Map of the image

  Image Entry point : 0x000000f1

  Load Region LR_1 (Base: 0x00000000, Size: 0x00000718, Max: 0xffffffff, ABSOLUTE)

    Execution Region ER_RO (Base: 0x00000000, Size: 0x0000070c, Max: 0xffffffff, ABSOLUTE)

    Base Addr    Size         Type   Attr      Idx    E Section Name        Object

    0x00000000   0x000000fc   Code   RO           44  * RESET               startup_rvmdk.o
    0x000000fc   0x00000004   Code   RO          662  * .ARM.Collect$$$$00000000  entry.o(mc_w.l)
    0x00000100   0x00000004   Code   RO          665    .ARM.Collect$$$$00000001  entry2.o(mc_w.l)
    0x00000104   0x00000008   Code   RO          668    .ARM.Collect$$$$00000006  entry6.o(mc_w.l)
    0x0000010c   0x00000004   Code   RO          666    .ARM.Collect$$$$00002712  entry2.o(mc_w.l)
    0x00000110   0x00000006   Code   RO          325    .emb_text           sysctl.o(driverlib.lib)
    0x00000116   0x00000002   PAD
    0x00000118   0x00000014   Code   RO          652    .emb_text           cpu.o(driverlib.lib)
    0x0000012c   0x000000f8   Code   RO            1    .text               can_device_led.o
    0x00000224   0x00000024   Code   RO          669    .text               init.o(mc_w.l)
    0x00000248   0x00000028   Code   RO           52    i.GPIODirModeSet    gpio.o(driverlib.lib)
    0x00000270   0x000000b0   Code   RO           57    i.GPIOPadConfigSet  gpio.o(driverlib.lib)
    0x00000320   0x00000006   Code   RO           62    i.GPIOPinRead       gpio.o(driverlib.lib)
    0x00000326   0x0000001c   Code   RO           66    i.GPIOPinTypeGPIOInput  gpio.o(driverlib.lib)
    0x00000342   0x0000001c   Code   RO           67    i.GPIOPinTypeGPIOOutput  gpio.o(driverlib.lib)
    0x0000035e   0x00000006   Code   RO           76    i.GPIOPinWrite      gpio.o(driverlib.lib)
    0x00000364   0x0000000a   Code   RO          249    i.IntMasterEnable   interrupt.o(driverlib.lib)
    0x0000036e   0x00000002   PAD
    0x00000370   0x00000144   Code   RO          330    i.SysCtlClockGet    sysctl.o(driverlib.lib)
    0x000004b4   0x00000138   Code   RO          331    i.SysCtlClockSet    sysctl.o(driverlib.lib)
    0x000005ec   0x00000020   Code   RO          354    i.SysCtlPeripheralEnable  sysctl.o(driverlib.lib)
    0x0000060c   0x0000000e   Code   RO          590    i.SysTickEnable     systick.o(driverlib.lib)
    0x0000061a   0x0000000e   Code   RO          592    i.SysTickIntEnable  systick.o(driverlib.lib)
    0x00000628   0x0000000a   Code   RO          596    i.SysTickPeriodSet  systick.o(driverlib.lib)
    0x00000632   0x0000000e   Code   RO          673    i.__scatterload_copy  handlers.o(mc_w.l)
    0x00000640   0x00000002   Code   RO          674    i.__scatterload_null  handlers.o(mc_w.l)
    0x00000642   0x0000000e   Code   RO          675    i.__scatterload_zeroinit  handlers.o(mc_w.l)
    0x00000650   0x0000009c   Data   RO          367    .constdata          sysctl.o(driverlib.lib)
    0x000006ec   0x00000020   Data   RO          671    Region$$Table       anon$$obj.o


    Execution Region ER_RW (Base: 0x20000000, Size: 0x0000000c, Max: 0xffffffff, ABSOLUTE)

    Base Addr    Size         Type   Attr      Idx    E Section Name        Object

    0x20000000   0x0000000c   Data   RW            2    .data               can_device_led.o


    Execution Region ER_ZI (Base: 0x2000000c, Size: 0x00000104, Max: 0xffffffff, ABSOLUTE)

    Base Addr    Size         Type   Attr      Idx    E Section Name        Object

    0x2000000c   0x00000004   PAD
    0x20000010   0x00000100   Zero   RW           42    STACK               startup_rvmdk.o


==============================================================================

Image component sizes


      Code (inc. data)   RO Data    RW Data    ZI Data      Debug   Object Name

       248         30          0         12          0       2584   can_device_led.o
       252        242          0          0        256        224   startup_rvmdk.o

    ----------------------------------------------------------------------
       500        272         32         12        260       2808   Object Totals
         0          0         32          0          0          0   (incl. Generated)
         0          0          0          0          4          1   (incl. Padding)

    ----------------------------------------------------------------------

      Code (inc. data)   RO Data    RW Data    ZI Data      Debug   Library Member Name

        20          0          0          0          0        264   cpu.o
         4          0          0          0          0          0   entry.o
         8          4          0          0          0          0   entry2.o
         8          4          0          0          0          0   entry6.o
       284          0          0          0          0       5796   gpio.o
        30          0          0          0          0          0   handlers.o
        36          8          0          0          0         68   init.o
        10          0          0          0          0        406   interrupt.o
       674         58        156          0          0       3447   sysctl.o
        38          0          0          0          0       1130   systick.o

    ----------------------------------------------------------------------
      1116         74        156          0          0      11111   Library Totals
         4          0          0          0          0          0   (incl. Padding)

    ----------------------------------------------------------------------

      Code (inc. data)   RO Data    RW Data    ZI Data      Debug   Library Name

      1026         58        156          0          0      11043   driverlib.lib
        86         16          0          0          0         68   mc_w.l

    ----------------------------------------------------------------------
      1116         74        156          0          0      11111   Library Totals

    ----------------------------------------------------------------------

==============================================================================


      Code (inc. data)   RO Data    RW Data    ZI Data      Debug   

      1616        346        188         12        260      13320   Grand Totals
      1616        346        188         12        260      13320   ELF Image Totals
      1616        346        188         12          0          0   ROM Totals

==============================================================================

    Total RO  Size (Code + RO Data)                 1804 (   1.76kB)
    Total RW  Size (RW Data + ZI Data)               272 (   0.27kB)
    Total ROM Size (Code + RO Data + RW Data)       1816 (   1.77kB)

==============================================================================

