<html>
<body>
<pre>
<h1>µVision3 Build Log</h1>
<h2>Project:</h2>
G:\Git\CanBusPower\boards\ek-lm3s8962\CanTestPrj\CanTestFunc.uv2
Project File Date:  02/13/2021

<h2>Output:</h2>
Build target 'CanTestMotherBoard'
assembling Startup.s...
compiling CanMain.c...
CanMain.c(148): warning:  #177-D: variable "ulLoop" was declared but never referenced
linking...
Program Size: Code=3756 RO-data=188 RW-data=80 ZI-data=280  
"..\CanTestFunc.axf" - 0 Error(s), 1 Warning(s).
Load "..\\CanTestFunc.AXF" 
Connecting: Mode=JTAG, Speed=1000000Hz
Erase Done.
Programming Done.
Verify OK.
