ARM Linker, RVCT4.0 [Build 484] for uVision [Evaluation]

==============================================================================

Section Cross References

    can_device_qs.o(.text) refers to gpio.o(i.GPIOPinRead) for GPIOPinRead
    can_device_qs.o(.text) refers to gpio.o(i.GPIOPinWrite) for GPIOPinWrite
    can_device_qs.o(.text) refers to uart.o(i.UARTCharPut) for UARTCharPut
    can_device_qs.o(.text) refers to can.o(i.CANIntStatus) for CANIntStatus
    can_device_qs.o(.text) refers to can.o(i.CANStatusGet) for CANStatusGet
    can_device_qs.o(.text) refers to can.o(i.CANIntClear) for CANIntClear
    can_device_qs.o(.text) refers to can.o(i.CANMessageGet) for CANMessageGet
    can_device_qs.o(.text) refers to can.o(i.CANMessageSet) for CANMessageSet
    can_device_qs.o(.text) refers to 19264lcddriver.o(.text) for ShowQQCharL
    can_device_qs.o(.text) refers to sysctl.o(i.SysCtlClockSet) for SysCtlClockSet
    can_device_qs.o(.text) refers to sysctl.o(i.SysCtlPeripheralEnable) for SysCtlPeripheralEnable
    can_device_qs.o(.text) refers to gpio.o(i.GPIOPadConfigSet) for GPIOPadConfigSet
    can_device_qs.o(.text) refers to gpio.o(i.GPIOPinTypeCAN) for GPIOPinTypeCAN
    can_device_qs.o(.text) refers to can_device_qs.o(.constdata) for .constdata
    can_device_qs.o(.text) refers to can_device_qs.o(.data) for .data
    can_device_qs.o(.text) refers to can_device_qs.o(.bss) for .bss
    can_device_qs.o(.text) refers to gpio.o(i.GPIOPinTypeUART) for GPIOPinTypeUART
    can_device_qs.o(.text) refers to sysctl.o(i.SysCtlClockGet) for SysCtlClockGet
    can_device_qs.o(.text) refers to uart.o(i.UARTConfigSetExpClk) for UARTConfigSetExpClk
    can_device_qs.o(.text) refers to uart.o(i.UARTFIFODisable) for UARTFIFODisable
    can_device_qs.o(.text) refers to gpio.o(i.GPIOPinTypeGPIOOutput) for GPIOPinTypeGPIOOutput
    can_device_qs.o(.text) refers to can.o(i.CANInit) for CANInit
    can_device_qs.o(.text) refers to can.o(i.CANBitTimingSet) for CANBitTimingSet
    can_device_qs.o(.text) refers to can.o(i.CANEnable) for CANEnable
    can_device_qs.o(.text) refers to can.o(i.CANIntEnable) for CANIntEnable
    can_device_qs.o(.text) refers to interrupt.o(i.IntEnable) for IntEnable
    can_device_qs.o(.text) refers to interrupt.o(i.IntMasterEnable) for IntMasterEnable
    can_device_qs.o(.text) refers to systick.o(i.SysTickPeriodSet) for SysTickPeriodSet
    can_device_qs.o(.text) refers to systick.o(i.SysTickEnable) for SysTickEnable
    can_device_qs.o(.text) refers to systick.o(i.SysTickIntEnable) for SysTickIntEnable
    startup_rvmdk.o(RESET) refers to startup_rvmdk.o(STACK) for StackMem
    startup_rvmdk.o(RESET) refers to can_device_qs.o(.text) for SysTickIntHandler
    startup_rvmdk.o(RESET) refers to entry.o(.ARM.Collect$$$$00000000) for __main
    19264lcddriver.o(.text) refers to sysctl.o(i.SysCtlClockGet) for SysCtlClockGet
    19264lcddriver.o(.text) refers to sysctl.o(.emb_text) for SysCtlDelay
    19264lcddriver.o(.text) refers to gpio.o(i.GPIOPinWrite) for GPIOPinWrite
    19264lcddriver.o(.text) refers to 19264lcddriver.o(.data) for .data
    can.o(i.CANBitTimingGet) refers to can.o(i.CANRegRead) for CANRegRead
    can.o(i.CANBitTimingSet) refers to can.o(i.CANRegRead) for CANRegRead
    can.o(i.CANDisable) refers to can.o(i.CANRegRead) for CANRegRead
    can.o(i.CANEnable) refers to can.o(i.CANRegRead) for CANRegRead
    can.o(i.CANErrCntrGet) refers to can.o(i.CANRegRead) for CANRegRead
    can.o(i.CANInit) refers to can.o(i.CANRegRead) for CANRegRead
    can.o(i.CANIntClear) refers to can.o(i.CANRegRead) for CANRegRead
    can.o(i.CANIntDisable) refers to can.o(i.CANRegRead) for CANRegRead
    can.o(i.CANIntEnable) refers to can.o(i.CANRegRead) for CANRegRead
    can.o(i.CANIntRegister) refers to interrupt.o(i.IntRegister) for IntRegister
    can.o(i.CANIntRegister) refers to interrupt.o(i.IntEnable) for IntEnable
    can.o(i.CANIntStatus) refers to can.o(i.CANRegRead) for CANRegRead
    can.o(i.CANIntUnregister) refers to interrupt.o(i.IntUnregister) for IntUnregister
    can.o(i.CANIntUnregister) refers to interrupt.o(i.IntDisable) for IntDisable
    can.o(i.CANMessageClear) refers to can.o(i.CANRegRead) for CANRegRead
    can.o(i.CANMessageGet) refers to can.o(i.CANRegRead) for CANRegRead
    can.o(i.CANMessageSet) refers to can.o(i.CANRegRead) for CANRegRead
    can.o(i.CANRegRead) refers to interrupt.o(i.IntDisable) for IntDisable
    can.o(i.CANRegRead) refers to interrupt.o(i.IntEnable) for IntEnable
    can.o(i.CANRetryGet) refers to can.o(i.CANRegRead) for CANRegRead
    can.o(i.CANRetrySet) refers to can.o(i.CANRegRead) for CANRegRead
    can.o(i.CANStatusGet) refers to can.o(i.CANRegRead) for CANRegRead
    gpio.o(i.GPIOPinTypeADC) refers to gpio.o(i.GPIODirModeSet) for GPIODirModeSet
    gpio.o(i.GPIOPinTypeADC) refers to gpio.o(i.GPIOPadConfigSet) for GPIOPadConfigSet
    gpio.o(i.GPIOPinTypeCAN) refers to gpio.o(i.GPIODirModeSet) for GPIODirModeSet
    gpio.o(i.GPIOPinTypeCAN) refers to gpio.o(i.GPIOPadConfigSet) for GPIOPadConfigSet
    gpio.o(i.GPIOPinTypeComparator) refers to gpio.o(i.GPIODirModeSet) for GPIODirModeSet
    gpio.o(i.GPIOPinTypeComparator) refers to gpio.o(i.GPIOPadConfigSet) for GPIOPadConfigSet
    gpio.o(i.GPIOPinTypeGPIOInput) refers to gpio.o(i.GPIODirModeSet) for GPIODirModeSet
    gpio.o(i.GPIOPinTypeGPIOInput) refers to gpio.o(i.GPIOPadConfigSet) for GPIOPadConfigSet
    gpio.o(i.GPIOPinTypeGPIOOutput) refers to gpio.o(i.GPIODirModeSet) for GPIODirModeSet
    gpio.o(i.GPIOPinTypeGPIOOutput) refers to gpio.o(i.GPIOPadConfigSet) for GPIOPadConfigSet
    gpio.o(i.GPIOPinTypeGPIOOutputOD) refers to gpio.o(i.GPIODirModeSet) for GPIODirModeSet
    gpio.o(i.GPIOPinTypeGPIOOutputOD) refers to gpio.o(i.GPIOPadConfigSet) for GPIOPadConfigSet
    gpio.o(i.GPIOPinTypeI2C) refers to gpio.o(i.GPIODirModeSet) for GPIODirModeSet
    gpio.o(i.GPIOPinTypeI2C) refers to gpio.o(i.GPIOPadConfigSet) for GPIOPadConfigSet
    gpio.o(i.GPIOPinTypePWM) refers to gpio.o(i.GPIODirModeSet) for GPIODirModeSet
    gpio.o(i.GPIOPinTypePWM) refers to gpio.o(i.GPIOPadConfigSet) for GPIOPadConfigSet
    gpio.o(i.GPIOPinTypeQEI) refers to gpio.o(i.GPIODirModeSet) for GPIODirModeSet
    gpio.o(i.GPIOPinTypeQEI) refers to gpio.o(i.GPIOPadConfigSet) for GPIOPadConfigSet
    gpio.o(i.GPIOPinTypeSSI) refers to gpio.o(i.GPIODirModeSet) for GPIODirModeSet
    gpio.o(i.GPIOPinTypeSSI) refers to gpio.o(i.GPIOPadConfigSet) for GPIOPadConfigSet
    gpio.o(i.GPIOPinTypeTimer) refers to gpio.o(i.GPIODirModeSet) for GPIODirModeSet
    gpio.o(i.GPIOPinTypeTimer) refers to gpio.o(i.GPIOPadConfigSet) for GPIOPadConfigSet
    gpio.o(i.GPIOPinTypeUART) refers to gpio.o(i.GPIODirModeSet) for GPIODirModeSet
    gpio.o(i.GPIOPinTypeUART) refers to gpio.o(i.GPIOPadConfigSet) for GPIOPadConfigSet
    gpio.o(i.GPIOPinTypeUSBDigital) refers to gpio.o(i.GPIODirModeSet) for GPIODirModeSet
    gpio.o(i.GPIOPinTypeUSBDigital) refers to gpio.o(i.GPIOPadConfigSet) for GPIOPadConfigSet
    gpio.o(i.GPIOPortIntRegister) refers to gpio.o(i.GPIOGetIntNumber) for GPIOGetIntNumber
    gpio.o(i.GPIOPortIntRegister) refers to interrupt.o(i.IntRegister) for IntRegister
    gpio.o(i.GPIOPortIntRegister) refers to interrupt.o(i.IntEnable) for IntEnable
    gpio.o(i.GPIOPortIntUnregister) refers to gpio.o(i.GPIOGetIntNumber) for GPIOGetIntNumber
    gpio.o(i.GPIOPortIntUnregister) refers to interrupt.o(i.IntDisable) for IntDisable
    gpio.o(i.GPIOPortIntUnregister) refers to interrupt.o(i.IntUnregister) for IntUnregister
    interrupt.o(i.IntMasterDisable) refers to cpu.o(.emb_text) for CPUcpsid
    interrupt.o(i.IntMasterEnable) refers to cpu.o(.emb_text) for CPUcpsie
    interrupt.o(i.IntPriorityGet) refers to interrupt.o(.constdata) for .constdata
    interrupt.o(i.IntPriorityGroupingGet) refers to interrupt.o(.constdata) for .constdata
    interrupt.o(i.IntPriorityGroupingSet) refers to interrupt.o(.constdata) for .constdata
    interrupt.o(i.IntPrioritySet) refers to interrupt.o(.constdata) for .constdata
    interrupt.o(i.IntRegister) refers to interrupt.o(vtable) for vtable
    interrupt.o(i.IntUnregister) refers to interrupt.o(i.IntDefaultHandler) for IntDefaultHandler
    interrupt.o(i.IntUnregister) refers to interrupt.o(vtable) for vtable
    sysctl.o(i.SysCtlClockGet) refers to sysctl.o(.constdata) for .constdata
    sysctl.o(i.SysCtlClockSet) refers to sysctl.o(.emb_text) for SysCtlDelay
    sysctl.o(i.SysCtlDeepSleep) refers to cpu.o(.emb_text) for CPUwfi
    sysctl.o(i.SysCtlIntRegister) refers to interrupt.o(i.IntRegister) for IntRegister
    sysctl.o(i.SysCtlIntRegister) refers to interrupt.o(i.IntEnable) for IntEnable
    sysctl.o(i.SysCtlIntUnregister) refers to interrupt.o(i.IntDisable) for IntDisable
    sysctl.o(i.SysCtlIntUnregister) refers to interrupt.o(i.IntUnregister) for IntUnregister
    sysctl.o(i.SysCtlPeripheralDeepSleepDisable) refers to sysctl.o(.constdata) for .constdata
    sysctl.o(i.SysCtlPeripheralDeepSleepEnable) refers to sysctl.o(.constdata) for .constdata
    sysctl.o(i.SysCtlPeripheralDisable) refers to sysctl.o(.constdata) for .constdata
    sysctl.o(i.SysCtlPeripheralEnable) refers to sysctl.o(.constdata) for .constdata
    sysctl.o(i.SysCtlPeripheralPresent) refers to sysctl.o(.constdata) for .constdata
    sysctl.o(i.SysCtlPeripheralReset) refers to sysctl.o(.constdata) for .constdata
    sysctl.o(i.SysCtlPeripheralSleepDisable) refers to sysctl.o(.constdata) for .constdata
    sysctl.o(i.SysCtlPeripheralSleepEnable) refers to sysctl.o(.constdata) for .constdata
    sysctl.o(i.SysCtlSleep) refers to cpu.o(.emb_text) for CPUwfi
    systick.o(i.SysTickIntRegister) refers to interrupt.o(i.IntRegister) for IntRegister
    systick.o(i.SysTickIntUnregister) refers to interrupt.o(i.IntUnregister) for IntUnregister
    uart.o(i.UARTIntRegister) refers to interrupt.o(i.IntRegister) for IntRegister
    uart.o(i.UARTIntRegister) refers to interrupt.o(i.IntEnable) for IntEnable
    uart.o(i.UARTIntUnregister) refers to interrupt.o(i.IntDisable) for IntDisable
    uart.o(i.UARTIntUnregister) refers to interrupt.o(i.IntUnregister) for IntUnregister
    entry.o(.ARM.Collect$$$$00000000) refers (Special) to entry6.o(.ARM.Collect$$$$00000006) for _main_init
    entry.o(.ARM.Collect$$$$00000000) refers (Special) to entry2.o(.ARM.Collect$$$$00000001) for _main_stk
    entry.o(.ARM.Collect$$$$00000000) refers to init.o(.text) for __scatterload
    entry2.o(.ARM.Collect$$$$00000001) refers to entry2.o(.ARM.Collect$$$$00002712) for __lit__00000000
    entry2.o(.ARM.Collect$$$$00002712) refers to startup_rvmdk.o(STACK) for __initial_sp
    entry2.o(__vectab_stack_and_reset_area) refers to startup_rvmdk.o(STACK) for __initial_sp
    entry2.o(__vectab_stack_and_reset_area) refers to entry.o(.ARM.Collect$$$$00000000) for __main
    entry6.o(.ARM.Collect$$$$00000006) refers to can_device_qs.o(.text) for main
    init.o(.text) refers to entry.o(.ARM.Collect$$$$00000000) for __main_after_scatterload


==============================================================================

Removing Unused input sections from the image.

    Removing startup_rvmdk.o(HEAP), (0 bytes).
    Removing startup_rvmdk.o(.text), (0 bytes).
    Removing can.o(i.CANBitTimingGet), (62 bytes).
    Removing can.o(i.CANDisable), (24 bytes).
    Removing can.o(i.CANErrCntrGet), (32 bytes).
    Removing can.o(i.CANIntDisable), (24 bytes).
    Removing can.o(i.CANIntRegister), (54 bytes).
    Removing can.o(i.CANIntUnregister), (54 bytes).
    Removing can.o(i.CANMessageClear), (70 bytes).
    Removing can.o(i.CANRetryGet), (18 bytes).
    Removing can.o(i.CANRetrySet), (34 bytes).
    Removing gpio.o(i.GPIODirModeGet), (34 bytes).
    Removing gpio.o(i.GPIOGetIntNumber), (164 bytes).
    Removing gpio.o(i.GPIOIntTypeGet), (48 bytes).
    Removing gpio.o(i.GPIOIntTypeSet), (58 bytes).
    Removing gpio.o(i.GPIOPadConfigGet), (140 bytes).
    Removing gpio.o(i.GPIOPinIntClear), (6 bytes).
    Removing gpio.o(i.GPIOPinIntDisable), (14 bytes).
    Removing gpio.o(i.GPIOPinIntEnable), (12 bytes).
    Removing gpio.o(i.GPIOPinIntStatus), (14 bytes).
    Removing gpio.o(i.GPIOPinTypeADC), (28 bytes).
    Removing gpio.o(i.GPIOPinTypeComparator), (28 bytes).
    Removing gpio.o(i.GPIOPinTypeGPIOInput), (28 bytes).
    Removing gpio.o(i.GPIOPinTypeGPIOOutputOD), (28 bytes).
    Removing gpio.o(i.GPIOPinTypeI2C), (28 bytes).
    Removing gpio.o(i.GPIOPinTypePWM), (28 bytes).
    Removing gpio.o(i.GPIOPinTypeQEI), (28 bytes).
    Removing gpio.o(i.GPIOPinTypeSSI), (28 bytes).
    Removing gpio.o(i.GPIOPinTypeTimer), (28 bytes).
    Removing gpio.o(i.GPIOPinTypeUSBDigital), (28 bytes).
    Removing gpio.o(i.GPIOPortIntRegister), (26 bytes).
    Removing gpio.o(i.GPIOPortIntUnregister), (22 bytes).
    Removing interrupt.o(i.IntDefaultHandler), (2 bytes).
    Removing interrupt.o(i.IntMasterDisable), (10 bytes).
    Removing interrupt.o(i.IntPriorityGet), (28 bytes).
    Removing interrupt.o(i.IntPriorityGroupingGet), (36 bytes).
    Removing interrupt.o(i.IntPriorityGroupingSet), (28 bytes).
    Removing interrupt.o(i.IntPrioritySet), (40 bytes).
    Removing interrupt.o(i.IntRegister), (56 bytes).
    Removing interrupt.o(i.IntUnregister), (20 bytes).
    Removing interrupt.o(.constdata), (96 bytes).
    Removing interrupt.o(vtable), (256 bytes).
    Removing sysctl.o(i.SysCtlADCSpeedGet), (16 bytes).
    Removing sysctl.o(i.SysCtlADCSpeedSet), (40 bytes).
    Removing sysctl.o(i.SysCtlBrownOutConfigSet), (16 bytes).
    Removing sysctl.o(i.SysCtlClkVerificationClear), (16 bytes).
    Removing sysctl.o(i.SysCtlDeepSleep), (32 bytes).
    Removing sysctl.o(i.SysCtlFlashSizeGet), (20 bytes).
    Removing sysctl.o(i.SysCtlGPIOAHBDisable), (20 bytes).
    Removing sysctl.o(i.SysCtlGPIOAHBEnable), (16 bytes).
    Removing sysctl.o(i.SysCtlIOSCVerificationSet), (24 bytes).
    Removing sysctl.o(i.SysCtlIntClear), (12 bytes).
    Removing sysctl.o(i.SysCtlIntDisable), (16 bytes).
    Removing sysctl.o(i.SysCtlIntEnable), (16 bytes).
    Removing sysctl.o(i.SysCtlIntRegister), (20 bytes).
    Removing sysctl.o(i.SysCtlIntStatus), (16 bytes).
    Removing sysctl.o(i.SysCtlIntUnregister), (18 bytes).
    Removing sysctl.o(i.SysCtlLDOConfigSet), (12 bytes).
    Removing sysctl.o(i.SysCtlLDOGet), (12 bytes).
    Removing sysctl.o(i.SysCtlLDOSet), (12 bytes).
    Removing sysctl.o(i.SysCtlMOSCVerificationSet), (24 bytes).
    Removing sysctl.o(i.SysCtlPLLVerificationSet), (24 bytes).
    Removing sysctl.o(i.SysCtlPWMClockGet), (24 bytes).
    Removing sysctl.o(i.SysCtlPWMClockSet), (20 bytes).
    Removing sysctl.o(i.SysCtlPeripheralClockGating), (24 bytes).
    Removing sysctl.o(i.SysCtlPeripheralDeepSleepDisable), (32 bytes).
    Removing sysctl.o(i.SysCtlPeripheralDeepSleepEnable), (32 bytes).
    Removing sysctl.o(i.SysCtlPeripheralDisable), (32 bytes).
    Removing sysctl.o(i.SysCtlPeripheralPresent), (32 bytes).
    Removing sysctl.o(i.SysCtlPeripheralReset), (56 bytes).
    Removing sysctl.o(i.SysCtlPeripheralSleepDisable), (32 bytes).
    Removing sysctl.o(i.SysCtlPeripheralSleepEnable), (32 bytes).
    Removing sysctl.o(i.SysCtlPinPresent), (16 bytes).
    Removing sysctl.o(i.SysCtlReset), (16 bytes).
    Removing sysctl.o(i.SysCtlResetCauseClear), (16 bytes).
    Removing sysctl.o(i.SysCtlResetCauseGet), (12 bytes).
    Removing sysctl.o(i.SysCtlSRAMSizeGet), (20 bytes).
    Removing sysctl.o(i.SysCtlSleep), (4 bytes).
    Removing sysctl.o(i.SysCtlUSBPLLDisable), (16 bytes).
    Removing sysctl.o(i.SysCtlUSBPLLEnable), (16 bytes).
    Removing systick.o(i.SysTickDisable), (14 bytes).
    Removing systick.o(i.SysTickIntDisable), (14 bytes).
    Removing systick.o(i.SysTickIntRegister), (24 bytes).
    Removing systick.o(i.SysTickIntUnregister), (18 bytes).
    Removing systick.o(i.SysTickPeriodGet), (10 bytes).
    Removing systick.o(i.SysTickValueGet), (8 bytes).
    Removing uart.o(i.UARTBreakCtl), (18 bytes).
    Removing uart.o(i.UARTBusy), (8 bytes).
    Removing uart.o(i.UARTCharGet), (12 bytes).
    Removing uart.o(i.UARTCharGetNonBlocking), (16 bytes).
    Removing uart.o(i.UARTCharPutNonBlocking), (18 bytes).
    Removing uart.o(i.UARTCharsAvail), (10 bytes).
    Removing uart.o(i.UARTConfigGetExpClk), (32 bytes).
    Removing uart.o(i.UARTDMADisable), (10 bytes).
    Removing uart.o(i.UARTDMAEnable), (8 bytes).
    Removing uart.o(i.UARTDisable), (30 bytes).
    Removing uart.o(i.UARTDisableSIR), (10 bytes).
    Removing uart.o(i.UARTEnable), (20 bytes).
    Removing uart.o(i.UARTEnableSIR), (18 bytes).
    Removing uart.o(i.UARTFIFOEnable), (10 bytes).
    Removing uart.o(i.UARTFIFOLevelGet), (16 bytes).
    Removing uart.o(i.UARTFIFOLevelSet), (6 bytes).
    Removing uart.o(i.UARTIntClear), (4 bytes).
    Removing uart.o(i.UARTIntDisable), (10 bytes).
    Removing uart.o(i.UARTIntEnable), (8 bytes).
    Removing uart.o(i.UARTIntRegister), (46 bytes).
    Removing uart.o(i.UARTIntStatus), (10 bytes).
    Removing uart.o(i.UARTIntUnregister), (46 bytes).
    Removing uart.o(i.UARTParityModeGet), (8 bytes).
    Removing uart.o(i.UARTParityModeSet), (12 bytes).
    Removing uart.o(i.UARTRxErrorClear), (6 bytes).
    Removing uart.o(i.UARTRxErrorGet), (8 bytes).
    Removing uart.o(i.UARTSpaceAvail), (10 bytes).

113 unused section(s) (total 3074 bytes) removed from the image.

==============================================================================

Image Symbol Table

    Local Symbols

    Symbol Name                              Value     Ov Type        Size  Object(Section)

    RESET                                    0x00000000   Section      252  startup_rvmdk.o(RESET)
    ../../../cmprslib/zerorunl2.c            0x00000000   Number         0  __dczerorl2.o ABSOLUTE
    ../../microlib/init/entry.s              0x00000000   Number         0  entry6.o ABSOLUTE
    ../../microlib/init/entry.s              0x00000000   Number         0  entry2.o ABSOLUTE
    ../../microlib/init/entry.s              0x00000000   Number         0  entry.o ABSOLUTE
    19264LCDdriver.c                         0x00000000   Number         0  19264lcddriver.o ABSOLUTE
    can.c                                    0x00000000   Number         0  can.o ABSOLUTE
    can_device_qs.c                          0x00000000   Number         0  can_device_qs.o ABSOLUTE
    cpu.c                                    0x00000000   Number         0  cpu.o ABSOLUTE
    cpu.c                                    0x00000000   Number         0  cpu.o ABSOLUTE
    dc.s                                     0x00000000   Number         0  dc.o ABSOLUTE
    gpio.c                                   0x00000000   Number         0  gpio.o ABSOLUTE
    handlers.s                               0x00000000   Number         0  handlers.o ABSOLUTE
    init.s                                   0x00000000   Number         0  init.o ABSOLUTE
    interrupt.c                              0x00000000   Number         0  interrupt.o ABSOLUTE
    startup_rvmdk.S                          0x00000000   Number         0  startup_rvmdk.o ABSOLUTE
    sysctl.c                                 0x00000000   Number         0  sysctl.o ABSOLUTE
    sysctl.c                                 0x00000000   Number         0  sysctl.o ABSOLUTE
    systick.c                                0x00000000   Number         0  systick.o ABSOLUTE
    uart.c                                   0x00000000   Number         0  uart.o ABSOLUTE
    NmiSR                                    0x000000f5   Thumb Code     0  startup_rvmdk.o(RESET)
    FaultISR                                 0x000000f7   Thumb Code     0  startup_rvmdk.o(RESET)
    IntDefaultHandler                        0x000000f9   Thumb Code     0  startup_rvmdk.o(RESET)
    .ARM.Collect$$$$00000000                 0x000000fc   Section        4  entry.o(.ARM.Collect$$$$00000000)
    .ARM.Collect$$$$00000001                 0x00000100   Section        4  entry2.o(.ARM.Collect$$$$00000001)
    .ARM.Collect$$$$00000006                 0x00000104   Section        8  entry6.o(.ARM.Collect$$$$00000006)
    .ARM.Collect$$$$00002712                 0x0000010c   Section        4  entry2.o(.ARM.Collect$$$$00002712)
    __lit__00000000                          0x0000010c   Data           4  entry2.o(.ARM.Collect$$$$00002712)
    .emb_text                                0x00000110   Section        6  sysctl.o(.emb_text)
    .emb_text                                0x00000118   Section       20  cpu.o(.emb_text)
    .text                                    0x0000012c   Section     1420  can_device_qs.o(.text)
    .text                                    0x000006b8   Section     1988  19264lcddriver.o(.text)
    .text                                    0x00000e7c   Section       36  init.o(.text)
    .text                                    0x00000ea0   Section       88  __dczerorl2.o(.text)
    i.CANBitTimingSet                        0x00000ef8   Section      126  can.o(i.CANBitTimingSet)
    i.CANEnable                              0x00000f76   Section       24  can.o(i.CANEnable)
    i.CANInit                                0x00000f8e   Section      150  can.o(i.CANInit)
    i.CANIntClear                            0x00001024   Section       78  can.o(i.CANIntClear)
    i.CANIntEnable                           0x00001072   Section       24  can.o(i.CANIntEnable)
    i.CANIntStatus                           0x0000108a   Section       52  can.o(i.CANIntStatus)
    i.CANMessageGet                          0x000010be   Section      440  can.o(i.CANMessageGet)
    i.CANMessageSet                          0x00001276   Section      496  can.o(i.CANMessageSet)
    i.CANRegRead                             0x00001468   Section      100  can.o(i.CANRegRead)
    CANRegRead                               0x00001469   Thumb Code    96  can.o(i.CANRegRead)
    i.CANStatusGet                           0x000014cc   Section      116  can.o(i.CANStatusGet)
    i.GPIODirModeSet                         0x00001540   Section       40  gpio.o(i.GPIODirModeSet)
    i.GPIOPadConfigSet                       0x00001568   Section      176  gpio.o(i.GPIOPadConfigSet)
    i.GPIOPinRead                            0x00001618   Section        6  gpio.o(i.GPIOPinRead)
    i.GPIOPinTypeCAN                         0x0000161e   Section       28  gpio.o(i.GPIOPinTypeCAN)
    i.GPIOPinTypeGPIOOutput                  0x0000163a   Section       28  gpio.o(i.GPIOPinTypeGPIOOutput)
    i.GPIOPinTypeUART                        0x00001656   Section       28  gpio.o(i.GPIOPinTypeUART)
    i.GPIOPinWrite                           0x00001672   Section        6  gpio.o(i.GPIOPinWrite)
    i.IntDisable                             0x00001678   Section      104  interrupt.o(i.IntDisable)
    i.IntEnable                              0x000016e0   Section      104  interrupt.o(i.IntEnable)
    i.IntMasterEnable                        0x00001748   Section       10  interrupt.o(i.IntMasterEnable)
    i.SysCtlClockGet                         0x00001754   Section      324  sysctl.o(i.SysCtlClockGet)
    i.SysCtlClockSet                         0x00001898   Section      312  sysctl.o(i.SysCtlClockSet)
    i.SysCtlPeripheralEnable                 0x000019d0   Section       32  sysctl.o(i.SysCtlPeripheralEnable)
    i.SysTickEnable                          0x000019f0   Section       14  systick.o(i.SysTickEnable)
    i.SysTickIntEnable                       0x000019fe   Section       14  systick.o(i.SysTickIntEnable)
    i.SysTickPeriodSet                       0x00001a0c   Section       10  systick.o(i.SysTickPeriodSet)
    i.UARTCharPut                            0x00001a16   Section       12  uart.o(i.UARTCharPut)
    i.UARTConfigSetExpClk                    0x00001a22   Section       84  uart.o(i.UARTConfigSetExpClk)
    i.UARTFIFODisable                        0x00001a76   Section       10  uart.o(i.UARTFIFODisable)
    i.__scatterload_copy                     0x00001a80   Section       14  handlers.o(i.__scatterload_copy)
    i.__scatterload_null                     0x00001a8e   Section        2  handlers.o(i.__scatterload_null)
    i.__scatterload_zeroinit                 0x00001a90   Section       14  handlers.o(i.__scatterload_zeroinit)
    .constdata                               0x00001a9e   Section       16  can_device_qs.o(.constdata)
    .constdata                               0x00001ab0   Section      156  sysctl.o(.constdata)
    g_pulDCRegs                              0x00001ab0   Data          16  sysctl.o(.constdata)
    g_pulSRCRRegs                            0x00001ac0   Data          12  sysctl.o(.constdata)
    g_pulRCGCRegs                            0x00001acc   Data          12  sysctl.o(.constdata)
    g_pulSCGCRegs                            0x00001ad8   Data          12  sysctl.o(.constdata)
    g_pulDCGCRegs                            0x00001ae4   Data          12  sysctl.o(.constdata)
    g_pulXtals                               0x00001af0   Data          92  sysctl.o(.constdata)
    .data                                    0x20000000   Section       88  can_device_qs.o(.data)
    g_lFlashCounter                          0x20000008   Data           4  can_device_qs.o(.data)
    g_ulFlags                                0x2000000c   Data           4  can_device_qs.o(.data)
    ulLastStatus                             0x20000010   Data           4  can_device_qs.o(.data)
    g_ulDebounceCounter                      0x20000014   Data           4  can_device_qs.o(.data)
    .data                                    0x20000058   Section      215  19264lcddriver.o(.data)
    uctech2                                  0x20000058   Data           8  19264lcddriver.o(.data)
    uctech                                   0x20000060   Data          25  19264lcddriver.o(.data)
    uctech3                                  0x20000079   Data          25  19264lcddriver.o(.data)
    uctech4                                  0x20000092   Data          23  19264lcddriver.o(.data)
    uctech5                                  0x200000a9   Data          25  19264lcddriver.o(.data)
    uctech6                                  0x200000c2   Data          25  19264lcddriver.o(.data)
    uctech7                                  0x200000db   Data          25  19264lcddriver.o(.data)
    uctech8                                  0x200000f4   Data          25  19264lcddriver.o(.data)
    uctech9                                  0x2000010d   Data          25  19264lcddriver.o(.data)
    uctech1                                  0x20000126   Data           9  19264lcddriver.o(.data)
    .bss                                     0x20000130   Section      100  can_device_qs.o(.bss)
    STACK                                    0x20000198   Section      256  startup_rvmdk.o(STACK)
    StackMem                                 0x20000198   Data           0  startup_rvmdk.o(STACK)

    Global Symbols

    Symbol Name                              Value     Ov Type        Size  Object(Section)

    BuildAttributes$$THM_ISAv4$P$D$K$B$S$PE$A:L22UL41UL21$X:L11$S22US41US21$IEEE1$IW$USESV6$~STKCKD$USESV7$~SHL$OTIME$EBA8$MICROLIB$REQ8$PRES8$EABIv2 0x00000000   Number         0  anon$$obj.o ABSOLUTE
    __ARM_use_no_argv                        0x00000000   Number         0  can_device_qs.o ABSOLUTE
    __Vectors                                0x00000000   Data           0  startup_rvmdk.o(RESET)
    Reset_Handler                            0x000000f1   Thumb Code     0  startup_rvmdk.o(RESET)
    __main                                   0x000000fd   Thumb Code     0  entry.o(.ARM.Collect$$$$00000000)
    __main_after_scatterload                 0x00000101   Thumb Code     0  entry.o(.ARM.Collect$$$$00000000)
    _main_stk                                0x00000101   Thumb Code     0  entry2.o(.ARM.Collect$$$$00000001)
    _main_init                               0x00000105   Thumb Code     0  entry6.o(.ARM.Collect$$$$00000006)
    SysCtlDelay                              0x00000111   Thumb Code     6  sysctl.o(.emb_text)
    CPUcpsid                                 0x00000119   Thumb Code     8  cpu.o(.emb_text)
    CPUcpsie                                 0x00000121   Thumb Code     8  cpu.o(.emb_text)
    CPUwfi                                   0x00000129   Thumb Code     4  cpu.o(.emb_text)
    to_hex                                   0x0000012d   Thumb Code    56  can_device_qs.o(.text)
    SysTickIntHandler                        0x00000165   Thumb Code   120  can_device_qs.o(.text)
    UARTSend                                 0x000001dd   Thumb Code    30  can_device_qs.o(.text)
    CANHandler                               0x000001fb   Thumb Code   120  can_device_qs.o(.text)
    CANConfigureNetwork                      0x00000273   Thumb Code   122  can_device_qs.o(.text)
    SendButtonMsg                            0x000002ed   Thumb Code    30  can_device_qs.o(.text)
    ProcessInterrupts                        0x0000030b   Thumb Code   168  can_device_qs.o(.text)
    ProcessCmd                               0x000003b3   Thumb Code   318  can_device_qs.o(.text)
    main                                     0x000004f1   Thumb Code   378  can_device_qs.o(.text)
    Syswait_ms                               0x000006b9   Thumb Code    26  19264lcddriver.o(.text)
    Syswait_us                               0x000006d3   Thumb Code    24  19264lcddriver.o(.text)
    E2                                       0x000006eb   Thumb Code    10  19264lcddriver.o(.text)
    E1                                       0x000006f5   Thumb Code    10  19264lcddriver.o(.text)
    RW                                       0x000006ff   Thumb Code    10  19264lcddriver.o(.text)
    RS                                       0x00000709   Thumb Code    10  19264lcddriver.o(.text)
    REST                                     0x00000713   Thumb Code    10  19264lcddriver.o(.text)
    SendByteLCDH                             0x0000071d   Thumb Code    82  19264lcddriver.o(.text)
    SPIWH                                    0x0000076f   Thumb Code    36  19264lcddriver.o(.text)
    WRCommandH                               0x00000793   Thumb Code    72  19264lcddriver.o(.text)
    WRDataH                                  0x000007db   Thumb Code    52  19264lcddriver.o(.text)
    SendByteLCDL                             0x0000080f   Thumb Code    82  19264lcddriver.o(.text)
    SPIWL                                    0x00000861   Thumb Code    36  19264lcddriver.o(.text)
    WRCommandL                               0x00000885   Thumb Code    72  19264lcddriver.o(.text)
    WRDataL                                  0x000008cd   Thumb Code    52  19264lcddriver.o(.text)
    LCDInit                                  0x00000901   Thumb Code   124  19264lcddriver.o(.text)
    ShowQQCharH                              0x0000097d   Thumb Code    46  19264lcddriver.o(.text)
    ShowQQCharL                              0x000009ab   Thumb Code    46  19264lcddriver.o(.text)
    ShowNUMCharH                             0x000009d9   Thumb Code    60  19264lcddriver.o(.text)
    ShowNUMCharL                             0x00000a15   Thumb Code    60  19264lcddriver.o(.text)
    WRCGRAMH                                 0x00000a51   Thumb Code    66  19264lcddriver.o(.text)
    WRCGRAML                                 0x00000a93   Thumb Code    78  19264lcddriver.o(.text)
    ShowCGCharH                              0x00000ae1   Thumb Code    38  19264lcddriver.o(.text)
    ShowCGCharL                              0x00000b07   Thumb Code    38  19264lcddriver.o(.text)
    CLEARGDRAMH                              0x00000b2d   Thumb Code    66  19264lcddriver.o(.text)
    CLEARGDRAML                              0x00000b6f   Thumb Code    66  19264lcddriver.o(.text)
    WRGDRAM1                                 0x00000bb1   Thumb Code   286  19264lcddriver.o(.text)
    displayTEST                              0x00000ccf   Thumb Code   172  19264lcddriver.o(.text)
    displayCHINSE                            0x00000d7b   Thumb Code    44  19264lcddriver.o(.text)
    displayCHINSE1                           0x00000da7   Thumb Code    24  19264lcddriver.o(.text)
    displayCHINSE2                           0x00000dbf   Thumb Code    44  19264lcddriver.o(.text)
    displayEngine                            0x00000deb   Thumb Code    44  19264lcddriver.o(.text)
    __scatterload                            0x00000e7d   Thumb Code    28  init.o(.text)
    __scatterload_rt2                        0x00000e7d   Thumb Code     0  init.o(.text)
    __decompress                             0x00000ea1   Thumb Code     0  __dczerorl2.o(.text)
    __decompress1                            0x00000ea1   Thumb Code    88  __dczerorl2.o(.text)
    CANBitTimingSet                          0x00000ef9   Thumb Code   126  can.o(i.CANBitTimingSet)
    CANEnable                                0x00000f77   Thumb Code    24  can.o(i.CANEnable)
    CANInit                                  0x00000f8f   Thumb Code   150  can.o(i.CANInit)
    CANIntClear                              0x00001025   Thumb Code    78  can.o(i.CANIntClear)
    CANIntEnable                             0x00001073   Thumb Code    24  can.o(i.CANIntEnable)
    CANIntStatus                             0x0000108b   Thumb Code    52  can.o(i.CANIntStatus)
    CANMessageGet                            0x000010bf   Thumb Code   440  can.o(i.CANMessageGet)
    CANMessageSet                            0x00001277   Thumb Code   496  can.o(i.CANMessageSet)
    CANStatusGet                             0x000014cd   Thumb Code   116  can.o(i.CANStatusGet)
    GPIODirModeSet                           0x00001541   Thumb Code    40  gpio.o(i.GPIODirModeSet)
    GPIOPadConfigSet                         0x00001569   Thumb Code   176  gpio.o(i.GPIOPadConfigSet)
    GPIOPinRead                              0x00001619   Thumb Code     6  gpio.o(i.GPIOPinRead)
    GPIOPinTypeCAN                           0x0000161f   Thumb Code    28  gpio.o(i.GPIOPinTypeCAN)
    GPIOPinTypeGPIOOutput                    0x0000163b   Thumb Code    28  gpio.o(i.GPIOPinTypeGPIOOutput)
    GPIOPinTypeUART                          0x00001657   Thumb Code    28  gpio.o(i.GPIOPinTypeUART)
    GPIOPinWrite                             0x00001673   Thumb Code     6  gpio.o(i.GPIOPinWrite)
    IntDisable                               0x00001679   Thumb Code   104  interrupt.o(i.IntDisable)
    IntEnable                                0x000016e1   Thumb Code   104  interrupt.o(i.IntEnable)
    IntMasterEnable                          0x00001749   Thumb Code    10  interrupt.o(i.IntMasterEnable)
    SysCtlClockGet                           0x00001755   Thumb Code   294  sysctl.o(i.SysCtlClockGet)
    SysCtlClockSet                           0x00001899   Thumb Code   290  sysctl.o(i.SysCtlClockSet)
    SysCtlPeripheralEnable                   0x000019d1   Thumb Code    26  sysctl.o(i.SysCtlPeripheralEnable)
    SysTickEnable                            0x000019f1   Thumb Code    14  systick.o(i.SysTickEnable)
    SysTickIntEnable                         0x000019ff   Thumb Code    14  systick.o(i.SysTickIntEnable)
    SysTickPeriodSet                         0x00001a0d   Thumb Code    10  systick.o(i.SysTickPeriodSet)
    UARTCharPut                              0x00001a17   Thumb Code    12  uart.o(i.UARTCharPut)
    UARTConfigSetExpClk                      0x00001a23   Thumb Code    84  uart.o(i.UARTConfigSetExpClk)
    UARTFIFODisable                          0x00001a77   Thumb Code    10  uart.o(i.UARTFIFODisable)
    __scatterload_copy                       0x00001a81   Thumb Code    14  handlers.o(i.__scatterload_copy)
    __scatterload_null                       0x00001a8f   Thumb Code     2  handlers.o(i.__scatterload_null)
    __scatterload_zeroinit                   0x00001a91   Thumb Code    14  handlers.o(i.__scatterload_zeroinit)
    hex_table                                0x00001a9e   Data          16  can_device_qs.o(.constdata)
    Region$$Table$$Base                      0x00001b4c   Number         0  anon$$obj.o(Region$$Table)
    Region$$Table$$Limit                     0x00001b6c   Number         0  anon$$obj.o(Region$$Table)
    g_ucButtonFlags                          0x20000000   Data           1  can_device_qs.o(.data)
    g_ucLEDLevel                             0x20000001   Data           1  can_device_qs.o(.data)
    g_ucButtonStatus                         0x20000002   Data           1  can_device_qs.o(.data)
    g_pucButtonMsg                           0x20000003   Data           2  can_device_qs.o(.data)
    CANBitClkSettings                        0x20000018   Data          64  can_device_qs.o(.data)
    g_MsgObjectRx                            0x20000130   Data          20  can_device_qs.o(.bss)
    CanRx                                    0x20000144   Data          20  can_device_qs.o(.bss)
    g_MsgObjectTx                            0x20000158   Data          20  can_device_qs.o(.bss)
    g_MsgObjectLED                           0x2000016c   Data          20  can_device_qs.o(.bss)
    g_MsgObjectButton                        0x20000180   Data          20  can_device_qs.o(.bss)
    __initial_sp                             0x20000298   Data           0  startup_rvmdk.o(STACK)



==============================================================================

Memory Map of the image

  Image Entry point : 0x000000f1

  Load Region LR_1 (Base: 0x00000000, Size: 0x00001c9c, Max: 0xffffffff, ABSOLUTE, COMPRESSED[0x00001c38])

    Execution Region ER_RO (Base: 0x00000000, Size: 0x00001b6c, Max: 0xffffffff, ABSOLUTE)

    Base Addr    Size         Type   Attr      Idx    E Section Name        Object

    0x00000000   0x000000fc   Code   RO           65  * RESET               startup_rvmdk.o
    0x000000fc   0x00000004   Code   RO         1017  * .ARM.Collect$$$$00000000  entry.o(mc_w.l)
    0x00000100   0x00000004   Code   RO         1020    .ARM.Collect$$$$00000001  entry2.o(mc_w.l)
    0x00000104   0x00000008   Code   RO         1023    .ARM.Collect$$$$00000006  entry6.o(mc_w.l)
    0x0000010c   0x00000004   Code   RO         1021    .ARM.Collect$$$$00002712  entry2.o(mc_w.l)
    0x00000110   0x00000006   Code   RO          492    .emb_text           sysctl.o(driverlib.lib)
    0x00000116   0x00000002   PAD
    0x00000118   0x00000014   Code   RO         1007    .emb_text           cpu.o(driverlib.lib)
    0x0000012c   0x0000058c   Code   RO            1    .text               can_device_qs.o
    0x000006b8   0x000007c4   Code   RO           72    .text               19264lcddriver.o
    0x00000e7c   0x00000024   Code   RO         1024    .text               init.o(mc_w.l)
    0x00000ea0   0x00000058   Code   RO         1034    .text               __dczerorl2.o(mc_w.l)
    0x00000ef8   0x0000007e   Code   RO           91    i.CANBitTimingSet   can.o(driverlib.lib)
    0x00000f76   0x00000018   Code   RO           93    i.CANEnable         can.o(driverlib.lib)
    0x00000f8e   0x00000096   Code   RO           95    i.CANInit           can.o(driverlib.lib)
    0x00001024   0x0000004e   Code   RO           96    i.CANIntClear       can.o(driverlib.lib)
    0x00001072   0x00000018   Code   RO           98    i.CANIntEnable      can.o(driverlib.lib)
    0x0000108a   0x00000034   Code   RO          100    i.CANIntStatus      can.o(driverlib.lib)
    0x000010be   0x000001b8   Code   RO          103    i.CANMessageGet     can.o(driverlib.lib)
    0x00001276   0x000001f0   Code   RO          104    i.CANMessageSet     can.o(driverlib.lib)
    0x00001466   0x00000002   PAD
    0x00001468   0x00000064   Code   RO          105    i.CANRegRead        can.o(driverlib.lib)
    0x000014cc   0x00000074   Code   RO          108    i.CANStatusGet      can.o(driverlib.lib)
    0x00001540   0x00000028   Code   RO          237    i.GPIODirModeSet    gpio.o(driverlib.lib)
    0x00001568   0x000000b0   Code   RO          242    i.GPIOPadConfigSet  gpio.o(driverlib.lib)
    0x00001618   0x00000006   Code   RO          247    i.GPIOPinRead       gpio.o(driverlib.lib)
    0x0000161e   0x0000001c   Code   RO          249    i.GPIOPinTypeCAN    gpio.o(driverlib.lib)
    0x0000163a   0x0000001c   Code   RO          252    i.GPIOPinTypeGPIOOutput  gpio.o(driverlib.lib)
    0x00001656   0x0000001c   Code   RO          259    i.GPIOPinTypeUART   gpio.o(driverlib.lib)
    0x00001672   0x00000006   Code   RO          261    i.GPIOPinWrite      gpio.o(driverlib.lib)
    0x00001678   0x00000068   Code   RO          416    i.IntDisable        interrupt.o(driverlib.lib)
    0x000016e0   0x00000068   Code   RO          417    i.IntEnable         interrupt.o(driverlib.lib)
    0x00001748   0x0000000a   Code   RO          419    i.IntMasterEnable   interrupt.o(driverlib.lib)
    0x00001752   0x00000002   PAD
    0x00001754   0x00000144   Code   RO          497    i.SysCtlClockGet    sysctl.o(driverlib.lib)
    0x00001898   0x00000138   Code   RO          498    i.SysCtlClockSet    sysctl.o(driverlib.lib)
    0x000019d0   0x00000020   Code   RO          521    i.SysCtlPeripheralEnable  sysctl.o(driverlib.lib)
    0x000019f0   0x0000000e   Code   RO          754    i.SysTickEnable     systick.o(driverlib.lib)
    0x000019fe   0x0000000e   Code   RO          756    i.SysTickIntEnable  systick.o(driverlib.lib)
    0x00001a0c   0x0000000a   Code   RO          760    i.SysTickPeriodSet  systick.o(driverlib.lib)
    0x00001a16   0x0000000c   Code   RO          820    i.UARTCharPut       uart.o(driverlib.lib)
    0x00001a22   0x00000054   Code   RO          824    i.UARTConfigSetExpClk  uart.o(driverlib.lib)
    0x00001a76   0x0000000a   Code   RO          831    i.UARTFIFODisable   uart.o(driverlib.lib)
    0x00001a80   0x0000000e   Code   RO         1028    i.__scatterload_copy  handlers.o(mc_w.l)
    0x00001a8e   0x00000002   Code   RO         1029    i.__scatterload_null  handlers.o(mc_w.l)
    0x00001a90   0x0000000e   Code   RO         1030    i.__scatterload_zeroinit  handlers.o(mc_w.l)
    0x00001a9e   0x00000010   Data   RO            3    .constdata          can_device_qs.o
    0x00001aae   0x00000002   PAD
    0x00001ab0   0x0000009c   Data   RO          534    .constdata          sysctl.o(driverlib.lib)
    0x00001b4c   0x00000020   Data   RO         1026    Region$$Table       anon$$obj.o


    Execution Region ER_RW (Base: 0x20000000, Size: 0x00000130, Max: 0xffffffff, ABSOLUTE, COMPRESSED[0x000000cc])

    Base Addr    Size         Type   Attr      Idx    E Section Name        Object

    0x20000000   0x00000058   Data   RW            4    .data               can_device_qs.o
    0x20000058   0x000000d7   Data   RW           73    .data               19264lcddriver.o


    Execution Region ER_ZI (Base: 0x20000130, Size: 0x00000168, Max: 0xffffffff, ABSOLUTE)

    Base Addr    Size         Type   Attr      Idx    E Section Name        Object

    0x20000130   0x00000064   Zero   RW            2    .bss                can_device_qs.o
    0x20000194   0x00000004   PAD
    0x20000198   0x00000100   Zero   RW           63    STACK               startup_rvmdk.o


==============================================================================

Image component sizes


      Code (inc. data)   RO Data    RW Data    ZI Data      Debug   Object Name

      1988        114          0        215          0      10142   19264lcddriver.o
      1420        192         16         88        100       9323   can_device_qs.o
       252        242          0          0        256        236   startup_rvmdk.o

    ----------------------------------------------------------------------
      3660        548         50        304        360      19701   Object Totals
         0          0         32          0          0          0   (incl. Generated)
         0          0          2          1          4          3   (incl. Padding)

    ----------------------------------------------------------------------

      Code (inc. data)   RO Data    RW Data    ZI Data      Debug   Library Member Name

        88          0          0          0          0          0   __dczerorl2.o
      1606         10          0          0          0      13807   can.o
        20          0          0          0          0        264   cpu.o
         4          0          0          0          0          0   entry.o
         8          4          0          0          0          0   entry2.o
         8          4          0          0          0          0   entry6.o
       312          0          0          0          0       4220   gpio.o
        30          0          0          0          0          0   handlers.o
        36          8          0          0          0         68   init.o
       218          0          0          0          0       1531   interrupt.o
       674         58        156          0          0       3447   sysctl.o
        38          0          0          0          0       1130   systick.o
       106          0          0          0          0       2051   uart.o

    ----------------------------------------------------------------------
      3154         84        156          0          0      26518   Library Totals
         6          0          0          0          0          0   (incl. Padding)

    ----------------------------------------------------------------------

      Code (inc. data)   RO Data    RW Data    ZI Data      Debug   Library Name

      2974         68        156          0          0      26450   driverlib.lib
       174         16          0          0          0         68   mc_w.l

    ----------------------------------------------------------------------
      3154         84        156          0          0      26518   Library Totals

    ----------------------------------------------------------------------

==============================================================================


      Code (inc. data)   RO Data    RW Data    ZI Data      Debug   

      6814        632        206        304        360      44772   Grand Totals
      6814        632        206        204        360      44772   ELF Image Totals (compressed)
      6814        632        206        204          0          0   ROM Totals

==============================================================================

    Total RO  Size (Code + RO Data)                 7020 (   6.86kB)
    Total RW  Size (RW Data + ZI Data)               664 (   0.65kB)
    Total ROM Size (Code + RO Data + RW Data)       7224 (   7.05kB)

==============================================================================

