<!doctype html public "-//w3c//dtd html 4.0 transitional//en">
<html><head>
<title>Static Call Graph - [.\rvmdk\qs_ek-lm3s8962.axf]</title></head>
<body><HR>
<H1>Static Call Graph for image .\rvmdk\qs_ek-lm3s8962.axf</H1><HR>
<BR><P>#&#060CALLGRAPH&#062# ARM Linker, RVCT4.0 [Build 484]: Last Updated: Tue Feb 16 18:47:32 2021
<BR><P>
<H3>Maximum Stack Usage =        120 bytes + Unknown(Functions without stacksize, Cycles, Untraceable Function Pointers)</H3><H3>
Call chain for Maximum Stack Depth:</H3>
main &rArr; ProcessInterrupts &rArr; CANMessageSet &rArr; CANRegRead
<P>
<H3>
Functions with no stack information
</H3><UL>
 <LI><a href="#[221538c]">Reset_Handler</a>
 <LI><a href="#[221556c]">NmiSR</a>
 <LI><a href="#[2215530]">FaultISR</a>
 <LI><a href="#[22154f4]">IntDefaultHandler</a>
</UL>
</UL>
<P>
<H3>
Mutually Recursive functions
</H3> <LI><a href="#[22172b8]">UARTCharPut</a>&nbsp;&nbsp;&nbsp;&rArr;&nbsp;&nbsp;&nbsp;<a href="#[22172b8]">UARTCharPut</a><BR>
 <LI><a href="#[2214108]">UARTConfigSetExpClk</a>&nbsp;&nbsp;&nbsp;&rArr;&nbsp;&nbsp;&nbsp;<a href="#[2214108]">UARTConfigSetExpClk</a><BR>
 <LI><a href="#[2217330]">SysCtlDelay</a>&nbsp;&nbsp;&nbsp;&rArr;&nbsp;&nbsp;&nbsp;<a href="#[2217330]">SysCtlDelay</a><BR>
 <LI><a href="#[221556c]">NmiSR</a>&nbsp;&nbsp;&nbsp;&rArr;&nbsp;&nbsp;&nbsp;<a href="#[221556c]">NmiSR</a><BR>
 <LI><a href="#[2215530]">FaultISR</a>&nbsp;&nbsp;&nbsp;&rArr;&nbsp;&nbsp;&nbsp;<a href="#[2215530]">FaultISR</a><BR>
 <LI><a href="#[22154f4]">IntDefaultHandler</a>&nbsp;&nbsp;&nbsp;&rArr;&nbsp;&nbsp;&nbsp;<a href="#[22154f4]">IntDefaultHandler</a><BR>
</UL>
<P>
<H3>
Function Pointers
</H3><UL>
 <LI><a href="#[221538c]">Reset_Handler</a>
 <LI><a href="#[221556c]">NmiSR</a>
 <LI><a href="#[2215530]">FaultISR</a>
 <LI><a href="#[22154f4]">IntDefaultHandler</a>
 <LI><a href="#[22154f4]">IntDefaultHandler</a>
 <LI><a href="#[22154f4]">IntDefaultHandler</a>
 <LI><a href="#[22154f4]">IntDefaultHandler</a>
 <LI><a href="#[22154f4]">IntDefaultHandler</a>
 <LI><a href="#[22154f4]">IntDefaultHandler</a>
 <LI><a href="#[2215314]">SysTickIntHandler</a>
 <LI><a href="#[22154f4]">IntDefaultHandler</a>
 <LI><a href="#[22154f4]">IntDefaultHandler</a>
 <LI><a href="#[22154f4]">IntDefaultHandler</a>
 <LI><a href="#[22154f4]">IntDefaultHandler</a>
 <LI><a href="#[22154f4]">IntDefaultHandler</a>
 <LI><a href="#[22154f4]">IntDefaultHandler</a>
 <LI><a href="#[22154f4]">IntDefaultHandler</a>
 <LI><a href="#[22154f4]">IntDefaultHandler</a>
 <LI><a href="#[22154f4]">IntDefaultHandler</a>
 <LI><a href="#[22154f4]">IntDefaultHandler</a>
 <LI><a href="#[22154f4]">IntDefaultHandler</a>
 <LI><a href="#[22154f4]">IntDefaultHandler</a>
 <LI><a href="#[22154f4]">IntDefaultHandler</a>
 <LI><a href="#[22154f4]">IntDefaultHandler</a>
 <LI><a href="#[22154f4]">IntDefaultHandler</a>
 <LI><a href="#[22154f4]">IntDefaultHandler</a>
 <LI><a href="#[22154f4]">IntDefaultHandler</a>
 <LI><a href="#[22154f4]">IntDefaultHandler</a>
 <LI><a href="#[22154f4]">IntDefaultHandler</a>
 <LI><a href="#[22154f4]">IntDefaultHandler</a>
 <LI><a href="#[22154f4]">IntDefaultHandler</a>
 <LI><a href="#[22154f4]">IntDefaultHandler</a>
 <LI><a href="#[22154f4]">IntDefaultHandler</a>
 <LI><a href="#[22154f4]">IntDefaultHandler</a>
 <LI><a href="#[22154f4]">IntDefaultHandler</a>
 <LI><a href="#[22154f4]">IntDefaultHandler</a>
 <LI><a href="#[22154f4]">IntDefaultHandler</a>
 <LI><a href="#[22154f4]">IntDefaultHandler</a>
 <LI><a href="#[22154f4]">IntDefaultHandler</a>
 <LI><a href="#[22154f4]">IntDefaultHandler</a>
 <LI><a href="#[22154f4]">IntDefaultHandler</a>
 <LI><a href="#[22154f4]">IntDefaultHandler</a>
 <LI><a href="#[22154f4]">IntDefaultHandler</a>
 <LI><a href="#[22154f4]">IntDefaultHandler</a>
 <LI><a href="#[22154f4]">IntDefaultHandler</a>
 <LI><a href="#[22154f4]">IntDefaultHandler</a>
 <LI><a href="#[22154f4]">IntDefaultHandler</a>
 <LI><a href="#[22154f4]">IntDefaultHandler</a>
 <LI><a href="#[22154f4]">IntDefaultHandler</a>
 <LI><a href="#[22176b4]">CANHandler</a>
 <LI><a href="#[22154f4]">IntDefaultHandler</a>
 <LI><a href="#[22154f4]">IntDefaultHandler</a>
 <LI><a href="#[22154f4]">IntDefaultHandler</a>
 <LI><a href="#[22154f4]">IntDefaultHandler</a>
 <LI><a href="#[2214450]">main</a>
</UL>
<P>
<H3>
Global Symbols
</H3>
<P><STRONG><a name="[221538c]"></a>Reset_Handler</STRONG> (Thumb, 0 bytes, Stack size unknown bytes, startup_rvmdk.o(RESET))
<BR><BR>[Calls]<UL><LI><a href="#[2e7f4dc]">&gt;&gt;</a>&nbsp;&nbsp;&nbsp;__main
</UL>

<P><STRONG><a name="[2e7f4dc]"></a>__main</STRONG> (Thumb, 0 bytes, Stack size unknown bytes, entry.o(.ARM.Collect$$$$00000000))
<BR><BR>[Calls]<UL><LI><a href="#[2e7ef00]">&gt;&gt;</a>&nbsp;&nbsp;&nbsp;__scatterload
</UL>
<BR>[Called By]<UL><LI><a href="#[221538c]">&gt;&gt;</a>&nbsp;&nbsp;&nbsp;Reset_Handler
</UL>

<P><STRONG><a name="[2e7f4a0]"></a>__main_after_scatterload</STRONG> (Thumb, 0 bytes, Stack size unknown bytes, entry.o(.ARM.Collect$$$$00000000))
<BR><BR>[Called By]<UL><LI><a href="#[2e7ef00]">&gt;&gt;</a>&nbsp;&nbsp;&nbsp;__scatterload
</UL>

<P><STRONG><a name="[2e7f158]"></a>_main_stk</STRONG> (Thumb, 0 bytes, Stack size unknown bytes, entry2.o(.ARM.Collect$$$$00000001))

<P><STRONG><a name="[2e7f02c]"></a>_main_init</STRONG> (Thumb, 0 bytes, Stack size unknown bytes, entry6.o(.ARM.Collect$$$$00000006))

<P><STRONG><a name="[2217330]"></a>SysCtlDelay</STRONG> (Thumb, 6 bytes, Stack size 0 bytes, sysctl.o(.emb_text))
<BR><BR>[Calls]<UL><LI><a href="#[2217330]">&gt;&gt;</a>&nbsp;&nbsp;&nbsp;SysCtlDelay
</UL>
<BR>[Called By]<UL><LI><a href="#[2214270]">&gt;&gt;</a>&nbsp;&nbsp;&nbsp;SysCtlClockSet
<LI><a href="#[2217330]">&gt;&gt;</a>&nbsp;&nbsp;&nbsp;SysCtlDelay
<LI><a href="#[221781c]">&gt;&gt;</a>&nbsp;&nbsp;&nbsp;Syswait_ms
</UL>

<P><STRONG><a name="[2218e60]"></a>AudioVolume</STRONG> (Thumb, 68 bytes, Stack size 16 bytes, audio.o(.text), UNUSED)
<BR><BR>[Calls]<UL><LI><a href="#[2218adc]">&gt;&gt;</a>&nbsp;&nbsp;&nbsp;PWMSyncUpdate
<LI><a href="#[2218b18]">&gt;&gt;</a>&nbsp;&nbsp;&nbsp;PWMOutputState
<LI><a href="#[2218b54]">&gt;&gt;</a>&nbsp;&nbsp;&nbsp;PWMOutputInvert
</UL>
<BR>[Called By]<UL><LI><a href="#[2218c80]">&gt;&gt;</a>&nbsp;&nbsp;&nbsp;AudioPlaySound
<LI><a href="#[2218cbc]">&gt;&gt;</a>&nbsp;&nbsp;&nbsp;AudioPlaySong
<LI><a href="#[2218de8]">&gt;&gt;</a>&nbsp;&nbsp;&nbsp;AudioVolumeDown
<LI><a href="#[2218e24]">&gt;&gt;</a>&nbsp;&nbsp;&nbsp;AudioVolumeUp
</UL>

<P><STRONG><a name="[2218e24]"></a>AudioVolumeUp</STRONG> (Thumb, 32 bytes, Stack size 0 bytes, audio.o(.text), UNUSED)
<BR><BR>[Calls]<UL><LI><a href="#[2218e60]">&gt;&gt;</a>&nbsp;&nbsp;&nbsp;AudioVolume
</UL>

<P><STRONG><a name="[2218de8]"></a>AudioVolumeDown</STRONG> (Thumb, 28 bytes, Stack size 0 bytes, audio.o(.text), UNUSED)
<BR><BR>[Calls]<UL><LI><a href="#[2218e60]">&gt;&gt;</a>&nbsp;&nbsp;&nbsp;AudioVolume
</UL>

<P><STRONG><a name="[2218dac]"></a>AudioVolumeGet</STRONG> (Thumb, 6 bytes, Stack size 0 bytes, audio.o(.text), UNUSED)

<P><STRONG><a name="[2218d70]"></a>AudioHandler</STRONG> (Thumb, 160 bytes, Stack size 24 bytes, audio.o(.text))
<BR><BR>[Stack]<UL><LI>Max Depth = 32<LI>Call Chain = AudioHandler &rArr; AudioMute
</UL>
<BR>[Calls]<UL><LI><a href="#[2218adc]">&gt;&gt;</a>&nbsp;&nbsp;&nbsp;PWMSyncUpdate
<LI><a href="#[2218b90]">&gt;&gt;</a>&nbsp;&nbsp;&nbsp;PWMGenPeriodSet
<LI><a href="#[22195e0]">&gt;&gt;</a>&nbsp;&nbsp;&nbsp;AudioMute
</UL>
<BR>[Called By]<UL><LI><a href="#[2215314]">&gt;&gt;</a>&nbsp;&nbsp;&nbsp;SysTickIntHandler
</UL>

<P><STRONG><a name="[2218d34]"></a>AudioOff</STRONG> (Thumb, 16 bytes, Stack size 8 bytes, audio.o(.text), UNUSED)
<BR><BR>[Calls]<UL><LI><a href="#[22195e0]">&gt;&gt;</a>&nbsp;&nbsp;&nbsp;AudioMute
</UL>

<P><STRONG><a name="[2218cf8]"></a>AudioOn</STRONG> (Thumb, 48 bytes, Stack size 8 bytes, audio.o(.text), UNUSED)
<BR><BR>[Calls]<UL><LI><a href="#[2218b18]">&gt;&gt;</a>&nbsp;&nbsp;&nbsp;PWMOutputState
<LI><a href="#[2218bcc]">&gt;&gt;</a>&nbsp;&nbsp;&nbsp;PWMGenEnable
<LI><a href="#[2218c08]">&gt;&gt;</a>&nbsp;&nbsp;&nbsp;PWMGenDisable
<LI><a href="#[2218c44]">&gt;&gt;</a>&nbsp;&nbsp;&nbsp;PWMGenConfigure
<LI><a href="#[22195e0]">&gt;&gt;</a>&nbsp;&nbsp;&nbsp;AudioMute
</UL>

<P><STRONG><a name="[2218cbc]"></a>AudioPlaySong</STRONG> (Thumb, 16 bytes, Stack size 0 bytes, audio.o(.text), UNUSED)
<BR><BR>[Calls]<UL><LI><a href="#[2218e60]">&gt;&gt;</a>&nbsp;&nbsp;&nbsp;AudioVolume
</UL>

<P><STRONG><a name="[2218c80]"></a>AudioPlaySound</STRONG> (Thumb, 16 bytes, Stack size 0 bytes, audio.o(.text), UNUSED)
<BR><BR>[Calls]<UL><LI><a href="#[2218e60]">&gt;&gt;</a>&nbsp;&nbsp;&nbsp;AudioVolume
</UL>

<P><STRONG><a name="[221781c]"></a>Syswait_ms</STRONG> (Thumb, 26 bytes, Stack size 8 bytes, can_net.o(.text), UNUSED)
<BR><BR>[Calls]<UL><LI><a href="#[2217330]">&gt;&gt;</a>&nbsp;&nbsp;&nbsp;SysCtlDelay
<LI><a href="#[221736c]">&gt;&gt;</a>&nbsp;&nbsp;&nbsp;SysCtlClockGet
</UL>

<P><STRONG><a name="[22177e0]"></a>UARTSend</STRONG> (Thumb, 30 bytes, Stack size 16 bytes, can_net.o(.text), UNUSED)
<BR><BR>[Calls]<UL><LI><a href="#[22172b8]">&gt;&gt;</a>&nbsp;&nbsp;&nbsp;UARTCharPut
</UL>

<P><STRONG><a name="[22177a4]"></a>CANMain</STRONG> (Thumb, 102 bytes, Stack size 24 bytes, can_net.o(.text), UNUSED)
<BR><BR>[Calls]<UL><LI><a href="#[221745c]">&gt;&gt;</a>&nbsp;&nbsp;&nbsp;CANMessageSet
<LI><a href="#[2217498]">&gt;&gt;</a>&nbsp;&nbsp;&nbsp;CANMessageGet
</UL>

<P><STRONG><a name="[2217768]"></a>Delay</STRONG> (Thumb, 40 bytes, Stack size 0 bytes, can_net.o(.text), UNUSED)

<P><STRONG><a name="[221772c]"></a>ProcessInterrupts</STRONG> (Thumb, 168 bytes, Stack size 48 bytes, can_net.o(.text))
<BR><BR>[Stack]<UL><LI>Max Depth = 104<LI>Call Chain = ProcessInterrupts &rArr; CANMessageSet &rArr; CANRegRead
</UL>
<BR>[Calls]<UL><LI><a href="#[22172b8]">&gt;&gt;</a>&nbsp;&nbsp;&nbsp;UARTCharPut
<LI><a href="#[221745c]">&gt;&gt;</a>&nbsp;&nbsp;&nbsp;CANMessageSet
</UL>
<BR>[Called By]<UL><LI><a href="#[2214450]">&gt;&gt;</a>&nbsp;&nbsp;&nbsp;main
</UL>

<P><STRONG><a name="[22176f0]"></a>CANConfigureNetwork</STRONG> (Thumb, 128 bytes, Stack size 24 bytes, can_net.o(.text))
<BR><BR>[Stack]<UL><LI>Max Depth = 80<LI>Call Chain = CANConfigureNetwork &rArr; CANMessageSet &rArr; CANRegRead
</UL>
<BR>[Calls]<UL><LI><a href="#[221745c]">&gt;&gt;</a>&nbsp;&nbsp;&nbsp;CANMessageSet
</UL>
<BR>[Called By]<UL><LI><a href="#[2217678]">&gt;&gt;</a>&nbsp;&nbsp;&nbsp;CANConfigure
</UL>

<P><STRONG><a name="[22176b4]"></a>CANHandler</STRONG> (Thumb, 272 bytes, Stack size 32 bytes, can_net.o(.text))
<BR><BR>[Stack]<UL><LI>Max Depth = 80<LI>Call Chain = CANHandler &rArr; CANMessageGet &rArr; CANRegRead
</UL>
<BR>[Calls]<UL><LI><a href="#[22172b8]">&gt;&gt;</a>&nbsp;&nbsp;&nbsp;UARTCharPut
<LI><a href="#[2217420]">&gt;&gt;</a>&nbsp;&nbsp;&nbsp;CANStatusGet
<LI><a href="#[2217498]">&gt;&gt;</a>&nbsp;&nbsp;&nbsp;CANMessageGet
<LI><a href="#[22174d4]">&gt;&gt;</a>&nbsp;&nbsp;&nbsp;CANMessageClear
<LI><a href="#[2217510]">&gt;&gt;</a>&nbsp;&nbsp;&nbsp;CANIntStatus
<LI><a href="#[2217588]">&gt;&gt;</a>&nbsp;&nbsp;&nbsp;CANIntClear
</UL>
<BR>[Address Reference Count : 1]<UL><LI> startup_rvmdk.o(RESET)
</UL>
<P><STRONG><a name="[2217678]"></a>CANConfigure</STRONG> (Thumb, 66 bytes, Stack size 8 bytes, can_net.o(.text))
<BR><BR>[Stack]<UL><LI>Max Depth = 88<LI>Call Chain = CANConfigure &rArr; CANConfigureNetwork &rArr; CANMessageSet &rArr; CANRegRead
</UL>
<BR>[Calls]<UL><LI><a href="#[22172f4]">&gt;&gt;</a>&nbsp;&nbsp;&nbsp;SysCtlPeripheralEnable
<LI><a href="#[22173a8]">&gt;&gt;</a>&nbsp;&nbsp;&nbsp;IntEnable
<LI><a href="#[22173e4]">&gt;&gt;</a>&nbsp;&nbsp;&nbsp;GPIOPinTypeCAN
<LI><a href="#[221754c]">&gt;&gt;</a>&nbsp;&nbsp;&nbsp;CANIntEnable
<LI><a href="#[22175c4]">&gt;&gt;</a>&nbsp;&nbsp;&nbsp;CANInit
<LI><a href="#[2217600]">&gt;&gt;</a>&nbsp;&nbsp;&nbsp;CANEnable
<LI><a href="#[221763c]">&gt;&gt;</a>&nbsp;&nbsp;&nbsp;CANBitTimingSet
<LI><a href="#[22176f0]">&gt;&gt;</a>&nbsp;&nbsp;&nbsp;CANConfigureNetwork
</UL>
<BR>[Called By]<UL><LI><a href="#[2214450]">&gt;&gt;</a>&nbsp;&nbsp;&nbsp;main
</UL>

<P><STRONG><a name="[2215f80]"></a>RandomAddEntropy</STRONG> (Thumb, 18 bytes, Stack size 0 bytes, random.o(.text))
<BR><BR>[Called By]<UL><LI><a href="#[2215314]">&gt;&gt;</a>&nbsp;&nbsp;&nbsp;SysTickIntHandler
</UL>

<P><STRONG><a name="[2215f44]"></a>RandomSeed</STRONG> (Thumb, 376 bytes, Stack size 24 bytes, random.o(.text), UNUSED)

<P><STRONG><a name="[2215f08]"></a>RandomNumber</STRONG> (Thumb, 16 bytes, Stack size 0 bytes, random.o(.text), UNUSED)

<P><STRONG><a name="[2215314]"></a>SysTickIntHandler</STRONG> (Thumb, 210 bytes, Stack size 24 bytes, testecumain.o(.text))
<BR><BR>[Stack]<UL><LI>Max Depth = 56<LI>Call Chain = SysTickIntHandler &rArr; AudioHandler &rArr; AudioMute
</UL>
<BR>[Calls]<UL><LI><a href="#[22143d8]">&gt;&gt;</a>&nbsp;&nbsp;&nbsp;GPIOPinRead
<LI><a href="#[2215f80]">&gt;&gt;</a>&nbsp;&nbsp;&nbsp;RandomAddEntropy
<LI><a href="#[2218d70]">&gt;&gt;</a>&nbsp;&nbsp;&nbsp;AudioHandler
</UL>
<BR>[Address Reference Count : 1]<UL><LI> startup_rvmdk.o(RESET)
</UL>
<P><STRONG><a name="[2214450]"></a>main</STRONG> (Thumb, 354 bytes, Stack size 16 bytes, testecumain.o(.text))
<BR><BR>[Stack]<UL><LI>Max Depth = 120<LI>Call Chain = main &rArr; ProcessInterrupts &rArr; CANMessageSet &rArr; CANRegRead
</UL>
<BR>[Calls]<UL><LI><a href="#[22140cc]">&gt;&gt;</a>&nbsp;&nbsp;&nbsp;UARTEnable
<LI><a href="#[2214108]">&gt;&gt;</a>&nbsp;&nbsp;&nbsp;UARTConfigSetExpClk
<LI><a href="#[2214144]">&gt;&gt;</a>&nbsp;&nbsp;&nbsp;SysTickPeriodSet
<LI><a href="#[2214180]">&gt;&gt;</a>&nbsp;&nbsp;&nbsp;SysTickIntEnable
<LI><a href="#[22141bc]">&gt;&gt;</a>&nbsp;&nbsp;&nbsp;SysTickEnable
<LI><a href="#[22141f8]">&gt;&gt;</a>&nbsp;&nbsp;&nbsp;SysCtlPWMClockSet
<LI><a href="#[2214234]">&gt;&gt;</a>&nbsp;&nbsp;&nbsp;SysCtlLDOSet
<LI><a href="#[2214270]">&gt;&gt;</a>&nbsp;&nbsp;&nbsp;SysCtlClockSet
<LI><a href="#[22142ac]">&gt;&gt;</a>&nbsp;&nbsp;&nbsp;GPIOPinWrite
<LI><a href="#[22142e8]">&gt;&gt;</a>&nbsp;&nbsp;&nbsp;GPIOPinTypeUART
<LI><a href="#[2214324]">&gt;&gt;</a>&nbsp;&nbsp;&nbsp;GPIOPinTypePWM
<LI><a href="#[2214360]">&gt;&gt;</a>&nbsp;&nbsp;&nbsp;GPIOPinTypeGPIOOutput
<LI><a href="#[221439c]">&gt;&gt;</a>&nbsp;&nbsp;&nbsp;GPIOPinTypeGPIOInput
<LI><a href="#[2214414]">&gt;&gt;</a>&nbsp;&nbsp;&nbsp;GPIOPadConfigSet
<LI><a href="#[22172b8]">&gt;&gt;</a>&nbsp;&nbsp;&nbsp;UARTCharPut
<LI><a href="#[22172f4]">&gt;&gt;</a>&nbsp;&nbsp;&nbsp;SysCtlPeripheralEnable
<LI><a href="#[221736c]">&gt;&gt;</a>&nbsp;&nbsp;&nbsp;SysCtlClockGet
<LI><a href="#[2217678]">&gt;&gt;</a>&nbsp;&nbsp;&nbsp;CANConfigure
<LI><a href="#[221772c]">&gt;&gt;</a>&nbsp;&nbsp;&nbsp;ProcessInterrupts
</UL>
<BR>[Address Reference Count : 1]<UL><LI> entry6.o(.ARM.Collect$$$$00000006)
</UL>
<P><STRONG><a name="[2e7ef00]"></a>__scatterload</STRONG> (Thumb, 28 bytes, Stack size 0 bytes, init.o(.text))
<BR><BR>[Calls]<UL><LI><a href="#[2e7f4a0]">&gt;&gt;</a>&nbsp;&nbsp;&nbsp;__main_after_scatterload
</UL>
<BR>[Called By]<UL><LI><a href="#[2e7f4dc]">&gt;&gt;</a>&nbsp;&nbsp;&nbsp;__main
</UL>

<P><STRONG><a name="[2e7eec4]"></a>__scatterload_rt2</STRONG> (Thumb, 0 bytes, Stack size 0 bytes, init.o(.text), UNUSED)

<P><STRONG><a name="[221763c]"></a>CANBitTimingSet</STRONG> (Thumb, 126 bytes, Stack size 16 bytes, can.o(i.CANBitTimingSet))
<BR><BR>[Stack]<UL><LI>Max Depth = 32<LI>Call Chain = CANBitTimingSet &rArr; CANRegRead
</UL>
<BR>[Calls]<UL><LI><a href="#[22124ac]">&gt;&gt;</a>&nbsp;&nbsp;&nbsp;CANRegRead
</UL>
<BR>[Called By]<UL><LI><a href="#[2217678]">&gt;&gt;</a>&nbsp;&nbsp;&nbsp;CANConfigure
</UL>

<P><STRONG><a name="[2217600]"></a>CANEnable</STRONG> (Thumb, 24 bytes, Stack size 8 bytes, can.o(i.CANEnable))
<BR><BR>[Stack]<UL><LI>Max Depth = 24<LI>Call Chain = CANEnable &rArr; CANRegRead
</UL>
<BR>[Calls]<UL><LI><a href="#[22124ac]">&gt;&gt;</a>&nbsp;&nbsp;&nbsp;CANRegRead
</UL>
<BR>[Called By]<UL><LI><a href="#[2217678]">&gt;&gt;</a>&nbsp;&nbsp;&nbsp;CANConfigure
</UL>

<P><STRONG><a name="[22175c4]"></a>CANInit</STRONG> (Thumb, 150 bytes, Stack size 16 bytes, can.o(i.CANInit))
<BR><BR>[Stack]<UL><LI>Max Depth = 32<LI>Call Chain = CANInit &rArr; CANRegRead
</UL>
<BR>[Calls]<UL><LI><a href="#[22124ac]">&gt;&gt;</a>&nbsp;&nbsp;&nbsp;CANRegRead
</UL>
<BR>[Called By]<UL><LI><a href="#[2217678]">&gt;&gt;</a>&nbsp;&nbsp;&nbsp;CANConfigure
</UL>

<P><STRONG><a name="[2217588]"></a>CANIntClear</STRONG> (Thumb, 78 bytes, Stack size 16 bytes, can.o(i.CANIntClear))
<BR><BR>[Stack]<UL><LI>Max Depth = 32<LI>Call Chain = CANIntClear &rArr; CANRegRead
</UL>
<BR>[Calls]<UL><LI><a href="#[22124ac]">&gt;&gt;</a>&nbsp;&nbsp;&nbsp;CANRegRead
</UL>
<BR>[Called By]<UL><LI><a href="#[22176b4]">&gt;&gt;</a>&nbsp;&nbsp;&nbsp;CANHandler
</UL>

<P><STRONG><a name="[221754c]"></a>CANIntEnable</STRONG> (Thumb, 24 bytes, Stack size 16 bytes, can.o(i.CANIntEnable))
<BR><BR>[Stack]<UL><LI>Max Depth = 32<LI>Call Chain = CANIntEnable &rArr; CANRegRead
</UL>
<BR>[Calls]<UL><LI><a href="#[22124ac]">&gt;&gt;</a>&nbsp;&nbsp;&nbsp;CANRegRead
</UL>
<BR>[Called By]<UL><LI><a href="#[2217678]">&gt;&gt;</a>&nbsp;&nbsp;&nbsp;CANConfigure
</UL>

<P><STRONG><a name="[2217510]"></a>CANIntStatus</STRONG> (Thumb, 52 bytes, Stack size 16 bytes, can.o(i.CANIntStatus))
<BR><BR>[Stack]<UL><LI>Max Depth = 32<LI>Call Chain = CANIntStatus &rArr; CANRegRead
</UL>
<BR>[Calls]<UL><LI><a href="#[22124ac]">&gt;&gt;</a>&nbsp;&nbsp;&nbsp;CANRegRead
</UL>
<BR>[Called By]<UL><LI><a href="#[22176b4]">&gt;&gt;</a>&nbsp;&nbsp;&nbsp;CANHandler
</UL>

<P><STRONG><a name="[22174d4]"></a>CANMessageClear</STRONG> (Thumb, 70 bytes, Stack size 16 bytes, can.o(i.CANMessageClear))
<BR><BR>[Stack]<UL><LI>Max Depth = 32<LI>Call Chain = CANMessageClear &rArr; CANRegRead
</UL>
<BR>[Calls]<UL><LI><a href="#[22124ac]">&gt;&gt;</a>&nbsp;&nbsp;&nbsp;CANRegRead
</UL>
<BR>[Called By]<UL><LI><a href="#[22176b4]">&gt;&gt;</a>&nbsp;&nbsp;&nbsp;CANHandler
</UL>

<P><STRONG><a name="[2217498]"></a>CANMessageGet</STRONG> (Thumb, 440 bytes, Stack size 32 bytes, can.o(i.CANMessageGet))
<BR><BR>[Stack]<UL><LI>Max Depth = 48<LI>Call Chain = CANMessageGet &rArr; CANRegRead
</UL>
<BR>[Calls]<UL><LI><a href="#[22124ac]">&gt;&gt;</a>&nbsp;&nbsp;&nbsp;CANRegRead
</UL>
<BR>[Called By]<UL><LI><a href="#[22176b4]">&gt;&gt;</a>&nbsp;&nbsp;&nbsp;CANHandler
<LI><a href="#[22177a4]">&gt;&gt;</a>&nbsp;&nbsp;&nbsp;CANMain
</UL>

<P><STRONG><a name="[221745c]"></a>CANMessageSet</STRONG> (Thumb, 496 bytes, Stack size 40 bytes, can.o(i.CANMessageSet))
<BR><BR>[Stack]<UL><LI>Max Depth = 56<LI>Call Chain = CANMessageSet &rArr; CANRegRead
</UL>
<BR>[Calls]<UL><LI><a href="#[22124ac]">&gt;&gt;</a>&nbsp;&nbsp;&nbsp;CANRegRead
</UL>
<BR>[Called By]<UL><LI><a href="#[22176f0]">&gt;&gt;</a>&nbsp;&nbsp;&nbsp;CANConfigureNetwork
<LI><a href="#[221772c]">&gt;&gt;</a>&nbsp;&nbsp;&nbsp;ProcessInterrupts
<LI><a href="#[22177a4]">&gt;&gt;</a>&nbsp;&nbsp;&nbsp;CANMain
</UL>

<P><STRONG><a name="[2217420]"></a>CANStatusGet</STRONG> (Thumb, 116 bytes, Stack size 16 bytes, can.o(i.CANStatusGet))
<BR><BR>[Stack]<UL><LI>Max Depth = 32<LI>Call Chain = CANStatusGet &rArr; CANRegRead
</UL>
<BR>[Calls]<UL><LI><a href="#[22124ac]">&gt;&gt;</a>&nbsp;&nbsp;&nbsp;CANRegRead
</UL>
<BR>[Called By]<UL><LI><a href="#[22176b4]">&gt;&gt;</a>&nbsp;&nbsp;&nbsp;CANHandler
</UL>

<P><STRONG><a name="[220ed20]"></a>GPIODirModeSet</STRONG> (Thumb, 40 bytes, Stack size 0 bytes, gpio.o(i.GPIODirModeSet))
<BR><BR>[Called By]<UL><LI><a href="#[22142e8]">&gt;&gt;</a>&nbsp;&nbsp;&nbsp;GPIOPinTypeUART
<LI><a href="#[2214324]">&gt;&gt;</a>&nbsp;&nbsp;&nbsp;GPIOPinTypePWM
<LI><a href="#[2214360]">&gt;&gt;</a>&nbsp;&nbsp;&nbsp;GPIOPinTypeGPIOOutput
<LI><a href="#[221439c]">&gt;&gt;</a>&nbsp;&nbsp;&nbsp;GPIOPinTypeGPIOInput
<LI><a href="#[22173e4]">&gt;&gt;</a>&nbsp;&nbsp;&nbsp;GPIOPinTypeCAN
</UL>

<P><STRONG><a name="[2214414]"></a>GPIOPadConfigSet</STRONG> (Thumb, 176 bytes, Stack size 0 bytes, gpio.o(i.GPIOPadConfigSet))
<BR><BR>[Called By]<UL><LI><a href="#[22142e8]">&gt;&gt;</a>&nbsp;&nbsp;&nbsp;GPIOPinTypeUART
<LI><a href="#[2214324]">&gt;&gt;</a>&nbsp;&nbsp;&nbsp;GPIOPinTypePWM
<LI><a href="#[2214360]">&gt;&gt;</a>&nbsp;&nbsp;&nbsp;GPIOPinTypeGPIOOutput
<LI><a href="#[221439c]">&gt;&gt;</a>&nbsp;&nbsp;&nbsp;GPIOPinTypeGPIOInput
<LI><a href="#[2214450]">&gt;&gt;</a>&nbsp;&nbsp;&nbsp;main
<LI><a href="#[22173e4]">&gt;&gt;</a>&nbsp;&nbsp;&nbsp;GPIOPinTypeCAN
</UL>

<P><STRONG><a name="[22143d8]"></a>GPIOPinRead</STRONG> (Thumb, 6 bytes, Stack size 0 bytes, gpio.o(i.GPIOPinRead))
<BR><BR>[Called By]<UL><LI><a href="#[2215314]">&gt;&gt;</a>&nbsp;&nbsp;&nbsp;SysTickIntHandler
</UL>

<P><STRONG><a name="[22173e4]"></a>GPIOPinTypeCAN</STRONG> (Thumb, 28 bytes, Stack size 12 bytes, gpio.o(i.GPIOPinTypeCAN))
<BR><BR>[Stack]<UL><LI>Max Depth = 12<LI>Call Chain = GPIOPinTypeCAN
</UL>
<BR>[Calls]<UL><LI><a href="#[220ed20]">&gt;&gt;</a>&nbsp;&nbsp;&nbsp;GPIODirModeSet
<LI><a href="#[2214414]">&gt;&gt;</a>&nbsp;&nbsp;&nbsp;GPIOPadConfigSet
</UL>
<BR>[Called By]<UL><LI><a href="#[2217678]">&gt;&gt;</a>&nbsp;&nbsp;&nbsp;CANConfigure
</UL>

<P><STRONG><a name="[221439c]"></a>GPIOPinTypeGPIOInput</STRONG> (Thumb, 28 bytes, Stack size 12 bytes, gpio.o(i.GPIOPinTypeGPIOInput))
<BR><BR>[Stack]<UL><LI>Max Depth = 12<LI>Call Chain = GPIOPinTypeGPIOInput
</UL>
<BR>[Calls]<UL><LI><a href="#[220ed20]">&gt;&gt;</a>&nbsp;&nbsp;&nbsp;GPIODirModeSet
<LI><a href="#[2214414]">&gt;&gt;</a>&nbsp;&nbsp;&nbsp;GPIOPadConfigSet
</UL>
<BR>[Called By]<UL><LI><a href="#[2214450]">&gt;&gt;</a>&nbsp;&nbsp;&nbsp;main
</UL>

<P><STRONG><a name="[2214360]"></a>GPIOPinTypeGPIOOutput</STRONG> (Thumb, 28 bytes, Stack size 12 bytes, gpio.o(i.GPIOPinTypeGPIOOutput))
<BR><BR>[Stack]<UL><LI>Max Depth = 12<LI>Call Chain = GPIOPinTypeGPIOOutput
</UL>
<BR>[Calls]<UL><LI><a href="#[220ed20]">&gt;&gt;</a>&nbsp;&nbsp;&nbsp;GPIODirModeSet
<LI><a href="#[2214414]">&gt;&gt;</a>&nbsp;&nbsp;&nbsp;GPIOPadConfigSet
</UL>
<BR>[Called By]<UL><LI><a href="#[2214450]">&gt;&gt;</a>&nbsp;&nbsp;&nbsp;main
</UL>

<P><STRONG><a name="[2214324]"></a>GPIOPinTypePWM</STRONG> (Thumb, 28 bytes, Stack size 12 bytes, gpio.o(i.GPIOPinTypePWM))
<BR><BR>[Stack]<UL><LI>Max Depth = 12<LI>Call Chain = GPIOPinTypePWM
</UL>
<BR>[Calls]<UL><LI><a href="#[220ed20]">&gt;&gt;</a>&nbsp;&nbsp;&nbsp;GPIODirModeSet
<LI><a href="#[2214414]">&gt;&gt;</a>&nbsp;&nbsp;&nbsp;GPIOPadConfigSet
</UL>
<BR>[Called By]<UL><LI><a href="#[2214450]">&gt;&gt;</a>&nbsp;&nbsp;&nbsp;main
</UL>

<P><STRONG><a name="[22142e8]"></a>GPIOPinTypeUART</STRONG> (Thumb, 28 bytes, Stack size 12 bytes, gpio.o(i.GPIOPinTypeUART))
<BR><BR>[Stack]<UL><LI>Max Depth = 12<LI>Call Chain = GPIOPinTypeUART
</UL>
<BR>[Calls]<UL><LI><a href="#[220ed20]">&gt;&gt;</a>&nbsp;&nbsp;&nbsp;GPIODirModeSet
<LI><a href="#[2214414]">&gt;&gt;</a>&nbsp;&nbsp;&nbsp;GPIOPadConfigSet
</UL>
<BR>[Called By]<UL><LI><a href="#[2214450]">&gt;&gt;</a>&nbsp;&nbsp;&nbsp;main
</UL>

<P><STRONG><a name="[22142ac]"></a>GPIOPinWrite</STRONG> (Thumb, 6 bytes, Stack size 0 bytes, gpio.o(i.GPIOPinWrite))
<BR><BR>[Called By]<UL><LI><a href="#[2214450]">&gt;&gt;</a>&nbsp;&nbsp;&nbsp;main
</UL>

<P><STRONG><a name="[2211930]"></a>IntDisable</STRONG> (Thumb, 104 bytes, Stack size 0 bytes, interrupt.o(i.IntDisable))
<BR><BR>[Called By]<UL><LI><a href="#[22124ac]">&gt;&gt;</a>&nbsp;&nbsp;&nbsp;CANRegRead
</UL>

<P><STRONG><a name="[22173a8]"></a>IntEnable</STRONG> (Thumb, 104 bytes, Stack size 0 bytes, interrupt.o(i.IntEnable))
<BR><BR>[Called By]<UL><LI><a href="#[22124ac]">&gt;&gt;</a>&nbsp;&nbsp;&nbsp;CANRegRead
<LI><a href="#[2217678]">&gt;&gt;</a>&nbsp;&nbsp;&nbsp;CANConfigure
</UL>

<P><STRONG><a name="[2218c44]"></a>PWMGenConfigure</STRONG> (Thumb, 38 bytes, Stack size 0 bytes, pwm.o(i.PWMGenConfigure), UNUSED)
<BR><BR>[Called By]<UL><LI><a href="#[2218cf8]">&gt;&gt;</a>&nbsp;&nbsp;&nbsp;AudioOn
</UL>

<P><STRONG><a name="[2218c08]"></a>PWMGenDisable</STRONG> (Thumb, 10 bytes, Stack size 0 bytes, pwm.o(i.PWMGenDisable), UNUSED)
<BR><BR>[Called By]<UL><LI><a href="#[2218cf8]">&gt;&gt;</a>&nbsp;&nbsp;&nbsp;AudioOn
</UL>

<P><STRONG><a name="[2218bcc]"></a>PWMGenEnable</STRONG> (Thumb, 10 bytes, Stack size 0 bytes, pwm.o(i.PWMGenEnable), UNUSED)
<BR><BR>[Called By]<UL><LI><a href="#[2218cf8]">&gt;&gt;</a>&nbsp;&nbsp;&nbsp;AudioOn
</UL>

<P><STRONG><a name="[2218b90]"></a>PWMGenPeriodSet</STRONG> (Thumb, 18 bytes, Stack size 0 bytes, pwm.o(i.PWMGenPeriodSet))
<BR><BR>[Called By]<UL><LI><a href="#[2218d70]">&gt;&gt;</a>&nbsp;&nbsp;&nbsp;AudioHandler
<LI><a href="#[22195e0]">&gt;&gt;</a>&nbsp;&nbsp;&nbsp;AudioMute
</UL>

<P><STRONG><a name="[2218b54]"></a>PWMOutputInvert</STRONG> (Thumb, 16 bytes, Stack size 0 bytes, pwm.o(i.PWMOutputInvert))
<BR><BR>[Called By]<UL><LI><a href="#[2218e60]">&gt;&gt;</a>&nbsp;&nbsp;&nbsp;AudioVolume
<LI><a href="#[22195e0]">&gt;&gt;</a>&nbsp;&nbsp;&nbsp;AudioMute
</UL>

<P><STRONG><a name="[2218b18]"></a>PWMOutputState</STRONG> (Thumb, 16 bytes, Stack size 0 bytes, pwm.o(i.PWMOutputState))
<BR><BR>[Called By]<UL><LI><a href="#[2218cf8]">&gt;&gt;</a>&nbsp;&nbsp;&nbsp;AudioOn
<LI><a href="#[2218e60]">&gt;&gt;</a>&nbsp;&nbsp;&nbsp;AudioVolume
<LI><a href="#[22195e0]">&gt;&gt;</a>&nbsp;&nbsp;&nbsp;AudioMute
</UL>

<P><STRONG><a name="[2218adc]"></a>PWMSyncUpdate</STRONG> (Thumb, 4 bytes, Stack size 0 bytes, pwm.o(i.PWMSyncUpdate))
<BR><BR>[Called By]<UL><LI><a href="#[2218d70]">&gt;&gt;</a>&nbsp;&nbsp;&nbsp;AudioHandler
<LI><a href="#[2218e60]">&gt;&gt;</a>&nbsp;&nbsp;&nbsp;AudioVolume
<LI><a href="#[22195e0]">&gt;&gt;</a>&nbsp;&nbsp;&nbsp;AudioMute
</UL>

<P><STRONG><a name="[221736c]"></a>SysCtlClockGet</STRONG> (Thumb, 294 bytes, Stack size 8 bytes, sysctl.o(i.SysCtlClockGet))
<BR><BR>[Stack]<UL><LI>Max Depth = 8<LI>Call Chain = SysCtlClockGet
</UL>
<BR>[Called By]<UL><LI><a href="#[2214450]">&gt;&gt;</a>&nbsp;&nbsp;&nbsp;main
<LI><a href="#[221781c]">&gt;&gt;</a>&nbsp;&nbsp;&nbsp;Syswait_ms
</UL>

<P><STRONG><a name="[2214270]"></a>SysCtlClockSet</STRONG> (Thumb, 290 bytes, Stack size 24 bytes, sysctl.o(i.SysCtlClockSet))
<BR><BR>[Stack]<UL><LI>Max Depth = 24<LI>Call Chain = SysCtlClockSet
</UL>
<BR>[Calls]<UL><LI><a href="#[2217330]">&gt;&gt;</a>&nbsp;&nbsp;&nbsp;SysCtlDelay
</UL>
<BR>[Called By]<UL><LI><a href="#[2214450]">&gt;&gt;</a>&nbsp;&nbsp;&nbsp;main
</UL>

<P><STRONG><a name="[2214234]"></a>SysCtlLDOSet</STRONG> (Thumb, 6 bytes, Stack size 0 bytes, sysctl.o(i.SysCtlLDOSet))
<BR><BR>[Called By]<UL><LI><a href="#[2214450]">&gt;&gt;</a>&nbsp;&nbsp;&nbsp;main
</UL>

<P><STRONG><a name="[22141f8]"></a>SysCtlPWMClockSet</STRONG> (Thumb, 14 bytes, Stack size 0 bytes, sysctl.o(i.SysCtlPWMClockSet))
<BR><BR>[Called By]<UL><LI><a href="#[2214450]">&gt;&gt;</a>&nbsp;&nbsp;&nbsp;main
</UL>

<P><STRONG><a name="[22172f4]"></a>SysCtlPeripheralEnable</STRONG> (Thumb, 26 bytes, Stack size 0 bytes, sysctl.o(i.SysCtlPeripheralEnable))
<BR><BR>[Called By]<UL><LI><a href="#[2214450]">&gt;&gt;</a>&nbsp;&nbsp;&nbsp;main
<LI><a href="#[2217678]">&gt;&gt;</a>&nbsp;&nbsp;&nbsp;CANConfigure
</UL>

<P><STRONG><a name="[22141bc]"></a>SysTickEnable</STRONG> (Thumb, 14 bytes, Stack size 0 bytes, systick.o(i.SysTickEnable))
<BR><BR>[Called By]<UL><LI><a href="#[2214450]">&gt;&gt;</a>&nbsp;&nbsp;&nbsp;main
</UL>

<P><STRONG><a name="[2214180]"></a>SysTickIntEnable</STRONG> (Thumb, 14 bytes, Stack size 0 bytes, systick.o(i.SysTickIntEnable))
<BR><BR>[Called By]<UL><LI><a href="#[2214450]">&gt;&gt;</a>&nbsp;&nbsp;&nbsp;main
</UL>

<P><STRONG><a name="[2214144]"></a>SysTickPeriodSet</STRONG> (Thumb, 10 bytes, Stack size 0 bytes, systick.o(i.SysTickPeriodSet))
<BR><BR>[Called By]<UL><LI><a href="#[2214450]">&gt;&gt;</a>&nbsp;&nbsp;&nbsp;main
</UL>

<P><STRONG><a name="[22172b8]"></a>UARTCharPut</STRONG> (Thumb, 12 bytes, Stack size 0 bytes, uart.o(i.UARTCharPut))
<BR><BR>[Calls]<UL><LI><a href="#[22172b8]">&gt;&gt;</a>&nbsp;&nbsp;&nbsp;UARTCharPut
</UL>
<BR>[Called By]<UL><LI><a href="#[2214450]">&gt;&gt;</a>&nbsp;&nbsp;&nbsp;main
<LI><a href="#[22172b8]">&gt;&gt;</a>&nbsp;&nbsp;&nbsp;UARTCharPut
<LI><a href="#[22176b4]">&gt;&gt;</a>&nbsp;&nbsp;&nbsp;CANHandler
<LI><a href="#[221772c]">&gt;&gt;</a>&nbsp;&nbsp;&nbsp;ProcessInterrupts
<LI><a href="#[22177e0]">&gt;&gt;</a>&nbsp;&nbsp;&nbsp;UARTSend
</UL>

<P><STRONG><a name="[2214108]"></a>UARTConfigSetExpClk</STRONG> (Thumb, 84 bytes, Stack size 0 bytes, uart.o(i.UARTConfigSetExpClk))
<BR><BR>[Calls]<UL><LI><a href="#[2214108]">&gt;&gt;</a>&nbsp;&nbsp;&nbsp;UARTConfigSetExpClk
</UL>
<BR>[Called By]<UL><LI><a href="#[2214108]">&gt;&gt;</a>&nbsp;&nbsp;&nbsp;UARTConfigSetExpClk
<LI><a href="#[2214450]">&gt;&gt;</a>&nbsp;&nbsp;&nbsp;main
</UL>

<P><STRONG><a name="[22140cc]"></a>UARTEnable</STRONG> (Thumb, 20 bytes, Stack size 0 bytes, uart.o(i.UARTEnable))
<BR><BR>[Called By]<UL><LI><a href="#[2214450]">&gt;&gt;</a>&nbsp;&nbsp;&nbsp;main
</UL>

<P><STRONG><a name="[2e7eb40]"></a>__scatterload_copy</STRONG> (Thumb, 14 bytes, Stack size unknown bytes, handlers.o(i.__scatterload_copy), UNUSED)

<P><STRONG><a name="[2e7eb04]"></a>__scatterload_null</STRONG> (Thumb, 2 bytes, Stack size unknown bytes, handlers.o(i.__scatterload_null), UNUSED)

<P><STRONG><a name="[2e7eac8]"></a>__scatterload_zeroinit</STRONG> (Thumb, 14 bytes, Stack size unknown bytes, handlers.o(i.__scatterload_zeroinit), UNUSED)
<P>
<H3>
Local Symbols
</H3>
<P><STRONG><a name="[22195e0]"></a>AudioMute</STRONG> (Thumb, 54 bytes, Stack size 8 bytes, audio.o(.text))
<BR><BR>[Stack]<UL><LI>Max Depth = 8<LI>Call Chain = AudioMute
</UL>
<BR>[Calls]<UL><LI><a href="#[2218adc]">&gt;&gt;</a>&nbsp;&nbsp;&nbsp;PWMSyncUpdate
<LI><a href="#[2218b18]">&gt;&gt;</a>&nbsp;&nbsp;&nbsp;PWMOutputState
<LI><a href="#[2218b54]">&gt;&gt;</a>&nbsp;&nbsp;&nbsp;PWMOutputInvert
<LI><a href="#[2218b90]">&gt;&gt;</a>&nbsp;&nbsp;&nbsp;PWMGenPeriodSet
</UL>
<BR>[Called By]<UL><LI><a href="#[2218cf8]">&gt;&gt;</a>&nbsp;&nbsp;&nbsp;AudioOn
<LI><a href="#[2218d34]">&gt;&gt;</a>&nbsp;&nbsp;&nbsp;AudioOff
<LI><a href="#[2218d70]">&gt;&gt;</a>&nbsp;&nbsp;&nbsp;AudioHandler
</UL>

<P><STRONG><a name="[221556c]"></a>NmiSR</STRONG> (Thumb, 0 bytes, Stack size unknown bytes, startup_rvmdk.o(RESET))
<BR><BR>[Calls]<UL><LI><a href="#[221556c]">&gt;&gt;</a>&nbsp;&nbsp;&nbsp;NmiSR
</UL>
<BR>[Called By]<UL><LI><a href="#[221556c]">&gt;&gt;</a>&nbsp;&nbsp;&nbsp;NmiSR
</UL>
<BR>[Address Reference Count : 1]<UL><LI> startup_rvmdk.o(RESET)
</UL>
<P><STRONG><a name="[2215530]"></a>FaultISR</STRONG> (Thumb, 0 bytes, Stack size unknown bytes, startup_rvmdk.o(RESET))
<BR><BR>[Calls]<UL><LI><a href="#[2215530]">&gt;&gt;</a>&nbsp;&nbsp;&nbsp;FaultISR
</UL>
<BR>[Called By]<UL><LI><a href="#[2215530]">&gt;&gt;</a>&nbsp;&nbsp;&nbsp;FaultISR
</UL>
<BR>[Address Reference Count : 1]<UL><LI> startup_rvmdk.o(RESET)
</UL>
<P><STRONG><a name="[22154f4]"></a>IntDefaultHandler</STRONG> (Thumb, 0 bytes, Stack size unknown bytes, startup_rvmdk.o(RESET))
<BR><BR>[Calls]<UL><LI><a href="#[22154f4]">&gt;&gt;</a>&nbsp;&nbsp;&nbsp;IntDefaultHandler
</UL>
<BR>[Called By]<UL><LI><a href="#[22154f4]">&gt;&gt;</a>&nbsp;&nbsp;&nbsp;IntDefaultHandler
</UL>
<BR>[Address Reference Count : 1]<UL><LI> startup_rvmdk.o(RESET)
</UL>
<P><STRONG><a name="[22124ac]"></a>CANRegRead</STRONG> (Thumb, 96 bytes, Stack size 16 bytes, can.o(i.CANRegRead))
<BR><BR>[Stack]<UL><LI>Max Depth = 16<LI>Call Chain = CANRegRead
</UL>
<BR>[Calls]<UL><LI><a href="#[2211930]">&gt;&gt;</a>&nbsp;&nbsp;&nbsp;IntDisable
<LI><a href="#[22173a8]">&gt;&gt;</a>&nbsp;&nbsp;&nbsp;IntEnable
</UL>
<BR>[Called By]<UL><LI><a href="#[2217420]">&gt;&gt;</a>&nbsp;&nbsp;&nbsp;CANStatusGet
<LI><a href="#[221745c]">&gt;&gt;</a>&nbsp;&nbsp;&nbsp;CANMessageSet
<LI><a href="#[2217498]">&gt;&gt;</a>&nbsp;&nbsp;&nbsp;CANMessageGet
<LI><a href="#[22174d4]">&gt;&gt;</a>&nbsp;&nbsp;&nbsp;CANMessageClear
<LI><a href="#[2217510]">&gt;&gt;</a>&nbsp;&nbsp;&nbsp;CANIntStatus
<LI><a href="#[221754c]">&gt;&gt;</a>&nbsp;&nbsp;&nbsp;CANIntEnable
<LI><a href="#[2217588]">&gt;&gt;</a>&nbsp;&nbsp;&nbsp;CANIntClear
<LI><a href="#[22175c4]">&gt;&gt;</a>&nbsp;&nbsp;&nbsp;CANInit
<LI><a href="#[2217600]">&gt;&gt;</a>&nbsp;&nbsp;&nbsp;CANEnable
<LI><a href="#[221763c]">&gt;&gt;</a>&nbsp;&nbsp;&nbsp;CANBitTimingSet
</UL>
<P>
<H3>
Undefined Global Symbols
</H3><HR></body></html>
