<!doctype html public "-//w3c//dtd html 4.0 transitional//en">
<html><head>
<title>Static Call Graph - [.\rvmdk\qs_ek-lm3s8962.axf]</title></head>
<body><HR>
<H1>Static Call Graph for image .\rvmdk\qs_ek-lm3s8962.axf</H1><HR>
<BR><P>#&#060CALLGRAPH&#062# ARM Linker, RVCT4.0 [Build 484]: Last Updated: Sun Feb 14 22:16:46 2021
<BR><P>
<H3>Maximum Stack Usage =        104 bytes + Unknown(Functions without stacksize, Cycles, Untraceable Function Pointers)</H3><H3>
Call chain for Maximum Stack Depth:</H3>
main &rArr; CANConfigure &rArr; CANConfigureNetwork &rArr; CANMessageSet &rArr; CANRegRead
<P>
<H3>
Functions with no stack information
</H3><UL>
 <LI><a href="#[21a3234]">Reset_Handler</a>
 <LI><a href="#[21a3414]">NmiSR</a>
 <LI><a href="#[21a33d8]">FaultISR</a>
 <LI><a href="#[21a339c]">IntDefaultHandler</a>
</UL>
</UL>
<P>
<H3>
Mutually Recursive functions
</H3> <LI><a href="#[21a63e4]">UARTCharPut</a>&nbsp;&nbsp;&nbsp;&rArr;&nbsp;&nbsp;&nbsp;<a href="#[21a63e4]">UARTCharPut</a><BR>
 <LI><a href="#[21a4314]">UARTConfigSetExpClk</a>&nbsp;&nbsp;&nbsp;&rArr;&nbsp;&nbsp;&nbsp;<a href="#[21a4314]">UARTConfigSetExpClk</a><BR>
 <LI><a href="#[2e3b6e4]">SysCtlDelay</a>&nbsp;&nbsp;&nbsp;&rArr;&nbsp;&nbsp;&nbsp;<a href="#[2e3b6e4]">SysCtlDelay</a><BR>
 <LI><a href="#[21a3414]">NmiSR</a>&nbsp;&nbsp;&nbsp;&rArr;&nbsp;&nbsp;&nbsp;<a href="#[21a3414]">NmiSR</a><BR>
 <LI><a href="#[21a33d8]">FaultISR</a>&nbsp;&nbsp;&nbsp;&rArr;&nbsp;&nbsp;&nbsp;<a href="#[21a33d8]">FaultISR</a><BR>
 <LI><a href="#[21a339c]">IntDefaultHandler</a>&nbsp;&nbsp;&nbsp;&rArr;&nbsp;&nbsp;&nbsp;<a href="#[21a339c]">IntDefaultHandler</a><BR>
</UL>
<P>
<H3>
Function Pointers
</H3><UL>
 <LI><a href="#[21a3234]">Reset_Handler</a>
 <LI><a href="#[21a3414]">NmiSR</a>
 <LI><a href="#[21a33d8]">FaultISR</a>
 <LI><a href="#[21a339c]">IntDefaultHandler</a>
 <LI><a href="#[21a339c]">IntDefaultHandler</a>
 <LI><a href="#[21a339c]">IntDefaultHandler</a>
 <LI><a href="#[21a339c]">IntDefaultHandler</a>
 <LI><a href="#[21a339c]">IntDefaultHandler</a>
 <LI><a href="#[21a339c]">IntDefaultHandler</a>
 <LI><a href="#[21a4710]">SysTickIntHandler</a>
 <LI><a href="#[21a339c]">IntDefaultHandler</a>
 <LI><a href="#[21a339c]">IntDefaultHandler</a>
 <LI><a href="#[21a339c]">IntDefaultHandler</a>
 <LI><a href="#[21a339c]">IntDefaultHandler</a>
 <LI><a href="#[21a339c]">IntDefaultHandler</a>
 <LI><a href="#[21a339c]">IntDefaultHandler</a>
 <LI><a href="#[21a339c]">IntDefaultHandler</a>
 <LI><a href="#[21a339c]">IntDefaultHandler</a>
 <LI><a href="#[21a339c]">IntDefaultHandler</a>
 <LI><a href="#[21a339c]">IntDefaultHandler</a>
 <LI><a href="#[21a339c]">IntDefaultHandler</a>
 <LI><a href="#[21a339c]">IntDefaultHandler</a>
 <LI><a href="#[21a339c]">IntDefaultHandler</a>
 <LI><a href="#[21a339c]">IntDefaultHandler</a>
 <LI><a href="#[21a339c]">IntDefaultHandler</a>
 <LI><a href="#[21a339c]">IntDefaultHandler</a>
 <LI><a href="#[21a339c]">IntDefaultHandler</a>
 <LI><a href="#[21a339c]">IntDefaultHandler</a>
 <LI><a href="#[21a339c]">IntDefaultHandler</a>
 <LI><a href="#[21a339c]">IntDefaultHandler</a>
 <LI><a href="#[21a339c]">IntDefaultHandler</a>
 <LI><a href="#[21a339c]">IntDefaultHandler</a>
 <LI><a href="#[21a339c]">IntDefaultHandler</a>
 <LI><a href="#[21a339c]">IntDefaultHandler</a>
 <LI><a href="#[21a339c]">IntDefaultHandler</a>
 <LI><a href="#[21a339c]">IntDefaultHandler</a>
 <LI><a href="#[21a339c]">IntDefaultHandler</a>
 <LI><a href="#[21a339c]">IntDefaultHandler</a>
 <LI><a href="#[21a339c]">IntDefaultHandler</a>
 <LI><a href="#[21a339c]">IntDefaultHandler</a>
 <LI><a href="#[21a339c]">IntDefaultHandler</a>
 <LI><a href="#[21a339c]">IntDefaultHandler</a>
 <LI><a href="#[21a339c]">IntDefaultHandler</a>
 <LI><a href="#[21a339c]">IntDefaultHandler</a>
 <LI><a href="#[21a339c]">IntDefaultHandler</a>
 <LI><a href="#[21a339c]">IntDefaultHandler</a>
 <LI><a href="#[21a339c]">IntDefaultHandler</a>
 <LI><a href="#[21a339c]">IntDefaultHandler</a>
 <LI><a href="#[21a339c]">IntDefaultHandler</a>
 <LI><a href="#[21a6768]">CANHandler</a>
 <LI><a href="#[21a339c]">IntDefaultHandler</a>
 <LI><a href="#[21a339c]">IntDefaultHandler</a>
 <LI><a href="#[21a339c]">IntDefaultHandler</a>
 <LI><a href="#[21a339c]">IntDefaultHandler</a>
 <LI><a href="#[21a46d4]">main</a>
</UL>
<P>
<H3>
Global Symbols
</H3>
<P><STRONG><a name="[21a3234]"></a>Reset_Handler</STRONG> (Thumb, 0 bytes, Stack size unknown bytes, startup_rvmdk.o(RESET))
<BR><BR>[Calls]<UL><LI><a href="#[2e36590]">&gt;&gt;</a>&nbsp;&nbsp;&nbsp;__main
</UL>

<P><STRONG><a name="[2e36590]"></a>__main</STRONG> (Thumb, 0 bytes, Stack size unknown bytes, entry.o(.ARM.Collect$$$$00000000))
<BR><BR>[Calls]<UL><LI><a href="#[2e35fb4]">&gt;&gt;</a>&nbsp;&nbsp;&nbsp;__scatterload
</UL>
<BR>[Called By]<UL><LI><a href="#[21a3234]">&gt;&gt;</a>&nbsp;&nbsp;&nbsp;Reset_Handler
</UL>

<P><STRONG><a name="[2e36554]"></a>__main_after_scatterload</STRONG> (Thumb, 0 bytes, Stack size unknown bytes, entry.o(.ARM.Collect$$$$00000000))
<BR><BR>[Called By]<UL><LI><a href="#[2e35fb4]">&gt;&gt;</a>&nbsp;&nbsp;&nbsp;__scatterload
</UL>

<P><STRONG><a name="[2e3620c]"></a>_main_stk</STRONG> (Thumb, 0 bytes, Stack size unknown bytes, entry2.o(.ARM.Collect$$$$00000001))

<P><STRONG><a name="[2e360e0]"></a>_main_init</STRONG> (Thumb, 0 bytes, Stack size unknown bytes, entry6.o(.ARM.Collect$$$$00000006))

<P><STRONG><a name="[2e3b6e4]"></a>SysCtlDelay</STRONG> (Thumb, 6 bytes, Stack size 0 bytes, sysctl.o(.emb_text))
<BR><BR>[Calls]<UL><LI><a href="#[2e3b6e4]">&gt;&gt;</a>&nbsp;&nbsp;&nbsp;SysCtlDelay
</UL>
<BR>[Called By]<UL><LI><a href="#[21a447c]">&gt;&gt;</a>&nbsp;&nbsp;&nbsp;SysCtlClockSet
<LI><a href="#[2e3b6e4]">&gt;&gt;</a>&nbsp;&nbsp;&nbsp;SysCtlDelay
</UL>

<P><STRONG><a name="[21a7e60]"></a>AudioVolume</STRONG> (Thumb, 68 bytes, Stack size 16 bytes, audio.o(.text))
<BR><BR>[Stack]<UL><LI>Max Depth = 16<LI>Call Chain = AudioVolume
</UL>
<BR>[Calls]<UL><LI><a href="#[21a7adc]">&gt;&gt;</a>&nbsp;&nbsp;&nbsp;PWMSyncUpdate
<LI><a href="#[21a7b18]">&gt;&gt;</a>&nbsp;&nbsp;&nbsp;PWMOutputState
<LI><a href="#[21a7b54]">&gt;&gt;</a>&nbsp;&nbsp;&nbsp;PWMOutputInvert
</UL>
<BR>[Called By]<UL><LI><a href="#[21a7c80]">&gt;&gt;</a>&nbsp;&nbsp;&nbsp;AudioPlaySound
<LI><a href="#[21a7cbc]">&gt;&gt;</a>&nbsp;&nbsp;&nbsp;AudioPlaySong
<LI><a href="#[21a7de8]">&gt;&gt;</a>&nbsp;&nbsp;&nbsp;AudioVolumeDown
<LI><a href="#[21a7e24]">&gt;&gt;</a>&nbsp;&nbsp;&nbsp;AudioVolumeUp
</UL>

<P><STRONG><a name="[21a7e24]"></a>AudioVolumeUp</STRONG> (Thumb, 32 bytes, Stack size 0 bytes, audio.o(.text))
<BR><BR>[Stack]<UL><LI>Max Depth = 16<LI>Call Chain = AudioVolumeUp &rArr; AudioVolume
</UL>
<BR>[Calls]<UL><LI><a href="#[21a7e60]">&gt;&gt;</a>&nbsp;&nbsp;&nbsp;AudioVolume
</UL>
<BR>[Called By]<UL><LI><a href="#[21a6768]">&gt;&gt;</a>&nbsp;&nbsp;&nbsp;CANHandler
</UL>

<P><STRONG><a name="[21a7de8]"></a>AudioVolumeDown</STRONG> (Thumb, 28 bytes, Stack size 0 bytes, audio.o(.text))
<BR><BR>[Stack]<UL><LI>Max Depth = 16<LI>Call Chain = AudioVolumeDown &rArr; AudioVolume
</UL>
<BR>[Calls]<UL><LI><a href="#[21a7e60]">&gt;&gt;</a>&nbsp;&nbsp;&nbsp;AudioVolume
</UL>
<BR>[Called By]<UL><LI><a href="#[21a6768]">&gt;&gt;</a>&nbsp;&nbsp;&nbsp;CANHandler
</UL>

<P><STRONG><a name="[21a7dac]"></a>AudioVolumeGet</STRONG> (Thumb, 6 bytes, Stack size 0 bytes, audio.o(.text), UNUSED)

<P><STRONG><a name="[21a7d70]"></a>AudioHandler</STRONG> (Thumb, 160 bytes, Stack size 24 bytes, audio.o(.text))
<BR><BR>[Stack]<UL><LI>Max Depth = 32<LI>Call Chain = AudioHandler &rArr; AudioMute
</UL>
<BR>[Calls]<UL><LI><a href="#[21a7adc]">&gt;&gt;</a>&nbsp;&nbsp;&nbsp;PWMSyncUpdate
<LI><a href="#[21a7b90]">&gt;&gt;</a>&nbsp;&nbsp;&nbsp;PWMGenPeriodSet
<LI><a href="#[21a85e0]">&gt;&gt;</a>&nbsp;&nbsp;&nbsp;AudioMute
</UL>
<BR>[Called By]<UL><LI><a href="#[21a4710]">&gt;&gt;</a>&nbsp;&nbsp;&nbsp;SysTickIntHandler
</UL>

<P><STRONG><a name="[21a7d34]"></a>AudioOff</STRONG> (Thumb, 16 bytes, Stack size 8 bytes, audio.o(.text), UNUSED)
<BR><BR>[Calls]<UL><LI><a href="#[21a85e0]">&gt;&gt;</a>&nbsp;&nbsp;&nbsp;AudioMute
</UL>

<P><STRONG><a name="[21a7cf8]"></a>AudioOn</STRONG> (Thumb, 48 bytes, Stack size 8 bytes, audio.o(.text))
<BR><BR>[Stack]<UL><LI>Max Depth = 16<LI>Call Chain = AudioOn &rArr; AudioMute
</UL>
<BR>[Calls]<UL><LI><a href="#[21a7b18]">&gt;&gt;</a>&nbsp;&nbsp;&nbsp;PWMOutputState
<LI><a href="#[21a7bcc]">&gt;&gt;</a>&nbsp;&nbsp;&nbsp;PWMGenEnable
<LI><a href="#[21a7c08]">&gt;&gt;</a>&nbsp;&nbsp;&nbsp;PWMGenDisable
<LI><a href="#[21a7c44]">&gt;&gt;</a>&nbsp;&nbsp;&nbsp;PWMGenConfigure
<LI><a href="#[21a85e0]">&gt;&gt;</a>&nbsp;&nbsp;&nbsp;AudioMute
</UL>
<BR>[Called By]<UL><LI><a href="#[21a46d4]">&gt;&gt;</a>&nbsp;&nbsp;&nbsp;main
</UL>

<P><STRONG><a name="[21a7cbc]"></a>AudioPlaySong</STRONG> (Thumb, 16 bytes, Stack size 0 bytes, audio.o(.text), UNUSED)
<BR><BR>[Calls]<UL><LI><a href="#[21a7e60]">&gt;&gt;</a>&nbsp;&nbsp;&nbsp;AudioVolume
</UL>

<P><STRONG><a name="[21a7c80]"></a>AudioPlaySound</STRONG> (Thumb, 16 bytes, Stack size 0 bytes, audio.o(.text), UNUSED)
<BR><BR>[Calls]<UL><LI><a href="#[21a7e60]">&gt;&gt;</a>&nbsp;&nbsp;&nbsp;AudioVolume
</UL>

<P><STRONG><a name="[21a68d0]"></a>CANMain</STRONG> (Thumb, 102 bytes, Stack size 24 bytes, can_net.o(.text), UNUSED)
<BR><BR>[Calls]<UL><LI><a href="#[21a6510]">&gt;&gt;</a>&nbsp;&nbsp;&nbsp;CANMessageSet
<LI><a href="#[21a654c]">&gt;&gt;</a>&nbsp;&nbsp;&nbsp;CANMessageGet
</UL>

<P><STRONG><a name="[21a6894]"></a>ProcessInterrupts</STRONG> (Thumb, 62 bytes, Stack size 16 bytes, can_net.o(.text))
<BR><BR>[Stack]<UL><LI>Max Depth = 72<LI>Call Chain = ProcessInterrupts &rArr; CANMessageSet &rArr; CANRegRead
</UL>
<BR>[Calls]<UL><LI><a href="#[21a6510]">&gt;&gt;</a>&nbsp;&nbsp;&nbsp;CANMessageSet
</UL>
<BR>[Called By]<UL><LI><a href="#[21a46d4]">&gt;&gt;</a>&nbsp;&nbsp;&nbsp;main
</UL>

<P><STRONG><a name="[21a6858]"></a>CANGetTargetVersion</STRONG> (Thumb, 82 bytes, Stack size 16 bytes, can_net.o(.text), UNUSED)
<BR><BR>[Calls]<UL><LI><a href="#[21a6510]">&gt;&gt;</a>&nbsp;&nbsp;&nbsp;CANMessageSet
<LI><a href="#[21a654c]">&gt;&gt;</a>&nbsp;&nbsp;&nbsp;CANMessageGet
</UL>

<P><STRONG><a name="[21a681c]"></a>CANUpdateTargetLED</STRONG> (Thumb, 46 bytes, Stack size 0 bytes, can_net.o(.text), UNUSED)
<BR><BR>[Calls]<UL><LI><a href="#[21a6510]">&gt;&gt;</a>&nbsp;&nbsp;&nbsp;CANMessageSet
</UL>

<P><STRONG><a name="[21a67e0]"></a>CANConfigureNetwork</STRONG> (Thumb, 128 bytes, Stack size 24 bytes, can_net.o(.text))
<BR><BR>[Stack]<UL><LI>Max Depth = 80<LI>Call Chain = CANConfigureNetwork &rArr; CANMessageSet &rArr; CANRegRead
</UL>
<BR>[Calls]<UL><LI><a href="#[21a6510]">&gt;&gt;</a>&nbsp;&nbsp;&nbsp;CANMessageSet
</UL>
<BR>[Called By]<UL><LI><a href="#[21a672c]">&gt;&gt;</a>&nbsp;&nbsp;&nbsp;CANConfigure
</UL>

<P><STRONG><a name="[21a67a4]"></a>UARTSend</STRONG> (Thumb, 30 bytes, Stack size 16 bytes, can_net.o(.text), UNUSED)
<BR><BR>[Calls]<UL><LI><a href="#[21a63e4]">&gt;&gt;</a>&nbsp;&nbsp;&nbsp;UARTCharPut
</UL>

<P><STRONG><a name="[21a6768]"></a>CANHandler</STRONG> (Thumb, 288 bytes, Stack size 32 bytes, can_net.o(.text))
<BR><BR>[Stack]<UL><LI>Max Depth = 80<LI>Call Chain = CANHandler &rArr; CANMessageGet &rArr; CANRegRead
</UL>
<BR>[Calls]<UL><LI><a href="#[21a63e4]">&gt;&gt;</a>&nbsp;&nbsp;&nbsp;UARTCharPut
<LI><a href="#[21a64d4]">&gt;&gt;</a>&nbsp;&nbsp;&nbsp;CANStatusGet
<LI><a href="#[21a654c]">&gt;&gt;</a>&nbsp;&nbsp;&nbsp;CANMessageGet
<LI><a href="#[21a6588]">&gt;&gt;</a>&nbsp;&nbsp;&nbsp;CANMessageClear
<LI><a href="#[21a65c4]">&gt;&gt;</a>&nbsp;&nbsp;&nbsp;CANIntStatus
<LI><a href="#[21a663c]">&gt;&gt;</a>&nbsp;&nbsp;&nbsp;CANIntClear
<LI><a href="#[21a7de8]">&gt;&gt;</a>&nbsp;&nbsp;&nbsp;AudioVolumeDown
<LI><a href="#[21a7e24]">&gt;&gt;</a>&nbsp;&nbsp;&nbsp;AudioVolumeUp
</UL>
<BR>[Address Reference Count : 1]<UL><LI> startup_rvmdk.o(RESET)
</UL>
<P><STRONG><a name="[21a672c]"></a>CANConfigure</STRONG> (Thumb, 66 bytes, Stack size 8 bytes, can_net.o(.text))
<BR><BR>[Stack]<UL><LI>Max Depth = 88<LI>Call Chain = CANConfigure &rArr; CANConfigureNetwork &rArr; CANMessageSet &rArr; CANRegRead
</UL>
<BR>[Calls]<UL><LI><a href="#[21a6420]">&gt;&gt;</a>&nbsp;&nbsp;&nbsp;SysCtlPeripheralEnable
<LI><a href="#[21a645c]">&gt;&gt;</a>&nbsp;&nbsp;&nbsp;IntEnable
<LI><a href="#[21a6498]">&gt;&gt;</a>&nbsp;&nbsp;&nbsp;GPIOPinTypeCAN
<LI><a href="#[21a6600]">&gt;&gt;</a>&nbsp;&nbsp;&nbsp;CANIntEnable
<LI><a href="#[21a6678]">&gt;&gt;</a>&nbsp;&nbsp;&nbsp;CANInit
<LI><a href="#[21a66b4]">&gt;&gt;</a>&nbsp;&nbsp;&nbsp;CANEnable
<LI><a href="#[21a66f0]">&gt;&gt;</a>&nbsp;&nbsp;&nbsp;CANBitTimingSet
<LI><a href="#[21a67e0]">&gt;&gt;</a>&nbsp;&nbsp;&nbsp;CANConfigureNetwork
</UL>
<BR>[Called By]<UL><LI><a href="#[21a46d4]">&gt;&gt;</a>&nbsp;&nbsp;&nbsp;main
</UL>

<P><STRONG><a name="[21a4710]"></a>SysTickIntHandler</STRONG> (Thumb, 210 bytes, Stack size 24 bytes, qs_ek-lm3s8962.o(.text))
<BR><BR>[Stack]<UL><LI>Max Depth = 56<LI>Call Chain = SysTickIntHandler &rArr; AudioHandler &rArr; AudioMute
</UL>
<BR>[Calls]<UL><LI><a href="#[21a44f4]">&gt;&gt;</a>&nbsp;&nbsp;&nbsp;RandomAddEntropy
<LI><a href="#[21a465c]">&gt;&gt;</a>&nbsp;&nbsp;&nbsp;GPIOPinRead
<LI><a href="#[21a7d70]">&gt;&gt;</a>&nbsp;&nbsp;&nbsp;AudioHandler
</UL>
<BR>[Address Reference Count : 1]<UL><LI> startup_rvmdk.o(RESET)
</UL>
<P><STRONG><a name="[21a46d4]"></a>main</STRONG> (Thumb, 342 bytes, Stack size 16 bytes, qs_ek-lm3s8962.o(.text))
<BR><BR>[Stack]<UL><LI>Max Depth = 104<LI>Call Chain = main &rArr; CANConfigure &rArr; CANConfigureNetwork &rArr; CANMessageSet &rArr; CANRegRead
</UL>
<BR>[Calls]<UL><LI><a href="#[21a42d8]">&gt;&gt;</a>&nbsp;&nbsp;&nbsp;UARTEnable
<LI><a href="#[21a4314]">&gt;&gt;</a>&nbsp;&nbsp;&nbsp;UARTConfigSetExpClk
<LI><a href="#[21a4350]">&gt;&gt;</a>&nbsp;&nbsp;&nbsp;SysTickPeriodSet
<LI><a href="#[21a438c]">&gt;&gt;</a>&nbsp;&nbsp;&nbsp;SysTickIntEnable
<LI><a href="#[21a43c8]">&gt;&gt;</a>&nbsp;&nbsp;&nbsp;SysTickEnable
<LI><a href="#[21a4404]">&gt;&gt;</a>&nbsp;&nbsp;&nbsp;SysCtlPWMClockSet
<LI><a href="#[21a4440]">&gt;&gt;</a>&nbsp;&nbsp;&nbsp;SysCtlLDOSet
<LI><a href="#[21a447c]">&gt;&gt;</a>&nbsp;&nbsp;&nbsp;SysCtlClockSet
<LI><a href="#[21a44b8]">&gt;&gt;</a>&nbsp;&nbsp;&nbsp;SysCtlClockGet
<LI><a href="#[21a4530]">&gt;&gt;</a>&nbsp;&nbsp;&nbsp;GPIOPinWrite
<LI><a href="#[21a456c]">&gt;&gt;</a>&nbsp;&nbsp;&nbsp;GPIOPinTypeUART
<LI><a href="#[21a45a8]">&gt;&gt;</a>&nbsp;&nbsp;&nbsp;GPIOPinTypePWM
<LI><a href="#[21a45e4]">&gt;&gt;</a>&nbsp;&nbsp;&nbsp;GPIOPinTypeGPIOOutput
<LI><a href="#[21a4620]">&gt;&gt;</a>&nbsp;&nbsp;&nbsp;GPIOPinTypeGPIOInput
<LI><a href="#[21a4698]">&gt;&gt;</a>&nbsp;&nbsp;&nbsp;GPIOPadConfigSet
<LI><a href="#[21a63e4]">&gt;&gt;</a>&nbsp;&nbsp;&nbsp;UARTCharPut
<LI><a href="#[21a6420]">&gt;&gt;</a>&nbsp;&nbsp;&nbsp;SysCtlPeripheralEnable
<LI><a href="#[21a672c]">&gt;&gt;</a>&nbsp;&nbsp;&nbsp;CANConfigure
<LI><a href="#[21a6894]">&gt;&gt;</a>&nbsp;&nbsp;&nbsp;ProcessInterrupts
<LI><a href="#[21a7cf8]">&gt;&gt;</a>&nbsp;&nbsp;&nbsp;AudioOn
</UL>
<BR>[Address Reference Count : 1]<UL><LI> entry6.o(.ARM.Collect$$$$00000006)
</UL>
<P><STRONG><a name="[21a44f4]"></a>RandomAddEntropy</STRONG> (Thumb, 18 bytes, Stack size 0 bytes, random.o(.text))
<BR><BR>[Called By]<UL><LI><a href="#[21a4710]">&gt;&gt;</a>&nbsp;&nbsp;&nbsp;SysTickIntHandler
</UL>

<P><STRONG><a name="[21a3dec]"></a>RandomSeed</STRONG> (Thumb, 376 bytes, Stack size 24 bytes, random.o(.text), UNUSED)

<P><STRONG><a name="[21a3db0]"></a>RandomNumber</STRONG> (Thumb, 16 bytes, Stack size 0 bytes, random.o(.text), UNUSED)

<P><STRONG><a name="[2e35fb4]"></a>__scatterload</STRONG> (Thumb, 28 bytes, Stack size 0 bytes, init.o(.text))
<BR><BR>[Calls]<UL><LI><a href="#[2e36554]">&gt;&gt;</a>&nbsp;&nbsp;&nbsp;__main_after_scatterload
</UL>
<BR>[Called By]<UL><LI><a href="#[2e36590]">&gt;&gt;</a>&nbsp;&nbsp;&nbsp;__main
</UL>

<P><STRONG><a name="[2e35f78]"></a>__scatterload_rt2</STRONG> (Thumb, 0 bytes, Stack size 0 bytes, init.o(.text), UNUSED)

<P><STRONG><a name="[21a66f0]"></a>CANBitTimingSet</STRONG> (Thumb, 126 bytes, Stack size 16 bytes, can.o(i.CANBitTimingSet))
<BR><BR>[Stack]<UL><LI>Max Depth = 32<LI>Call Chain = CANBitTimingSet &rArr; CANRegRead
</UL>
<BR>[Calls]<UL><LI><a href="#[21a159c]">&gt;&gt;</a>&nbsp;&nbsp;&nbsp;CANRegRead
</UL>
<BR>[Called By]<UL><LI><a href="#[21a672c]">&gt;&gt;</a>&nbsp;&nbsp;&nbsp;CANConfigure
</UL>

<P><STRONG><a name="[21a66b4]"></a>CANEnable</STRONG> (Thumb, 24 bytes, Stack size 8 bytes, can.o(i.CANEnable))
<BR><BR>[Stack]<UL><LI>Max Depth = 24<LI>Call Chain = CANEnable &rArr; CANRegRead
</UL>
<BR>[Calls]<UL><LI><a href="#[21a159c]">&gt;&gt;</a>&nbsp;&nbsp;&nbsp;CANRegRead
</UL>
<BR>[Called By]<UL><LI><a href="#[21a672c]">&gt;&gt;</a>&nbsp;&nbsp;&nbsp;CANConfigure
</UL>

<P><STRONG><a name="[21a6678]"></a>CANInit</STRONG> (Thumb, 150 bytes, Stack size 16 bytes, can.o(i.CANInit))
<BR><BR>[Stack]<UL><LI>Max Depth = 32<LI>Call Chain = CANInit &rArr; CANRegRead
</UL>
<BR>[Calls]<UL><LI><a href="#[21a159c]">&gt;&gt;</a>&nbsp;&nbsp;&nbsp;CANRegRead
</UL>
<BR>[Called By]<UL><LI><a href="#[21a672c]">&gt;&gt;</a>&nbsp;&nbsp;&nbsp;CANConfigure
</UL>

<P><STRONG><a name="[21a663c]"></a>CANIntClear</STRONG> (Thumb, 78 bytes, Stack size 16 bytes, can.o(i.CANIntClear))
<BR><BR>[Stack]<UL><LI>Max Depth = 32<LI>Call Chain = CANIntClear &rArr; CANRegRead
</UL>
<BR>[Calls]<UL><LI><a href="#[21a159c]">&gt;&gt;</a>&nbsp;&nbsp;&nbsp;CANRegRead
</UL>
<BR>[Called By]<UL><LI><a href="#[21a6768]">&gt;&gt;</a>&nbsp;&nbsp;&nbsp;CANHandler
</UL>

<P><STRONG><a name="[21a6600]"></a>CANIntEnable</STRONG> (Thumb, 24 bytes, Stack size 16 bytes, can.o(i.CANIntEnable))
<BR><BR>[Stack]<UL><LI>Max Depth = 32<LI>Call Chain = CANIntEnable &rArr; CANRegRead
</UL>
<BR>[Calls]<UL><LI><a href="#[21a159c]">&gt;&gt;</a>&nbsp;&nbsp;&nbsp;CANRegRead
</UL>
<BR>[Called By]<UL><LI><a href="#[21a672c]">&gt;&gt;</a>&nbsp;&nbsp;&nbsp;CANConfigure
</UL>

<P><STRONG><a name="[21a65c4]"></a>CANIntStatus</STRONG> (Thumb, 52 bytes, Stack size 16 bytes, can.o(i.CANIntStatus))
<BR><BR>[Stack]<UL><LI>Max Depth = 32<LI>Call Chain = CANIntStatus &rArr; CANRegRead
</UL>
<BR>[Calls]<UL><LI><a href="#[21a159c]">&gt;&gt;</a>&nbsp;&nbsp;&nbsp;CANRegRead
</UL>
<BR>[Called By]<UL><LI><a href="#[21a6768]">&gt;&gt;</a>&nbsp;&nbsp;&nbsp;CANHandler
</UL>

<P><STRONG><a name="[21a6588]"></a>CANMessageClear</STRONG> (Thumb, 70 bytes, Stack size 16 bytes, can.o(i.CANMessageClear))
<BR><BR>[Stack]<UL><LI>Max Depth = 32<LI>Call Chain = CANMessageClear &rArr; CANRegRead
</UL>
<BR>[Calls]<UL><LI><a href="#[21a159c]">&gt;&gt;</a>&nbsp;&nbsp;&nbsp;CANRegRead
</UL>
<BR>[Called By]<UL><LI><a href="#[21a6768]">&gt;&gt;</a>&nbsp;&nbsp;&nbsp;CANHandler
</UL>

<P><STRONG><a name="[21a654c]"></a>CANMessageGet</STRONG> (Thumb, 440 bytes, Stack size 32 bytes, can.o(i.CANMessageGet))
<BR><BR>[Stack]<UL><LI>Max Depth = 48<LI>Call Chain = CANMessageGet &rArr; CANRegRead
</UL>
<BR>[Calls]<UL><LI><a href="#[21a159c]">&gt;&gt;</a>&nbsp;&nbsp;&nbsp;CANRegRead
</UL>
<BR>[Called By]<UL><LI><a href="#[21a6768]">&gt;&gt;</a>&nbsp;&nbsp;&nbsp;CANHandler
<LI><a href="#[21a6858]">&gt;&gt;</a>&nbsp;&nbsp;&nbsp;CANGetTargetVersion
<LI><a href="#[21a68d0]">&gt;&gt;</a>&nbsp;&nbsp;&nbsp;CANMain
</UL>

<P><STRONG><a name="[21a6510]"></a>CANMessageSet</STRONG> (Thumb, 496 bytes, Stack size 40 bytes, can.o(i.CANMessageSet))
<BR><BR>[Stack]<UL><LI>Max Depth = 56<LI>Call Chain = CANMessageSet &rArr; CANRegRead
</UL>
<BR>[Calls]<UL><LI><a href="#[21a159c]">&gt;&gt;</a>&nbsp;&nbsp;&nbsp;CANRegRead
</UL>
<BR>[Called By]<UL><LI><a href="#[21a67e0]">&gt;&gt;</a>&nbsp;&nbsp;&nbsp;CANConfigureNetwork
<LI><a href="#[21a681c]">&gt;&gt;</a>&nbsp;&nbsp;&nbsp;CANUpdateTargetLED
<LI><a href="#[21a6858]">&gt;&gt;</a>&nbsp;&nbsp;&nbsp;CANGetTargetVersion
<LI><a href="#[21a6894]">&gt;&gt;</a>&nbsp;&nbsp;&nbsp;ProcessInterrupts
<LI><a href="#[21a68d0]">&gt;&gt;</a>&nbsp;&nbsp;&nbsp;CANMain
</UL>

<P><STRONG><a name="[21a64d4]"></a>CANStatusGet</STRONG> (Thumb, 116 bytes, Stack size 16 bytes, can.o(i.CANStatusGet))
<BR><BR>[Stack]<UL><LI>Max Depth = 32<LI>Call Chain = CANStatusGet &rArr; CANRegRead
</UL>
<BR>[Calls]<UL><LI><a href="#[21a159c]">&gt;&gt;</a>&nbsp;&nbsp;&nbsp;CANRegRead
</UL>
<BR>[Called By]<UL><LI><a href="#[21a6768]">&gt;&gt;</a>&nbsp;&nbsp;&nbsp;CANHandler
</UL>

<P><STRONG><a name="[219de10]"></a>GPIODirModeSet</STRONG> (Thumb, 40 bytes, Stack size 0 bytes, gpio.o(i.GPIODirModeSet))
<BR><BR>[Called By]<UL><LI><a href="#[21a456c]">&gt;&gt;</a>&nbsp;&nbsp;&nbsp;GPIOPinTypeUART
<LI><a href="#[21a45a8]">&gt;&gt;</a>&nbsp;&nbsp;&nbsp;GPIOPinTypePWM
<LI><a href="#[21a45e4]">&gt;&gt;</a>&nbsp;&nbsp;&nbsp;GPIOPinTypeGPIOOutput
<LI><a href="#[21a4620]">&gt;&gt;</a>&nbsp;&nbsp;&nbsp;GPIOPinTypeGPIOInput
<LI><a href="#[21a6498]">&gt;&gt;</a>&nbsp;&nbsp;&nbsp;GPIOPinTypeCAN
</UL>

<P><STRONG><a name="[21a4698]"></a>GPIOPadConfigSet</STRONG> (Thumb, 176 bytes, Stack size 0 bytes, gpio.o(i.GPIOPadConfigSet))
<BR><BR>[Called By]<UL><LI><a href="#[21a456c]">&gt;&gt;</a>&nbsp;&nbsp;&nbsp;GPIOPinTypeUART
<LI><a href="#[21a45a8]">&gt;&gt;</a>&nbsp;&nbsp;&nbsp;GPIOPinTypePWM
<LI><a href="#[21a45e4]">&gt;&gt;</a>&nbsp;&nbsp;&nbsp;GPIOPinTypeGPIOOutput
<LI><a href="#[21a4620]">&gt;&gt;</a>&nbsp;&nbsp;&nbsp;GPIOPinTypeGPIOInput
<LI><a href="#[21a46d4]">&gt;&gt;</a>&nbsp;&nbsp;&nbsp;main
<LI><a href="#[21a6498]">&gt;&gt;</a>&nbsp;&nbsp;&nbsp;GPIOPinTypeCAN
</UL>

<P><STRONG><a name="[21a465c]"></a>GPIOPinRead</STRONG> (Thumb, 6 bytes, Stack size 0 bytes, gpio.o(i.GPIOPinRead))
<BR><BR>[Called By]<UL><LI><a href="#[21a4710]">&gt;&gt;</a>&nbsp;&nbsp;&nbsp;SysTickIntHandler
</UL>

<P><STRONG><a name="[21a6498]"></a>GPIOPinTypeCAN</STRONG> (Thumb, 28 bytes, Stack size 12 bytes, gpio.o(i.GPIOPinTypeCAN))
<BR><BR>[Stack]<UL><LI>Max Depth = 12<LI>Call Chain = GPIOPinTypeCAN
</UL>
<BR>[Calls]<UL><LI><a href="#[219de10]">&gt;&gt;</a>&nbsp;&nbsp;&nbsp;GPIODirModeSet
<LI><a href="#[21a4698]">&gt;&gt;</a>&nbsp;&nbsp;&nbsp;GPIOPadConfigSet
</UL>
<BR>[Called By]<UL><LI><a href="#[21a672c]">&gt;&gt;</a>&nbsp;&nbsp;&nbsp;CANConfigure
</UL>

<P><STRONG><a name="[21a4620]"></a>GPIOPinTypeGPIOInput</STRONG> (Thumb, 28 bytes, Stack size 12 bytes, gpio.o(i.GPIOPinTypeGPIOInput))
<BR><BR>[Stack]<UL><LI>Max Depth = 12<LI>Call Chain = GPIOPinTypeGPIOInput
</UL>
<BR>[Calls]<UL><LI><a href="#[219de10]">&gt;&gt;</a>&nbsp;&nbsp;&nbsp;GPIODirModeSet
<LI><a href="#[21a4698]">&gt;&gt;</a>&nbsp;&nbsp;&nbsp;GPIOPadConfigSet
</UL>
<BR>[Called By]<UL><LI><a href="#[21a46d4]">&gt;&gt;</a>&nbsp;&nbsp;&nbsp;main
</UL>

<P><STRONG><a name="[21a45e4]"></a>GPIOPinTypeGPIOOutput</STRONG> (Thumb, 28 bytes, Stack size 12 bytes, gpio.o(i.GPIOPinTypeGPIOOutput))
<BR><BR>[Stack]<UL><LI>Max Depth = 12<LI>Call Chain = GPIOPinTypeGPIOOutput
</UL>
<BR>[Calls]<UL><LI><a href="#[219de10]">&gt;&gt;</a>&nbsp;&nbsp;&nbsp;GPIODirModeSet
<LI><a href="#[21a4698]">&gt;&gt;</a>&nbsp;&nbsp;&nbsp;GPIOPadConfigSet
</UL>
<BR>[Called By]<UL><LI><a href="#[21a46d4]">&gt;&gt;</a>&nbsp;&nbsp;&nbsp;main
</UL>

<P><STRONG><a name="[21a45a8]"></a>GPIOPinTypePWM</STRONG> (Thumb, 28 bytes, Stack size 12 bytes, gpio.o(i.GPIOPinTypePWM))
<BR><BR>[Stack]<UL><LI>Max Depth = 12<LI>Call Chain = GPIOPinTypePWM
</UL>
<BR>[Calls]<UL><LI><a href="#[219de10]">&gt;&gt;</a>&nbsp;&nbsp;&nbsp;GPIODirModeSet
<LI><a href="#[21a4698]">&gt;&gt;</a>&nbsp;&nbsp;&nbsp;GPIOPadConfigSet
</UL>
<BR>[Called By]<UL><LI><a href="#[21a46d4]">&gt;&gt;</a>&nbsp;&nbsp;&nbsp;main
</UL>

<P><STRONG><a name="[21a456c]"></a>GPIOPinTypeUART</STRONG> (Thumb, 28 bytes, Stack size 12 bytes, gpio.o(i.GPIOPinTypeUART))
<BR><BR>[Stack]<UL><LI>Max Depth = 12<LI>Call Chain = GPIOPinTypeUART
</UL>
<BR>[Calls]<UL><LI><a href="#[219de10]">&gt;&gt;</a>&nbsp;&nbsp;&nbsp;GPIODirModeSet
<LI><a href="#[21a4698]">&gt;&gt;</a>&nbsp;&nbsp;&nbsp;GPIOPadConfigSet
</UL>
<BR>[Called By]<UL><LI><a href="#[21a46d4]">&gt;&gt;</a>&nbsp;&nbsp;&nbsp;main
</UL>

<P><STRONG><a name="[21a4530]"></a>GPIOPinWrite</STRONG> (Thumb, 6 bytes, Stack size 0 bytes, gpio.o(i.GPIOPinWrite))
<BR><BR>[Called By]<UL><LI><a href="#[21a46d4]">&gt;&gt;</a>&nbsp;&nbsp;&nbsp;main
</UL>

<P><STRONG><a name="[21a0a20]"></a>IntDisable</STRONG> (Thumb, 104 bytes, Stack size 0 bytes, interrupt.o(i.IntDisable))
<BR><BR>[Called By]<UL><LI><a href="#[21a159c]">&gt;&gt;</a>&nbsp;&nbsp;&nbsp;CANRegRead
</UL>

<P><STRONG><a name="[21a645c]"></a>IntEnable</STRONG> (Thumb, 104 bytes, Stack size 0 bytes, interrupt.o(i.IntEnable))
<BR><BR>[Called By]<UL><LI><a href="#[21a159c]">&gt;&gt;</a>&nbsp;&nbsp;&nbsp;CANRegRead
<LI><a href="#[21a672c]">&gt;&gt;</a>&nbsp;&nbsp;&nbsp;CANConfigure
</UL>

<P><STRONG><a name="[21a7c44]"></a>PWMGenConfigure</STRONG> (Thumb, 38 bytes, Stack size 0 bytes, pwm.o(i.PWMGenConfigure))
<BR><BR>[Called By]<UL><LI><a href="#[21a7cf8]">&gt;&gt;</a>&nbsp;&nbsp;&nbsp;AudioOn
</UL>

<P><STRONG><a name="[21a7c08]"></a>PWMGenDisable</STRONG> (Thumb, 10 bytes, Stack size 0 bytes, pwm.o(i.PWMGenDisable))
<BR><BR>[Called By]<UL><LI><a href="#[21a7cf8]">&gt;&gt;</a>&nbsp;&nbsp;&nbsp;AudioOn
</UL>

<P><STRONG><a name="[21a7bcc]"></a>PWMGenEnable</STRONG> (Thumb, 10 bytes, Stack size 0 bytes, pwm.o(i.PWMGenEnable))
<BR><BR>[Called By]<UL><LI><a href="#[21a7cf8]">&gt;&gt;</a>&nbsp;&nbsp;&nbsp;AudioOn
</UL>

<P><STRONG><a name="[21a7b90]"></a>PWMGenPeriodSet</STRONG> (Thumb, 18 bytes, Stack size 0 bytes, pwm.o(i.PWMGenPeriodSet))
<BR><BR>[Called By]<UL><LI><a href="#[21a7d70]">&gt;&gt;</a>&nbsp;&nbsp;&nbsp;AudioHandler
<LI><a href="#[21a85e0]">&gt;&gt;</a>&nbsp;&nbsp;&nbsp;AudioMute
</UL>

<P><STRONG><a name="[21a7b54]"></a>PWMOutputInvert</STRONG> (Thumb, 16 bytes, Stack size 0 bytes, pwm.o(i.PWMOutputInvert))
<BR><BR>[Called By]<UL><LI><a href="#[21a7e60]">&gt;&gt;</a>&nbsp;&nbsp;&nbsp;AudioVolume
<LI><a href="#[21a85e0]">&gt;&gt;</a>&nbsp;&nbsp;&nbsp;AudioMute
</UL>

<P><STRONG><a name="[21a7b18]"></a>PWMOutputState</STRONG> (Thumb, 16 bytes, Stack size 0 bytes, pwm.o(i.PWMOutputState))
<BR><BR>[Called By]<UL><LI><a href="#[21a7cf8]">&gt;&gt;</a>&nbsp;&nbsp;&nbsp;AudioOn
<LI><a href="#[21a7e60]">&gt;&gt;</a>&nbsp;&nbsp;&nbsp;AudioVolume
<LI><a href="#[21a85e0]">&gt;&gt;</a>&nbsp;&nbsp;&nbsp;AudioMute
</UL>

<P><STRONG><a name="[21a7adc]"></a>PWMSyncUpdate</STRONG> (Thumb, 4 bytes, Stack size 0 bytes, pwm.o(i.PWMSyncUpdate))
<BR><BR>[Called By]<UL><LI><a href="#[21a7d70]">&gt;&gt;</a>&nbsp;&nbsp;&nbsp;AudioHandler
<LI><a href="#[21a7e60]">&gt;&gt;</a>&nbsp;&nbsp;&nbsp;AudioVolume
<LI><a href="#[21a85e0]">&gt;&gt;</a>&nbsp;&nbsp;&nbsp;AudioMute
</UL>

<P><STRONG><a name="[21a44b8]"></a>SysCtlClockGet</STRONG> (Thumb, 294 bytes, Stack size 8 bytes, sysctl.o(i.SysCtlClockGet))
<BR><BR>[Stack]<UL><LI>Max Depth = 8<LI>Call Chain = SysCtlClockGet
</UL>
<BR>[Called By]<UL><LI><a href="#[21a46d4]">&gt;&gt;</a>&nbsp;&nbsp;&nbsp;main
</UL>

<P><STRONG><a name="[21a447c]"></a>SysCtlClockSet</STRONG> (Thumb, 290 bytes, Stack size 24 bytes, sysctl.o(i.SysCtlClockSet))
<BR><BR>[Stack]<UL><LI>Max Depth = 24<LI>Call Chain = SysCtlClockSet
</UL>
<BR>[Calls]<UL><LI><a href="#[2e3b6e4]">&gt;&gt;</a>&nbsp;&nbsp;&nbsp;SysCtlDelay
</UL>
<BR>[Called By]<UL><LI><a href="#[21a46d4]">&gt;&gt;</a>&nbsp;&nbsp;&nbsp;main
</UL>

<P><STRONG><a name="[21a4440]"></a>SysCtlLDOSet</STRONG> (Thumb, 6 bytes, Stack size 0 bytes, sysctl.o(i.SysCtlLDOSet))
<BR><BR>[Called By]<UL><LI><a href="#[21a46d4]">&gt;&gt;</a>&nbsp;&nbsp;&nbsp;main
</UL>

<P><STRONG><a name="[21a4404]"></a>SysCtlPWMClockSet</STRONG> (Thumb, 14 bytes, Stack size 0 bytes, sysctl.o(i.SysCtlPWMClockSet))
<BR><BR>[Called By]<UL><LI><a href="#[21a46d4]">&gt;&gt;</a>&nbsp;&nbsp;&nbsp;main
</UL>

<P><STRONG><a name="[21a6420]"></a>SysCtlPeripheralEnable</STRONG> (Thumb, 26 bytes, Stack size 0 bytes, sysctl.o(i.SysCtlPeripheralEnable))
<BR><BR>[Called By]<UL><LI><a href="#[21a46d4]">&gt;&gt;</a>&nbsp;&nbsp;&nbsp;main
<LI><a href="#[21a672c]">&gt;&gt;</a>&nbsp;&nbsp;&nbsp;CANConfigure
</UL>

<P><STRONG><a name="[21a43c8]"></a>SysTickEnable</STRONG> (Thumb, 14 bytes, Stack size 0 bytes, systick.o(i.SysTickEnable))
<BR><BR>[Called By]<UL><LI><a href="#[21a46d4]">&gt;&gt;</a>&nbsp;&nbsp;&nbsp;main
</UL>

<P><STRONG><a name="[21a438c]"></a>SysTickIntEnable</STRONG> (Thumb, 14 bytes, Stack size 0 bytes, systick.o(i.SysTickIntEnable))
<BR><BR>[Called By]<UL><LI><a href="#[21a46d4]">&gt;&gt;</a>&nbsp;&nbsp;&nbsp;main
</UL>

<P><STRONG><a name="[21a4350]"></a>SysTickPeriodSet</STRONG> (Thumb, 10 bytes, Stack size 0 bytes, systick.o(i.SysTickPeriodSet))
<BR><BR>[Called By]<UL><LI><a href="#[21a46d4]">&gt;&gt;</a>&nbsp;&nbsp;&nbsp;main
</UL>

<P><STRONG><a name="[21a63e4]"></a>UARTCharPut</STRONG> (Thumb, 12 bytes, Stack size 0 bytes, uart.o(i.UARTCharPut))
<BR><BR>[Calls]<UL><LI><a href="#[21a63e4]">&gt;&gt;</a>&nbsp;&nbsp;&nbsp;UARTCharPut
</UL>
<BR>[Called By]<UL><LI><a href="#[21a46d4]">&gt;&gt;</a>&nbsp;&nbsp;&nbsp;main
<LI><a href="#[21a63e4]">&gt;&gt;</a>&nbsp;&nbsp;&nbsp;UARTCharPut
<LI><a href="#[21a6768]">&gt;&gt;</a>&nbsp;&nbsp;&nbsp;CANHandler
<LI><a href="#[21a67a4]">&gt;&gt;</a>&nbsp;&nbsp;&nbsp;UARTSend
</UL>

<P><STRONG><a name="[21a4314]"></a>UARTConfigSetExpClk</STRONG> (Thumb, 84 bytes, Stack size 0 bytes, uart.o(i.UARTConfigSetExpClk))
<BR><BR>[Calls]<UL><LI><a href="#[21a4314]">&gt;&gt;</a>&nbsp;&nbsp;&nbsp;UARTConfigSetExpClk
</UL>
<BR>[Called By]<UL><LI><a href="#[21a4314]">&gt;&gt;</a>&nbsp;&nbsp;&nbsp;UARTConfigSetExpClk
<LI><a href="#[21a46d4]">&gt;&gt;</a>&nbsp;&nbsp;&nbsp;main
</UL>

<P><STRONG><a name="[21a42d8]"></a>UARTEnable</STRONG> (Thumb, 20 bytes, Stack size 0 bytes, uart.o(i.UARTEnable))
<BR><BR>[Called By]<UL><LI><a href="#[21a46d4]">&gt;&gt;</a>&nbsp;&nbsp;&nbsp;main
</UL>

<P><STRONG><a name="[2e35bf4]"></a>__scatterload_copy</STRONG> (Thumb, 14 bytes, Stack size unknown bytes, handlers.o(i.__scatterload_copy), UNUSED)

<P><STRONG><a name="[2e35bb8]"></a>__scatterload_null</STRONG> (Thumb, 2 bytes, Stack size unknown bytes, handlers.o(i.__scatterload_null), UNUSED)

<P><STRONG><a name="[2e35b7c]"></a>__scatterload_zeroinit</STRONG> (Thumb, 14 bytes, Stack size unknown bytes, handlers.o(i.__scatterload_zeroinit), UNUSED)
<P>
<H3>
Local Symbols
</H3>
<P><STRONG><a name="[21a85e0]"></a>AudioMute</STRONG> (Thumb, 54 bytes, Stack size 8 bytes, audio.o(.text))
<BR><BR>[Stack]<UL><LI>Max Depth = 8<LI>Call Chain = AudioMute
</UL>
<BR>[Calls]<UL><LI><a href="#[21a7adc]">&gt;&gt;</a>&nbsp;&nbsp;&nbsp;PWMSyncUpdate
<LI><a href="#[21a7b18]">&gt;&gt;</a>&nbsp;&nbsp;&nbsp;PWMOutputState
<LI><a href="#[21a7b54]">&gt;&gt;</a>&nbsp;&nbsp;&nbsp;PWMOutputInvert
<LI><a href="#[21a7b90]">&gt;&gt;</a>&nbsp;&nbsp;&nbsp;PWMGenPeriodSet
</UL>
<BR>[Called By]<UL><LI><a href="#[21a7cf8]">&gt;&gt;</a>&nbsp;&nbsp;&nbsp;AudioOn
<LI><a href="#[21a7d34]">&gt;&gt;</a>&nbsp;&nbsp;&nbsp;AudioOff
<LI><a href="#[21a7d70]">&gt;&gt;</a>&nbsp;&nbsp;&nbsp;AudioHandler
</UL>

<P><STRONG><a name="[21a3414]"></a>NmiSR</STRONG> (Thumb, 0 bytes, Stack size unknown bytes, startup_rvmdk.o(RESET))
<BR><BR>[Calls]<UL><LI><a href="#[21a3414]">&gt;&gt;</a>&nbsp;&nbsp;&nbsp;NmiSR
</UL>
<BR>[Called By]<UL><LI><a href="#[21a3414]">&gt;&gt;</a>&nbsp;&nbsp;&nbsp;NmiSR
</UL>
<BR>[Address Reference Count : 1]<UL><LI> startup_rvmdk.o(RESET)
</UL>
<P><STRONG><a name="[21a33d8]"></a>FaultISR</STRONG> (Thumb, 0 bytes, Stack size unknown bytes, startup_rvmdk.o(RESET))
<BR><BR>[Calls]<UL><LI><a href="#[21a33d8]">&gt;&gt;</a>&nbsp;&nbsp;&nbsp;FaultISR
</UL>
<BR>[Called By]<UL><LI><a href="#[21a33d8]">&gt;&gt;</a>&nbsp;&nbsp;&nbsp;FaultISR
</UL>
<BR>[Address Reference Count : 1]<UL><LI> startup_rvmdk.o(RESET)
</UL>
<P><STRONG><a name="[21a339c]"></a>IntDefaultHandler</STRONG> (Thumb, 0 bytes, Stack size unknown bytes, startup_rvmdk.o(RESET))
<BR><BR>[Calls]<UL><LI><a href="#[21a339c]">&gt;&gt;</a>&nbsp;&nbsp;&nbsp;IntDefaultHandler
</UL>
<BR>[Called By]<UL><LI><a href="#[21a339c]">&gt;&gt;</a>&nbsp;&nbsp;&nbsp;IntDefaultHandler
</UL>
<BR>[Address Reference Count : 1]<UL><LI> startup_rvmdk.o(RESET)
</UL>
<P><STRONG><a name="[21a159c]"></a>CANRegRead</STRONG> (Thumb, 96 bytes, Stack size 16 bytes, can.o(i.CANRegRead))
<BR><BR>[Stack]<UL><LI>Max Depth = 16<LI>Call Chain = CANRegRead
</UL>
<BR>[Calls]<UL><LI><a href="#[21a0a20]">&gt;&gt;</a>&nbsp;&nbsp;&nbsp;IntDisable
<LI><a href="#[21a645c]">&gt;&gt;</a>&nbsp;&nbsp;&nbsp;IntEnable
</UL>
<BR>[Called By]<UL><LI><a href="#[21a64d4]">&gt;&gt;</a>&nbsp;&nbsp;&nbsp;CANStatusGet
<LI><a href="#[21a6510]">&gt;&gt;</a>&nbsp;&nbsp;&nbsp;CANMessageSet
<LI><a href="#[21a654c]">&gt;&gt;</a>&nbsp;&nbsp;&nbsp;CANMessageGet
<LI><a href="#[21a6588]">&gt;&gt;</a>&nbsp;&nbsp;&nbsp;CANMessageClear
<LI><a href="#[21a65c4]">&gt;&gt;</a>&nbsp;&nbsp;&nbsp;CANIntStatus
<LI><a href="#[21a6600]">&gt;&gt;</a>&nbsp;&nbsp;&nbsp;CANIntEnable
<LI><a href="#[21a663c]">&gt;&gt;</a>&nbsp;&nbsp;&nbsp;CANIntClear
<LI><a href="#[21a6678]">&gt;&gt;</a>&nbsp;&nbsp;&nbsp;CANInit
<LI><a href="#[21a66b4]">&gt;&gt;</a>&nbsp;&nbsp;&nbsp;CANEnable
<LI><a href="#[21a66f0]">&gt;&gt;</a>&nbsp;&nbsp;&nbsp;CANBitTimingSet
</UL>
<P>
<H3>
Undefined Global Symbols
</H3><HR></body></html>
