<html>
<body>
<pre>
<h1>µVision3 Build Log</h1>
<h2>Project:</h2>
G:\Git\CanBusPower\boards\ek-lm3s8962\CanCommTestPrj\CanComTestPrj.uv2
Project File Date:  02/15/2021

<h2>Output:</h2>
Build target 'Test-ECU'
compiling audio.c...
compiling can_net.c...
can_net.c(223): warning:  #177-D: variable "g_pucButtonMsg" was declared but never referenced
compiling images.c...
compiling random.c...
compiling sounds.c...
assembling startup_rvmdk.S...
compiling TestECUmain.c...
linking...
Program Size: Code=6004 RO-data=192 RW-data=116 ZI-data=1188  
User command #1: fromelf --bin --output .\rvmdk\qs_ek-lm3s8962.bin .\rvmdk\qs_ek-lm3s8962.axf
".\rvmdk\qs_ek-lm3s8962.axf" - 0 Error(s), 1 Warning(s).
Build target 'Test-ECU'
compiling audio.c...
compiling can_net.c...
can_net.c(223): warning:  #177-D: variable "g_pucButtonMsg" was declared but never referenced
compiling images.c...
compiling random.c...
compiling sounds.c...
assembling startup_rvmdk.S...
compiling TestECUmain.c...
linking...
Program Size: Code=6004 RO-data=192 RW-data=116 ZI-data=1188  
User command #1: fromelf --bin --output .\rvmdk\qs_ek-lm3s8962.bin .\rvmdk\qs_ek-lm3s8962.axf
".\rvmdk\qs_ek-lm3s8962.axf" - 0 Error(s), 1 Warning(s).
Load "G:\\Git\\CanBusPower\\boards\\ek-lm3s8962\\CanCommTestPrj\\rvmdk\\qs_ek-lm3s8962.AXF" 
Connecting: Mode=JTAG, Speed=1000000Hz
Erase Done.
Programming Done.
Verify OK.
