<html>
<body>
<pre>
<h1>µVision3 Build Log</h1>
<h2>Project:</h2>
G:\Git\CanBusPower\boards\ek-lm3s8962\CanCommTestPrj\CanComTestPrj.uv2
Project File Date:  02/14/2021

<h2>Output:</h2>
Build target 'qs_ek-lm3s8962'
compiling audio.c...
compiling can_net.c...
compiling images.c...
compiling qs_ek-lm3s8962.c...
compiling random.c...
compiling sounds.c...
assembling startup_rvmdk.S...
linking...
Program Size: Code=5844 RO-data=192 RW-data=120 ZI-data=1168  
User command #1: fromelf --bin --output .\rvmdk\qs_ek-lm3s8962.bin .\rvmdk\qs_ek-lm3s8962.axf
".\rvmdk\qs_ek-lm3s8962.axf" - 0 Error(s), 0 Warning(s).
Load "G:\\Git\\CanBusPower\\boards\\ek-lm3s8962\\CanCommTestPrj\\rvmdk\\qs_ek-lm3s8962.AXF" 
Connecting: Mode=JTAG, Speed=1000000Hz
Erase Done.
Programming Done.
Verify OK.
Build target 'qs_ek-lm3s8962'
compiling audio.c...
compiling can_net.c...
compiling images.c...
compiling qs_ek-lm3s8962.c...
compiling random.c...
compiling sounds.c...
assembling startup_rvmdk.S...
linking...
Program Size: Code=5844 RO-data=192 RW-data=120 ZI-data=1168  
User command #1: fromelf --bin --output .\rvmdk\qs_ek-lm3s8962.bin .\rvmdk\qs_ek-lm3s8962.axf
".\rvmdk\qs_ek-lm3s8962.axf" - 0 Error(s), 0 Warning(s).
Load "G:\\Git\\CanBusPower\\boards\\ek-lm3s8962\\CanCommTestPrj\\rvmdk\\qs_ek-lm3s8962.AXF" 
Connecting: Mode=JTAG, Speed=1000000Hz
Erase Done.
Programming Done.
Verify OK.
Build target 'qs_ek-lm3s8962'
compiling audio.c...
compiling can_net.c...
compiling images.c...
compiling qs_ek-lm3s8962.c...
compiling random.c...
compiling sounds.c...
assembling startup_rvmdk.S...
linking...
Program Size: Code=5844 RO-data=192 RW-data=120 ZI-data=1168  
User command #1: fromelf --bin --output .\rvmdk\qs_ek-lm3s8962.bin .\rvmdk\qs_ek-lm3s8962.axf
".\rvmdk\qs_ek-lm3s8962.axf" - 0 Error(s), 0 Warning(s).
Load "G:\\Git\\CanBusPower\\boards\\ek-lm3s8962\\CanCommTestPrj\\rvmdk\\qs_ek-lm3s8962.AXF" 
Connecting: Mode=JTAG, Speed=1000000Hz
Erase Done.
Programming Done.
Verify OK.
Build target 'qs_ek-lm3s8962'
compiling audio.c...
compiling can_net.c...
compiling images.c...
compiling qs_ek-lm3s8962.c...
compiling random.c...
compiling sounds.c...
assembling startup_rvmdk.S...
linking...
Program Size: Code=5852 RO-data=192 RW-data=120 ZI-data=1168  
User command #1: fromelf --bin --output .\rvmdk\qs_ek-lm3s8962.bin .\rvmdk\qs_ek-lm3s8962.axf
".\rvmdk\qs_ek-lm3s8962.axf" - 0 Error(s), 0 Warning(s).
Load "G:\\Git\\CanBusPower\\boards\\ek-lm3s8962\\CanCommTestPrj\\rvmdk\\qs_ek-lm3s8962.AXF" 
Connecting: Mode=JTAG, Speed=1000000Hz
Erase Done.
Programming Done.
Verify OK.
Build target 'qs_ek-lm3s8962'
compiling audio.c...
compiling can_net.c...
compiling images.c...
compiling qs_ek-lm3s8962.c...
compiling random.c...
compiling sounds.c...
assembling startup_rvmdk.S...
linking...
Program Size: Code=5928 RO-data=192 RW-data=120 ZI-data=1192  
User command #1: fromelf --bin --output .\rvmdk\qs_ek-lm3s8962.bin .\rvmdk\qs_ek-lm3s8962.axf
".\rvmdk\qs_ek-lm3s8962.axf" - 0 Error(s), 0 Warning(s).
Load "G:\\Git\\CanBusPower\\boards\\ek-lm3s8962\\CanCommTestPrj\\rvmdk\\qs_ek-lm3s8962.AXF" 
Connecting: Mode=JTAG, Speed=1000000Hz
Erase Done.
Programming Done.
Verify OK.
Build target 'qs_ek-lm3s8962'
compiling audio.c...
compiling can_net.c...
compiling images.c...
compiling qs_ek-lm3s8962.c...
qs_ek-lm3s8962.c(488): warning:  #223-D: function "ProcessInterrupts" declared implicitly
compiling random.c...
compiling sounds.c...
assembling startup_rvmdk.S...
linking...
Program Size: Code=5948 RO-data=192 RW-data=120 ZI-data=1192  
User command #1: fromelf --bin --output .\rvmdk\qs_ek-lm3s8962.bin .\rvmdk\qs_ek-lm3s8962.axf
".\rvmdk\qs_ek-lm3s8962.axf" - 0 Error(s), 1 Warning(s).
Build target 'qs_ek-lm3s8962'
compiling audio.c...
compiling can_net.c...
compiling images.c...
compiling qs_ek-lm3s8962.c...
compiling random.c...
compiling sounds.c...
assembling startup_rvmdk.S...
linking...
Program Size: Code=5948 RO-data=192 RW-data=120 ZI-data=1192  
User command #1: fromelf --bin --output .\rvmdk\qs_ek-lm3s8962.bin .\rvmdk\qs_ek-lm3s8962.axf
".\rvmdk\qs_ek-lm3s8962.axf" - 0 Error(s), 0 Warning(s).
Load "G:\\Git\\CanBusPower\\boards\\ek-lm3s8962\\CanCommTestPrj\\rvmdk\\qs_ek-lm3s8962.AXF" 
Connecting: Mode=JTAG, Speed=1000000Hz
Erase Done.
Programming Done.
Verify OK.
Build target 'qs_ek-lm3s8962'
compiling audio.c...
compiling can_net.c...
compiling images.c...
compiling qs_ek-lm3s8962.c...
compiling random.c...
compiling sounds.c...
assembling startup_rvmdk.S...
linking...
Program Size: Code=5952 RO-data=192 RW-data=120 ZI-data=1192  
User command #1: fromelf --bin --output .\rvmdk\qs_ek-lm3s8962.bin .\rvmdk\qs_ek-lm3s8962.axf
".\rvmdk\qs_ek-lm3s8962.axf" - 0 Error(s), 0 Warning(s).
Load "G:\\Git\\CanBusPower\\boards\\ek-lm3s8962\\CanCommTestPrj\\rvmdk\\qs_ek-lm3s8962.AXF" 
Connecting: Mode=JTAG, Speed=1000000Hz
Erase Done.
Programming Done.
Verify OK.
Build target 'qs_ek-lm3s8962'
compiling audio.c...
compiling can_net.c...
compiling images.c...
compiling qs_ek-lm3s8962.c...
compiling random.c...
compiling sounds.c...
assembling startup_rvmdk.S...
linking...
Program Size: Code=5948 RO-data=192 RW-data=120 ZI-data=1192  
User command #1: fromelf --bin --output .\rvmdk\qs_ek-lm3s8962.bin .\rvmdk\qs_ek-lm3s8962.axf
".\rvmdk\qs_ek-lm3s8962.axf" - 0 Error(s), 0 Warning(s).
Load "G:\\Git\\CanBusPower\\boards\\ek-lm3s8962\\CanCommTestPrj\\rvmdk\\qs_ek-lm3s8962.AXF" 
Connecting: Mode=JTAG, Speed=1000000Hz
Erase Done.
Programming Done.
Verify OK.
Build target 'qs_ek-lm3s8962'
compiling audio.c...
compiling can_net.c...
compiling images.c...
compiling qs_ek-lm3s8962.c...
compiling random.c...
compiling sounds.c...
assembling startup_rvmdk.S...
linking...
Program Size: Code=5956 RO-data=192 RW-data=120 ZI-data=1192  
User command #1: fromelf --bin --output .\rvmdk\qs_ek-lm3s8962.bin .\rvmdk\qs_ek-lm3s8962.axf
".\rvmdk\qs_ek-lm3s8962.axf" - 0 Error(s), 0 Warning(s).
Load "G:\\Git\\CanBusPower\\boards\\ek-lm3s8962\\CanCommTestPrj\\rvmdk\\qs_ek-lm3s8962.AXF" 
Connecting: Mode=JTAG, Speed=1000000Hz
Erase Done.
Programming Done.
Verify OK.
Build target 'qs_ek-lm3s8962'
compiling audio.c...
compiling can_net.c...
compiling images.c...
compiling qs_ek-lm3s8962.c...
compiling random.c...
compiling sounds.c...
assembling startup_rvmdk.S...
linking...
Program Size: Code=5960 RO-data=192 RW-data=120 ZI-data=1192  
User command #1: fromelf --bin --output .\rvmdk\qs_ek-lm3s8962.bin .\rvmdk\qs_ek-lm3s8962.axf
".\rvmdk\qs_ek-lm3s8962.axf" - 0 Error(s), 0 Warning(s).
Load "G:\\Git\\CanBusPower\\boards\\ek-lm3s8962\\CanCommTestPrj\\rvmdk\\qs_ek-lm3s8962.AXF" 
Connecting: Mode=JTAG, Speed=1000000Hz
Erase Done.
Programming Done.
Verify OK.
Build target 'qs_ek-lm3s8962'
compiling audio.c...
compiling can_net.c...
compiling images.c...
compiling qs_ek-lm3s8962.c...
compiling random.c...
compiling sounds.c...
assembling startup_rvmdk.S...
linking...
Program Size: Code=5952 RO-data=192 RW-data=120 ZI-data=1192  
User command #1: fromelf --bin --output .\rvmdk\qs_ek-lm3s8962.bin .\rvmdk\qs_ek-lm3s8962.axf
".\rvmdk\qs_ek-lm3s8962.axf" - 0 Error(s), 0 Warning(s).
Load "G:\\Git\\CanBusPower\\boards\\ek-lm3s8962\\CanCommTestPrj\\rvmdk\\qs_ek-lm3s8962.AXF" 
Connecting: Mode=JTAG, Speed=1000000Hz
Erase Done.
Programming Done.
Verify OK.
Build target 'qs_ek-lm3s8962'
compiling audio.c...
compiling can_net.c...
compiling images.c...
compiling qs_ek-lm3s8962.c...
compiling random.c...
compiling sounds.c...
assembling startup_rvmdk.S...
linking...
Program Size: Code=5944 RO-data=192 RW-data=120 ZI-data=1192  
User command #1: fromelf --bin --output .\rvmdk\qs_ek-lm3s8962.bin .\rvmdk\qs_ek-lm3s8962.axf
".\rvmdk\qs_ek-lm3s8962.axf" - 0 Error(s), 0 Warning(s).
Load "G:\\Git\\CanBusPower\\boards\\ek-lm3s8962\\CanCommTestPrj\\rvmdk\\qs_ek-lm3s8962.AXF" 
Connecting: Mode=JTAG, Speed=1000000Hz
Erase Done.
Programming Done.
Verify OK.
Build target 'qs_ek-lm3s8962'
compiling audio.c...
compiling can_net.c...
compiling images.c...
compiling qs_ek-lm3s8962.c...
compiling random.c...
compiling sounds.c...
assembling startup_rvmdk.S...
linking...
Program Size: Code=5948 RO-data=192 RW-data=120 ZI-data=1192  
User command #1: fromelf --bin --output .\rvmdk\qs_ek-lm3s8962.bin .\rvmdk\qs_ek-lm3s8962.axf
".\rvmdk\qs_ek-lm3s8962.axf" - 0 Error(s), 0 Warning(s).
Load "G:\\Git\\CanBusPower\\boards\\ek-lm3s8962\\CanCommTestPrj\\rvmdk\\qs_ek-lm3s8962.AXF" 
Connecting: Mode=JTAG, Speed=1000000Hz
Erase Done.
Programming Done.
Verify OK.
Build target 'qs_ek-lm3s8962'
compiling can_net.c...
linking...
Program Size: Code=5948 RO-data=192 RW-data=120 ZI-data=1192  
User command #1: fromelf --bin --output .\rvmdk\qs_ek-lm3s8962.bin .\rvmdk\qs_ek-lm3s8962.axf
".\rvmdk\qs_ek-lm3s8962.axf" - 0 Error(s), 0 Warning(s).
Build target 'qs_ek-lm3s8962'
compiling audio.c...
compiling can_net.c...
compiling images.c...
compiling qs_ek-lm3s8962.c...
compiling random.c...
compiling sounds.c...
assembling startup_rvmdk.S...
linking...
Program Size: Code=5948 RO-data=192 RW-data=120 ZI-data=1192  
User command #1: fromelf --bin --output .\rvmdk\qs_ek-lm3s8962.bin .\rvmdk\qs_ek-lm3s8962.axf
".\rvmdk\qs_ek-lm3s8962.axf" - 0 Error(s), 0 Warning(s).
Load "G:\\Git\\CanBusPower\\boards\\ek-lm3s8962\\CanCommTestPrj\\rvmdk\\qs_ek-lm3s8962.AXF" 
Connecting: Mode=JTAG, Speed=1000000Hz
Erase Done.
Programming Done.
Verify OK.
Build target 'qs_ek-lm3s8962'
compiling audio.c...
compiling can_net.c...
compiling images.c...
compiling qs_ek-lm3s8962.c...
compiling random.c...
compiling sounds.c...
assembling startup_rvmdk.S...
linking...
Program Size: Code=5948 RO-data=192 RW-data=120 ZI-data=1192  
User command #1: fromelf --bin --output .\rvmdk\qs_ek-lm3s8962.bin .\rvmdk\qs_ek-lm3s8962.axf
".\rvmdk\qs_ek-lm3s8962.axf" - 0 Error(s), 0 Warning(s).
Load "G:\\Git\\CanBusPower\\boards\\ek-lm3s8962\\CanCommTestPrj\\rvmdk\\qs_ek-lm3s8962.AXF" 
Connecting: Mode=JTAG, Speed=1000000Hz
Erase Done.
Programming Done.
Verify OK.
Build target 'qs_ek-lm3s8962'
compiling audio.c...
compiling can_net.c...
compiling images.c...
compiling qs_ek-lm3s8962.c...
compiling random.c...
compiling sounds.c...
assembling startup_rvmdk.S...
linking...
Program Size: Code=5948 RO-data=192 RW-data=120 ZI-data=1192  
User command #1: fromelf --bin --output .\rvmdk\qs_ek-lm3s8962.bin .\rvmdk\qs_ek-lm3s8962.axf
".\rvmdk\qs_ek-lm3s8962.axf" - 0 Error(s), 0 Warning(s).
Load "G:\\Git\\CanBusPower\\boards\\ek-lm3s8962\\CanCommTestPrj\\rvmdk\\qs_ek-lm3s8962.AXF" 
Connecting: Mode=JTAG, Speed=1000000Hz
Erase Done.
Programming Done.
Verify OK.
