<html>
<body>
<pre>
<h1>µVision3 Build Log</h1>
<h2>Project:</h2>
C:\StellarisWare\boards\ek-lm3s8962\can_device_led\can_device_led.uv2
Project File Date:  01/03/2021

<h2>Output:</h2>
Build target 'can_device_led'
compiling can_device_led.c...
assembling startup_rvmdk.S...
linking...
Program Size: Code=1612 RO-data=188 RW-data=12 ZI-data=260  
User command #1: fromelf --bin --output .\rvmdk\can_device_led.bin .\rvmdk\can_device_led.axf
".\rvmdk\can_device_led.axf" - 0 Error(s), 0 Warning(s).
Load "C:\\StellarisWare\\boards\\ek-lm3s8962\\can_device_led\\rvmdk\\can_device_led.AXF" 
Connecting: Mode=JTAG, Speed=1000000Hz
Erase Done.
Programming Done.
Verify OK.
