<html>
<body>
<pre>
<h1>µVision3 Build Log</h1>
<h2>Project:</h2>
G:\Git\CanBusPower\boards\ek-lm3s8962\CanVW\VWCanbus.uv2
Project File Date:  02/16/2021

<h2>Output:</h2>
Build target 'CanVW-TestPrj'
assembling Startup.s...
compiling 19264LCDdriver.c...
compiling ClientTester.c...
my.h(128): warning:  #1-D: last line of file ends without a newline
ClientTester.c(240): warning:  #177-D: variable "line1" was declared but never referenced
ClientTester.c(240): warning:  #177-D: variable "line2" was declared but never referenced
ClientTester.c(240): warning:  #177-D: variable "line3" was declared but never referenced
ClientTester.c(240): warning:  #177-D: variable "line4" was declared but never referenced
ClientTester.c(335): warning:  #223-D: function "WRGDRAM" declared implicitly
ClientTester.c(250): warning:  #177-D: variable "i" was declared but never referenced
ClientTester.c(250): warning:  #177-D: variable "count" was declared but never referenced
ClientTester.c(363): error: At end of source:  #67: expected a "}"
compiling ustdlib.c...
Target not created
Build target 'CanVW-TestPrj'
assembling Startup.s...
compiling 19264LCDdriver.c...
compiling ClientTester.c...
ClientTester.c(240): warning:  #177-D: variable "line1" was declared but never referenced
ClientTester.c(240): warning:  #177-D: variable "line2" was declared but never referenced
ClientTester.c(240): warning:  #177-D: variable "line3" was declared but never referenced
ClientTester.c(240): warning:  #177-D: variable "line4" was declared but never referenced
ClientTester.c(335): warning:  #223-D: function "WRGDRAM" declared implicitly
ClientTester.c(250): warning:  #177-D: variable "i" was declared but never referenced
ClientTester.c(250): warning:  #177-D: variable "count" was declared but never referenced
ClientTester.c(363): error: At end of source:  #67: expected a "}"
compiling ustdlib.c...
Target not created
Build target 'CanVW-TestPrj'
assembling Startup.s...
compiling 19264LCDdriver.c...
compiling ClientTester.c...
ClientTester.c(240): warning:  #177-D: variable "line1" was declared but never referenced
ClientTester.c(240): warning:  #177-D: variable "line2" was declared but never referenced
ClientTester.c(240): warning:  #177-D: variable "line3" was declared but never referenced
ClientTester.c(240): warning:  #177-D: variable "line4" was declared but never referenced
ClientTester.c(335): warning:  #223-D: function "WRGDRAM" declared implicitly
ClientTester.c(250): warning:  #177-D: variable "i" was declared but never referenced
ClientTester.c(250): warning:  #177-D: variable "count" was declared but never referenced
compiling ustdlib.c...
linking...
Program Size: Code=7976 RO-data=236 RW-data=732 ZI-data=676  
"VWCanbus.axf" - 0 Error(s), 7 Warning(s).
Load "G:\\Git\\CanBusPower\\boards\\ek-lm3s8962\\CanVW\\VWCanbus.AXF" 
Connecting: Mode=JTAG, Speed=1000000Hz
Erase Done.
Programming Done.
Verify OK.
Build target 'CanVW-TestPrj'
assembling Startup.s...
compiling 19264LCDdriver.c...
compiling ClientTester.c...
ClientTester.c(18): error:  #65: expected a ";"
ClientTester.c(240): warning:  #177-D: variable "line1" was declared but never referenced
ClientTester.c(240): warning:  #177-D: variable "line2" was declared but never referenced
ClientTester.c(240): warning:  #177-D: variable "line3" was declared but never referenced
ClientTester.c(240): warning:  #177-D: variable "line4" was declared but never referenced
ClientTester.c(335): warning:  #223-D: function "WRGDRAM" declared implicitly
ClientTester.c(250): warning:  #177-D: variable "i" was declared but never referenced
ClientTester.c(250): warning:  #177-D: variable "count" was declared but never referenced
compiling ustdlib.c...
Target not created
Build target 'CanVW-TestPrj'
assembling Startup.s...
compiling 19264LCDdriver.c...
compiling ClientTester.c...
ClientTester.c(240): warning:  #177-D: variable "line1" was declared but never referenced
ClientTester.c(240): warning:  #177-D: variable "line2" was declared but never referenced
ClientTester.c(240): warning:  #177-D: variable "line3" was declared but never referenced
ClientTester.c(240): warning:  #177-D: variable "line4" was declared but never referenced
ClientTester.c(335): warning:  #223-D: function "WRGDRAM" declared implicitly
ClientTester.c(250): warning:  #177-D: variable "i" was declared but never referenced
ClientTester.c(250): warning:  #177-D: variable "count" was declared but never referenced
compiling ustdlib.c...
linking...
Program Size: Code=7976 RO-data=236 RW-data=796 ZI-data=676  
"VWCanbus.axf" - 0 Error(s), 7 Warning(s).
Load "G:\\Git\\CanBusPower\\boards\\ek-lm3s8962\\CanVW\\VWCanbus.AXF" 
Connecting: Mode=JTAG, Speed=1000000Hz
Erase Done.
Programming Done.
Verify OK.
Build target 'CanVW-TestPrj'
assembling Startup.s...
compiling 19264LCDdriver.c...
compiling ClientTester.c...
ClientTester.c(240): warning:  #177-D: variable "line1" was declared but never referenced
ClientTester.c(240): warning:  #177-D: variable "line2" was declared but never referenced
ClientTester.c(240): warning:  #177-D: variable "line3" was declared but never referenced
ClientTester.c(240): warning:  #177-D: variable "line4" was declared but never referenced
ClientTester.c(335): warning:  #223-D: function "WRGDRAM" declared implicitly
ClientTester.c(250): warning:  #177-D: variable "i" was declared but never referenced
ClientTester.c(250): warning:  #177-D: variable "count" was declared but never referenced
compiling ustdlib.c...
linking...
Program Size: Code=7928 RO-data=236 RW-data=796 ZI-data=676  
"VWCanbus.axf" - 0 Error(s), 7 Warning(s).
Load "G:\\Git\\CanBusPower\\boards\\ek-lm3s8962\\CanVW\\VWCanbus.AXF" 
Connecting: Mode=JTAG, Speed=1000000Hz
Erase Done.
Programming Done.
Verify OK.
Build target 'CanVW-TestPrj'
assembling Startup.s...
compiling 19264LCDdriver.c...
compiling ClientTester.c...
ClientTester.c(240): warning:  #177-D: variable "line1" was declared but never referenced
ClientTester.c(240): warning:  #177-D: variable "line2" was declared but never referenced
ClientTester.c(240): warning:  #177-D: variable "line3" was declared but never referenced
ClientTester.c(240): warning:  #177-D: variable "line4" was declared but never referenced
ClientTester.c(335): warning:  #223-D: function "WRGDRAM" declared implicitly
ClientTester.c(250): warning:  #177-D: variable "i" was declared but never referenced
ClientTester.c(250): warning:  #177-D: variable "count" was declared but never referenced
compiling ustdlib.c...
linking...
Program Size: Code=7928 RO-data=236 RW-data=796 ZI-data=676  
"VWCanbus.axf" - 0 Error(s), 7 Warning(s).
Load "G:\\Git\\CanBusPower\\boards\\ek-lm3s8962\\CanVW\\VWCanbus.AXF" 
Connecting: Mode=JTAG, Speed=1000000Hz
Erase Done.
Programming Done.
Verify OK.
Build target 'CanVW-TestPrj'
assembling Startup.s...
compiling 19264LCDdriver.c...
compiling ClientTester.c...
ClientTester.c(240): warning:  #177-D: variable "line1" was declared but never referenced
ClientTester.c(240): warning:  #177-D: variable "line2" was declared but never referenced
ClientTester.c(240): warning:  #177-D: variable "line3" was declared but never referenced
ClientTester.c(240): warning:  #177-D: variable "line4" was declared but never referenced
ClientTester.c(250): warning:  #177-D: variable "i" was declared but never referenced
ClientTester.c(250): warning:  #177-D: variable "count" was declared but never referenced
compiling ustdlib.c...
linking...
Program Size: Code=7924 RO-data=236 RW-data=796 ZI-data=676  
"VWCanbus.axf" - 0 Error(s), 6 Warning(s).
Load "G:\\Git\\CanBusPower\\boards\\ek-lm3s8962\\CanVW\\VWCanbus.AXF" 
Connecting: Mode=JTAG, Speed=1000000Hz
Erase Done.
Programming Done.
Verify OK.
Build target 'CanVW-TestPrj'
assembling Startup.s...
compiling 19264LCDdriver.c...
compiling ClientTester.c...
ClientTester.c(240): warning:  #177-D: variable "line1" was declared but never referenced
ClientTester.c(240): warning:  #177-D: variable "line2" was declared but never referenced
ClientTester.c(240): warning:  #177-D: variable "line3" was declared but never referenced
ClientTester.c(240): warning:  #177-D: variable "line4" was declared but never referenced
ClientTester.c(250): warning:  #177-D: variable "i" was declared but never referenced
ClientTester.c(250): warning:  #177-D: variable "count" was declared but never referenced
compiling ustdlib.c...
linking...
Program Size: Code=7920 RO-data=236 RW-data=796 ZI-data=676  
"VWCanbus.axf" - 0 Error(s), 6 Warning(s).
Load "G:\\Git\\CanBusPower\\boards\\ek-lm3s8962\\CanVW\\VWCanbus.AXF" 
Connecting: Mode=JTAG, Speed=1000000Hz
Erase Done.
Programming Done.
Verify OK.
Build target 'CanVW-TestPrj'
assembling Startup.s...
compiling 19264LCDdriver.c...
compiling ClientTester.c...
ClientTester.c(240): warning:  #177-D: variable "line1" was declared but never referenced
ClientTester.c(240): warning:  #177-D: variable "line2" was declared but never referenced
ClientTester.c(240): warning:  #177-D: variable "line3" was declared but never referenced
ClientTester.c(240): warning:  #177-D: variable "line4" was declared but never referenced
ClientTester.c(334): warning:  #223-D: function "WRGDRAM" declared implicitly
ClientTester.c(250): warning:  #177-D: variable "i" was declared but never referenced
ClientTester.c(250): warning:  #177-D: variable "count" was declared but never referenced
compiling ustdlib.c...
linking...
Program Size: Code=7924 RO-data=236 RW-data=796 ZI-data=676  
"VWCanbus.axf" - 0 Error(s), 7 Warning(s).
Load "G:\\Git\\CanBusPower\\boards\\ek-lm3s8962\\CanVW\\VWCanbus.AXF" 
Connecting: Mode=JTAG, Speed=1000000Hz
Erase Done.
Programming Done.
Verify OK.
Load "G:\\Git\\CanBusPower\\boards\\ek-lm3s8962\\CanVW\\VWCanbus.AXF" 
Connecting: Mode=JTAG, Speed=1000000Hz
Erase Done.
Programming Done.
Verify OK.
Build target 'CanVW-TestPrj'
assembling Startup.s...
compiling 19264LCDdriver.c...
compiling ClientTester.c...
ClientTester.c(240): warning:  #177-D: variable "line1" was declared but never referenced
ClientTester.c(240): warning:  #177-D: variable "line2" was declared but never referenced
ClientTester.c(240): warning:  #177-D: variable "line3" was declared but never referenced
ClientTester.c(240): warning:  #177-D: variable "line4" was declared but never referenced
ClientTester.c(250): warning:  #177-D: variable "i" was declared but never referenced
ClientTester.c(250): warning:  #177-D: variable "count" was declared but never referenced
compiling ustdlib.c...
linking...
Program Size: Code=7924 RO-data=236 RW-data=796 ZI-data=676  
"VWCanbus.axf" - 0 Error(s), 6 Warning(s).
Load "G:\\Git\\CanBusPower\\boards\\ek-lm3s8962\\CanVW\\VWCanbus.AXF" 
Connecting: Mode=JTAG, Speed=1000000Hz
Erase Done.
Programming Done.
Verify OK.
Build target 'CanVW-TestPrj'
assembling Startup.s...
compiling 19264LCDdriver.c...
compiling ClientTester.c...
ClientTester.c(240): warning:  #177-D: variable "line1" was declared but never referenced
ClientTester.c(240): warning:  #177-D: variable "line2" was declared but never referenced
ClientTester.c(240): warning:  #177-D: variable "line3" was declared but never referenced
ClientTester.c(240): warning:  #177-D: variable "line4" was declared but never referenced
ClientTester.c(250): warning:  #177-D: variable "i" was declared but never referenced
ClientTester.c(250): warning:  #177-D: variable "count" was declared but never referenced
compiling ustdlib.c...
linking...
Program Size: Code=7932 RO-data=236 RW-data=796 ZI-data=676  
"VWCanbus.axf" - 0 Error(s), 6 Warning(s).
Load "G:\\Git\\CanBusPower\\boards\\ek-lm3s8962\\CanVW\\VWCanbus.AXF" 
Connecting: Mode=JTAG, Speed=1000000Hz
Erase Done.
Programming Done.
Verify OK.
Build target 'CanVW-TestPrj'
assembling Startup.s...
compiling 19264LCDdriver.c...
compiling ClientTester.c...
ClientTester.c(240): warning:  #177-D: variable "line1" was declared but never referenced
ClientTester.c(240): warning:  #177-D: variable "line2" was declared but never referenced
ClientTester.c(240): warning:  #177-D: variable "line3" was declared but never referenced
ClientTester.c(240): warning:  #177-D: variable "line4" was declared but never referenced
ClientTester.c(250): warning:  #177-D: variable "i" was declared but never referenced
ClientTester.c(250): warning:  #177-D: variable "count" was declared but never referenced
compiling ustdlib.c...
linking...
Program Size: Code=7932 RO-data=236 RW-data=764 ZI-data=676  
"VWCanbus.axf" - 0 Error(s), 6 Warning(s).
Load "G:\\Git\\CanBusPower\\boards\\ek-lm3s8962\\CanVW\\VWCanbus.AXF" 
Connecting: Mode=JTAG, Speed=1000000Hz
Erase Done.
Programming Done.
Verify OK.
Load "G:\\Git\\CanBusPower\\boards\\ek-lm3s8962\\CanVW\\VWCanbus.AXF" 
Connecting: Mode=JTAG, Speed=1000000Hz
Erase Done.
Programming Done.
Verify OK.
Build target 'CanVW-TestPrj'
assembling Startup.s...
compiling 19264LCDdriver.c...
compiling ClientTester.c...
ClientTester.c(240): warning:  #177-D: variable "line1" was declared but never referenced
ClientTester.c(240): warning:  #177-D: variable "line2" was declared but never referenced
ClientTester.c(240): warning:  #177-D: variable "line3" was declared but never referenced
ClientTester.c(240): warning:  #177-D: variable "line4" was declared but never referenced
ClientTester.c(250): warning:  #177-D: variable "i" was declared but never referenced
ClientTester.c(250): warning:  #177-D: variable "count" was declared but never referenced
compiling ustdlib.c...
linking...
Program Size: Code=7916 RO-data=236 RW-data=764 ZI-data=676  
"VWCanbus.axf" - 0 Error(s), 6 Warning(s).
Load "G:\\Git\\CanBusPower\\boards\\ek-lm3s8962\\CanVW\\VWCanbus.AXF" 
Connecting: Mode=JTAG, Speed=1000000Hz
Erase Done.
Programming Done.
Verify OK.
Build target 'CanVW-TestPrj'
assembling Startup.s...
compiling 19264LCDdriver.c...
compiling ClientTester.c...
ClientTester.c(240): warning:  #177-D: variable "line1" was declared but never referenced
ClientTester.c(240): warning:  #177-D: variable "line2" was declared but never referenced
ClientTester.c(240): warning:  #177-D: variable "line3" was declared but never referenced
ClientTester.c(240): warning:  #177-D: variable "line4" was declared but never referenced
ClientTester.c(250): warning:  #177-D: variable "i" was declared but never referenced
ClientTester.c(250): warning:  #177-D: variable "count" was declared but never referenced
compiling ustdlib.c...
linking...
Program Size: Code=7932 RO-data=236 RW-data=764 ZI-data=676  
"VWCanbus.axf" - 0 Error(s), 6 Warning(s).
Load "G:\\Git\\CanBusPower\\boards\\ek-lm3s8962\\CanVW\\VWCanbus.AXF" 
Connecting: Mode=JTAG, Speed=1000000Hz
Erase Done.
Programming Done.
Verify OK.
Build target 'CanVW-TestPrj'
assembling Startup.s...
compiling 19264LCDdriver.c...
compiling ClientTester.c...
ClientTester.c(240): warning:  #177-D: variable "line1" was declared but never referenced
ClientTester.c(240): warning:  #177-D: variable "line2" was declared but never referenced
ClientTester.c(240): warning:  #177-D: variable "line3" was declared but never referenced
ClientTester.c(240): warning:  #177-D: variable "line4" was declared but never referenced
ClientTester.c(250): warning:  #177-D: variable "i" was declared but never referenced
ClientTester.c(250): warning:  #177-D: variable "count" was declared but never referenced
compiling ustdlib.c...
linking...
Program Size: Code=7932 RO-data=236 RW-data=764 ZI-data=676  
"VWCanbus.axf" - 0 Error(s), 6 Warning(s).
Load "G:\\Git\\CanBusPower\\boards\\ek-lm3s8962\\CanVW\\VWCanbus.AXF" 
Connecting: Mode=JTAG, Speed=1000000Hz
Erase Done.
Programming Done.
Verify OK.
Build target 'CanVW-TestPrj'
assembling Startup.s...
compiling 19264LCDdriver.c...
compiling ClientTester.c...
ClientTester.c(240): warning:  #177-D: variable "line1" was declared but never referenced
ClientTester.c(240): warning:  #177-D: variable "line2" was declared but never referenced
ClientTester.c(240): warning:  #177-D: variable "line3" was declared but never referenced
ClientTester.c(240): warning:  #177-D: variable "line4" was declared but never referenced
ClientTester.c(250): warning:  #177-D: variable "i" was declared but never referenced
ClientTester.c(250): warning:  #177-D: variable "count" was declared but never referenced
compiling ustdlib.c...
linking...
Program Size: Code=7944 RO-data=236 RW-data=764 ZI-data=676  
"VWCanbus.axf" - 0 Error(s), 6 Warning(s).
Load "G:\\Git\\CanBusPower\\boards\\ek-lm3s8962\\CanVW\\VWCanbus.AXF" 
Connecting: Mode=JTAG, Speed=1000000Hz
Erase Done.
Programming Done.
Verify OK.
Build target 'CanVW-TestPrj'
assembling Startup.s...
compiling 19264LCDdriver.c...
compiling ClientTester.c...
ClientTester.c(240): warning:  #177-D: variable "line1" was declared but never referenced
ClientTester.c(240): warning:  #177-D: variable "line2" was declared but never referenced
ClientTester.c(240): warning:  #177-D: variable "line3" was declared but never referenced
ClientTester.c(240): warning:  #177-D: variable "line4" was declared but never referenced
ClientTester.c(250): warning:  #177-D: variable "i" was declared but never referenced
ClientTester.c(250): warning:  #177-D: variable "count" was declared but never referenced
compiling ustdlib.c...
linking...
Program Size: Code=7944 RO-data=236 RW-data=764 ZI-data=676  
"VWCanbus.axf" - 0 Error(s), 6 Warning(s).
Load "G:\\Git\\CanBusPower\\boards\\ek-lm3s8962\\CanVW\\VWCanbus.AXF" 
Connecting: Mode=JTAG, Speed=1000000Hz
Erase Done.
Programming Done.
Verify OK.
Build target 'CanVW-TestPrj'
assembling Startup.s...
compiling 19264LCDdriver.c...
compiling ClientTester.c...
ClientTester.c(240): warning:  #177-D: variable "line1" was declared but never referenced
ClientTester.c(240): warning:  #177-D: variable "line2" was declared but never referenced
ClientTester.c(240): warning:  #177-D: variable "line3" was declared but never referenced
ClientTester.c(240): warning:  #177-D: variable "line4" was declared but never referenced
ClientTester.c(250): warning:  #177-D: variable "i" was declared but never referenced
ClientTester.c(250): warning:  #177-D: variable "count" was declared but never referenced
compiling ustdlib.c...
linking...
Program Size: Code=7944 RO-data=236 RW-data=764 ZI-data=676  
"VWCanbus.axf" - 0 Error(s), 6 Warning(s).
Load "G:\\Git\\CanBusPower\\boards\\ek-lm3s8962\\CanVW\\VWCanbus.AXF" 
Connecting: Mode=JTAG, Speed=1000000Hz
Erase Done.
Programming Done.
Verify OK.
Build target 'CanVW-TestPrj'
assembling Startup.s...
compiling 19264LCDdriver.c...
compiling ClientTester.c...
ClientTester.c(240): warning:  #177-D: variable "line1" was declared but never referenced
ClientTester.c(240): warning:  #177-D: variable "line2" was declared but never referenced
ClientTester.c(240): warning:  #177-D: variable "line3" was declared but never referenced
ClientTester.c(240): warning:  #177-D: variable "line4" was declared but never referenced
ClientTester.c(250): warning:  #177-D: variable "i" was declared but never referenced
ClientTester.c(250): warning:  #177-D: variable "count" was declared but never referenced
compiling ustdlib.c...
linking...
Program Size: Code=7944 RO-data=236 RW-data=764 ZI-data=676  
"VWCanbus.axf" - 0 Error(s), 6 Warning(s).
Load "G:\\Git\\CanBusPower\\boards\\ek-lm3s8962\\CanVW\\VWCanbus.AXF" 
Connecting: Mode=JTAG, Speed=1000000Hz
Erase Done.
Programming Done.
Verify OK.
Build target 'CanVW-TestPrj'
assembling Startup.s...
compiling 19264LCDdriver.c...
compiling ClientTester.c...
ClientTester.c(240): warning:  #177-D: variable "line1" was declared but never referenced
ClientTester.c(240): warning:  #177-D: variable "line2" was declared but never referenced
ClientTester.c(240): warning:  #177-D: variable "line3" was declared but never referenced
ClientTester.c(240): warning:  #177-D: variable "line4" was declared but never referenced
ClientTester.c(250): warning:  #177-D: variable "i" was declared but never referenced
ClientTester.c(250): warning:  #177-D: variable "count" was declared but never referenced
compiling ustdlib.c...
linking...
Program Size: Code=7944 RO-data=236 RW-data=764 ZI-data=676  
"VWCanbus.axf" - 0 Error(s), 6 Warning(s).
Load "G:\\Git\\CanBusPower\\boards\\ek-lm3s8962\\CanVW\\VWCanbus.AXF" 
Connecting: Mode=JTAG, Speed=1000000Hz
Erase Done.
Programming Done.
Verify OK.
Build target 'CanVW-TestPrj'
assembling Startup.s...
compiling 19264LCDdriver.c...
19264LCDdriver.c(322): warning:  #177-D: variable "i" was declared but never referenced
19264LCDdriver.c(563): warning:  #870-D: invalid multibyte character sequence
19264LCDdriver.c(563): warning:  #870-D: invalid multibyte character sequence
19264LCDdriver.c(563): warning:  #870-D: invalid multibyte character sequence
19264LCDdriver.c(563): warning:  #870-D: invalid multibyte character sequence
19264LCDdriver.c(563): warning:  #870-D: invalid multibyte character sequence
19264LCDdriver.c(563): warning:  #870-D: invalid multibyte character sequence
19264LCDdriver.c(563): warning:  #870-D: invalid multibyte character sequence
19264LCDdriver.c(563): warning:  #870-D: invalid multibyte character sequence
19264LCDdriver.c(563): warning:  #870-D: invalid multibyte character sequence
19264LCDdriver.c(563): warning:  #870-D: invalid multibyte character sequence
19264LCDdriver.c(563): warning:  #870-D: invalid multibyte character sequence
19264LCDdriver.c(563): warning:  #870-D: invalid multibyte character sequence
19264LCDdriver.c(563): warning:  #870-D: invalid multibyte character sequence
19264LCDdriver.c(563): warning:  #870-D: invalid multibyte character sequence
19264LCDdriver.c(563): warning:  #870-D: invalid multibyte character sequence
19264LCDdriver.c(563): warning:  #870-D: invalid multibyte character sequence
19264LCDdriver.c(563): warning:  #870-D: invalid multibyte character sequence
19264LCDdriver.c(563): warning:  #870-D: invalid multibyte character sequence
19264LCDdriver.c(563): warning:  #870-D: invalid multibyte character sequence
19264LCDdriver.c(563): warning:  #870-D: invalid multibyte character sequence
19264LCDdriver.c(564): warning:  #870-D: invalid multibyte character sequence
19264LCDdriver.c(564): warning:  #870-D: invalid multibyte character sequence
19264LCDdriver.c(564): warning:  #870-D: invalid multibyte character sequence
19264LCDdriver.c(564): warning:  #870-D: invalid multibyte character sequence
19264LCDdriver.c(565): warning:  #870-D: invalid multibyte character sequence
19264LCDdriver.c(565): warning:  #870-D: invalid multibyte character sequence
19264LCDdriver.c(565): warning:  #870-D: invalid multibyte character sequence
19264LCDdriver.c(565): warning:  #870-D: invalid multibyte character sequence
19264LCDdriver.c(566): warning:  #870-D: invalid multibyte character sequence
19264LCDdriver.c(566): warning:  #870-D: invalid multibyte character sequence
19264LCDdriver.c(566): warning:  #870-D: invalid multibyte character sequence
19264LCDdriver.c(566): warning:  #870-D: invalid multibyte character sequence
19264LCDdriver.c(566): warning:  #870-D: invalid multibyte character sequence
19264LCDdriver.c(566): warning:  #870-D: invalid multibyte character sequence
19264LCDdriver.c(566): warning:  #870-D: invalid multibyte character sequence
19264LCDdriver.c(566): warning:  #870-D: invalid multibyte character sequence
compiling ClientTester.c...
ClientTester.c(240): warning:  #177-D: variable "line1" was declared but never referenced
ClientTester.c(240): warning:  #177-D: variable "line2" was declared but never referenced
ClientTester.c(240): warning:  #177-D: variable "line3" was declared but never referenced
ClientTester.c(240): warning:  #177-D: variable "line4" was declared but never referenced
ClientTester.c(250): warning:  #177-D: variable "i" was declared but never referenced
ClientTester.c(250): warning:  #177-D: variable "count" was declared but never referenced
compiling ustdlib.c...
linking...
Program Size: Code=8028 RO-data=236 RW-data=764 ZI-data=676  
"VWCanbus.axf" - 0 Error(s), 43 Warning(s).
Build target 'CanVW-TestPrj'
assembling Startup.s...
compiling 19264LCDdriver.c...
19264LCDdriver.c(322): warning:  #177-D: variable "i" was declared but never referenced
19264LCDdriver.c(563): warning:  #870-D: invalid multibyte character sequence
19264LCDdriver.c(563): warning:  #870-D: invalid multibyte character sequence
19264LCDdriver.c(563): warning:  #870-D: invalid multibyte character sequence
19264LCDdriver.c(563): warning:  #870-D: invalid multibyte character sequence
19264LCDdriver.c(563): warning:  #870-D: invalid multibyte character sequence
19264LCDdriver.c(563): warning:  #870-D: invalid multibyte character sequence
19264LCDdriver.c(563): warning:  #870-D: invalid multibyte character sequence
19264LCDdriver.c(563): warning:  #870-D: invalid multibyte character sequence
19264LCDdriver.c(563): warning:  #870-D: invalid multibyte character sequence
19264LCDdriver.c(563): warning:  #870-D: invalid multibyte character sequence
19264LCDdriver.c(563): warning:  #870-D: invalid multibyte character sequence
19264LCDdriver.c(563): warning:  #870-D: invalid multibyte character sequence
19264LCDdriver.c(563): warning:  #870-D: invalid multibyte character sequence
19264LCDdriver.c(563): warning:  #870-D: invalid multibyte character sequence
19264LCDdriver.c(563): warning:  #870-D: invalid multibyte character sequence
19264LCDdriver.c(563): warning:  #870-D: invalid multibyte character sequence
19264LCDdriver.c(563): warning:  #870-D: invalid multibyte character sequence
19264LCDdriver.c(563): warning:  #870-D: invalid multibyte character sequence
19264LCDdriver.c(563): warning:  #870-D: invalid multibyte character sequence
19264LCDdriver.c(563): warning:  #870-D: invalid multibyte character sequence
19264LCDdriver.c(564): warning:  #870-D: invalid multibyte character sequence
19264LCDdriver.c(564): warning:  #870-D: invalid multibyte character sequence
19264LCDdriver.c(564): warning:  #870-D: invalid multibyte character sequence
19264LCDdriver.c(564): warning:  #870-D: invalid multibyte character sequence
19264LCDdriver.c(565): warning:  #870-D: invalid multibyte character sequence
19264LCDdriver.c(565): warning:  #870-D: invalid multibyte character sequence
19264LCDdriver.c(565): warning:  #870-D: invalid multibyte character sequence
19264LCDdriver.c(565): warning:  #870-D: invalid multibyte character sequence
19264LCDdriver.c(566): warning:  #870-D: invalid multibyte character sequence
19264LCDdriver.c(566): warning:  #870-D: invalid multibyte character sequence
19264LCDdriver.c(566): warning:  #870-D: invalid multibyte character sequence
19264LCDdriver.c(566): warning:  #870-D: invalid multibyte character sequence
19264LCDdriver.c(566): warning:  #870-D: invalid multibyte character sequence
19264LCDdriver.c(566): warning:  #870-D: invalid multibyte character sequence
19264LCDdriver.c(566): warning:  #870-D: invalid multibyte character sequence
19264LCDdriver.c(566): warning:  #870-D: invalid multibyte character sequence
compiling ClientTester.c...
ClientTester.c(240): warning:  #177-D: variable "line1" was declared but never referenced
ClientTester.c(240): warning:  #177-D: variable "line2" was declared but never referenced
ClientTester.c(240): warning:  #177-D: variable "line3" was declared but never referenced
ClientTester.c(240): warning:  #177-D: variable "line4" was declared but never referenced
ClientTester.c(250): warning:  #177-D: variable "i" was declared but never referenced
ClientTester.c(250): warning:  #177-D: variable "count" was declared but never referenced
compiling ustdlib.c...
linking...
Program Size: Code=8028 RO-data=236 RW-data=764 ZI-data=676  
"VWCanbus.axf" - 0 Error(s), 43 Warning(s).
Load "G:\\Git\\CanBusPower\\boards\\ek-lm3s8962\\CanVW\\VWCanbus.AXF" 
Connecting: Mode=JTAG, Speed=1000000Hz
Erase Done.
Programming Done.
Verify OK.
Build target 'CanVW-TestPrj'
assembling Startup.s...
compiling 19264LCDdriver.c...
compiling ClientTester.c...
ClientTester.c(240): warning:  #177-D: variable "line1" was declared but never referenced
ClientTester.c(240): warning:  #177-D: variable "line2" was declared but never referenced
ClientTester.c(240): warning:  #177-D: variable "line3" was declared but never referenced
ClientTester.c(240): warning:  #177-D: variable "line4" was declared but never referenced
ClientTester.c(250): warning:  #177-D: variable "i" was declared but never referenced
ClientTester.c(250): warning:  #177-D: variable "count" was declared but never referenced
compiling ustdlib.c...
linking...
Program Size: Code=8044 RO-data=236 RW-data=764 ZI-data=676  
"VWCanbus.axf" - 0 Error(s), 6 Warning(s).
Load "G:\\Git\\CanBusPower\\boards\\ek-lm3s8962\\CanVW\\VWCanbus.AXF" 
Connecting: Mode=JTAG, Speed=1000000Hz
Erase Done.
Programming Done.
Verify OK.
Build target 'CanVW-TestPrj'
assembling Startup.s...
compiling 19264LCDdriver.c...
19264LCDdriver.c(353): error:  #65: expected a ";"
19264LCDdriver.c(357): warning:  #12-D: parsing restarts here after previous syntax error
19264LCDdriver.c(341): warning:  #177-D: variable "k" was declared but never referenced
19264LCDdriver.c(343): warning:  #177-D: variable "i" was declared but never referenced
19264LCDdriver.c(598): warning:  #870-D: invalid multibyte character sequence
19264LCDdriver.c(598): warning:  #870-D: invalid multibyte character sequence
19264LCDdriver.c(598): warning:  #870-D: invalid multibyte character sequence
19264LCDdriver.c(598): warning:  #870-D: invalid multibyte character sequence
19264LCDdriver.c(598): warning:  #870-D: invalid multibyte character sequence
19264LCDdriver.c(598): warning:  #870-D: invalid multibyte character sequence
19264LCDdriver.c(598): warning:  #870-D: invalid multibyte character sequence
19264LCDdriver.c(598): warning:  #870-D: invalid multibyte character sequence
19264LCDdriver.c(598): warning:  #870-D: invalid multibyte character sequence
19264LCDdriver.c(598): warning:  #870-D: invalid multibyte character sequence
19264LCDdriver.c(598): warning:  #870-D: invalid multibyte character sequence
19264LCDdriver.c(598): warning:  #870-D: invalid multibyte character sequence
19264LCDdriver.c(598): warning:  #870-D: invalid multibyte character sequence
19264LCDdriver.c(598): warning:  #870-D: invalid multibyte character sequence
19264LCDdriver.c(598): warning:  #870-D: invalid multibyte character sequence
19264LCDdriver.c(598): warning:  #870-D: invalid multibyte character sequence
19264LCDdriver.c(598): warning:  #870-D: invalid multibyte character sequence
19264LCDdriver.c(598): warning:  #870-D: invalid multibyte character sequence
19264LCDdriver.c(598): warning:  #870-D: invalid multibyte character sequence
19264LCDdriver.c(598): warning:  #870-D: invalid multibyte character sequence
19264LCDdriver.c(599): warning:  #870-D: invalid multibyte character sequence
19264LCDdriver.c(599): warning:  #870-D: invalid multibyte character sequence
19264LCDdriver.c(599): warning:  #870-D: invalid multibyte character sequence
19264LCDdriver.c(599): warning:  #870-D: invalid multibyte character sequence
19264LCDdriver.c(600): warning:  #870-D: invalid multibyte character sequence
19264LCDdriver.c(600): warning:  #870-D: invalid multibyte character sequence
19264LCDdriver.c(600): warning:  #870-D: invalid multibyte character sequence
19264LCDdriver.c(600): warning:  #870-D: invalid multibyte character sequence
19264LCDdriver.c(601): warning:  #870-D: invalid multibyte character sequence
19264LCDdriver.c(601): warning:  #870-D: invalid multibyte character sequence
19264LCDdriver.c(601): warning:  #870-D: invalid multibyte character sequence
19264LCDdriver.c(601): warning:  #870-D: invalid multibyte character sequence
19264LCDdriver.c(601): warning:  #870-D: invalid multibyte character sequence
19264LCDdriver.c(601): warning:  #870-D: invalid multibyte character sequence
19264LCDdriver.c(601): warning:  #870-D: invalid multibyte character sequence
19264LCDdriver.c(601): warning:  #870-D: invalid multibyte character sequence
compiling ClientTester.c...
ClientTester.c(240): warning:  #177-D: variable "line1" was declared but never referenced
ClientTester.c(240): warning:  #177-D: variable "line2" was declared but never referenced
ClientTester.c(240): warning:  #177-D: variable "line3" was declared but never referenced
ClientTester.c(240): warning:  #177-D: variable "line4" was declared but never referenced
ClientTester.c(335): warning:  #223-D: function "DrawModel" declared implicitly
ClientTester.c(250): warning:  #177-D: variable "i" was declared but never referenced
ClientTester.c(250): warning:  #177-D: variable "count" was declared but never referenced
compiling ustdlib.c...
Target not created
Build target 'CanVW-TestPrj'
assembling Startup.s...
compiling 19264LCDdriver.c...
19264LCDdriver.c(353): error:  #65: expected a ";"
19264LCDdriver.c(357): warning:  #12-D: parsing restarts here after previous syntax error
19264LCDdriver.c(341): warning:  #177-D: variable "k" was declared but never referenced
19264LCDdriver.c(343): warning:  #177-D: variable "i" was declared but never referenced
19264LCDdriver.c(598): warning:  #870-D: invalid multibyte character sequence
19264LCDdriver.c(598): warning:  #870-D: invalid multibyte character sequence
19264LCDdriver.c(598): warning:  #870-D: invalid multibyte character sequence
19264LCDdriver.c(598): warning:  #870-D: invalid multibyte character sequence
19264LCDdriver.c(598): warning:  #870-D: invalid multibyte character sequence
19264LCDdriver.c(598): warning:  #870-D: invalid multibyte character sequence
19264LCDdriver.c(598): warning:  #870-D: invalid multibyte character sequence
19264LCDdriver.c(598): warning:  #870-D: invalid multibyte character sequence
19264LCDdriver.c(598): warning:  #870-D: invalid multibyte character sequence
19264LCDdriver.c(598): warning:  #870-D: invalid multibyte character sequence
19264LCDdriver.c(598): warning:  #870-D: invalid multibyte character sequence
19264LCDdriver.c(598): warning:  #870-D: invalid multibyte character sequence
19264LCDdriver.c(598): warning:  #870-D: invalid multibyte character sequence
19264LCDdriver.c(598): warning:  #870-D: invalid multibyte character sequence
19264LCDdriver.c(598): warning:  #870-D: invalid multibyte character sequence
19264LCDdriver.c(598): warning:  #870-D: invalid multibyte character sequence
19264LCDdriver.c(598): warning:  #870-D: invalid multibyte character sequence
19264LCDdriver.c(598): warning:  #870-D: invalid multibyte character sequence
19264LCDdriver.c(598): warning:  #870-D: invalid multibyte character sequence
19264LCDdriver.c(598): warning:  #870-D: invalid multibyte character sequence
19264LCDdriver.c(599): warning:  #870-D: invalid multibyte character sequence
19264LCDdriver.c(599): warning:  #870-D: invalid multibyte character sequence
19264LCDdriver.c(599): warning:  #870-D: invalid multibyte character sequence
19264LCDdriver.c(599): warning:  #870-D: invalid multibyte character sequence
19264LCDdriver.c(600): warning:  #870-D: invalid multibyte character sequence
19264LCDdriver.c(600): warning:  #870-D: invalid multibyte character sequence
19264LCDdriver.c(600): warning:  #870-D: invalid multibyte character sequence
19264LCDdriver.c(600): warning:  #870-D: invalid multibyte character sequence
19264LCDdriver.c(601): warning:  #870-D: invalid multibyte character sequence
19264LCDdriver.c(601): warning:  #870-D: invalid multibyte character sequence
19264LCDdriver.c(601): warning:  #870-D: invalid multibyte character sequence
19264LCDdriver.c(601): warning:  #870-D: invalid multibyte character sequence
19264LCDdriver.c(601): warning:  #870-D: invalid multibyte character sequence
19264LCDdriver.c(601): warning:  #870-D: invalid multibyte character sequence
19264LCDdriver.c(601): warning:  #870-D: invalid multibyte character sequence
19264LCDdriver.c(601): warning:  #870-D: invalid multibyte character sequence
compiling ClientTester.c...
ClientTester.c(240): warning:  #177-D: variable "line1" was declared but never referenced
ClientTester.c(240): warning:  #177-D: variable "line2" was declared but never referenced
ClientTester.c(240): warning:  #177-D: variable "line3" was declared but never referenced
ClientTester.c(240): warning:  #177-D: variable "line4" was declared but never referenced
ClientTester.c(250): warning:  #177-D: variable "i" was declared but never referenced
ClientTester.c(250): warning:  #177-D: variable "count" was declared but never referenced
compiling ustdlib.c...
Target not created
Build target 'CanVW-TestPrj'
assembling Startup.s...
compiling 19264LCDdriver.c...
19264LCDdriver.c(341): warning:  #177-D: variable "k" was declared but never referenced
19264LCDdriver.c(598): warning:  #870-D: invalid multibyte character sequence
19264LCDdriver.c(598): warning:  #870-D: invalid multibyte character sequence
19264LCDdriver.c(598): warning:  #870-D: invalid multibyte character sequence
19264LCDdriver.c(598): warning:  #870-D: invalid multibyte character sequence
19264LCDdriver.c(598): warning:  #870-D: invalid multibyte character sequence
19264LCDdriver.c(598): warning:  #870-D: invalid multibyte character sequence
19264LCDdriver.c(598): warning:  #870-D: invalid multibyte character sequence
19264LCDdriver.c(598): warning:  #870-D: invalid multibyte character sequence
19264LCDdriver.c(598): warning:  #870-D: invalid multibyte character sequence
19264LCDdriver.c(598): warning:  #870-D: invalid multibyte character sequence
19264LCDdriver.c(598): warning:  #870-D: invalid multibyte character sequence
19264LCDdriver.c(598): warning:  #870-D: invalid multibyte character sequence
19264LCDdriver.c(598): warning:  #870-D: invalid multibyte character sequence
19264LCDdriver.c(598): warning:  #870-D: invalid multibyte character sequence
19264LCDdriver.c(598): warning:  #870-D: invalid multibyte character sequence
19264LCDdriver.c(598): warning:  #870-D: invalid multibyte character sequence
19264LCDdriver.c(598): warning:  #870-D: invalid multibyte character sequence
19264LCDdriver.c(598): warning:  #870-D: invalid multibyte character sequence
19264LCDdriver.c(598): warning:  #870-D: invalid multibyte character sequence
19264LCDdriver.c(598): warning:  #870-D: invalid multibyte character sequence
19264LCDdriver.c(599): warning:  #870-D: invalid multibyte character sequence
19264LCDdriver.c(599): warning:  #870-D: invalid multibyte character sequence
19264LCDdriver.c(599): warning:  #870-D: invalid multibyte character sequence
19264LCDdriver.c(599): warning:  #870-D: invalid multibyte character sequence
19264LCDdriver.c(600): warning:  #870-D: invalid multibyte character sequence
19264LCDdriver.c(600): warning:  #870-D: invalid multibyte character sequence
19264LCDdriver.c(600): warning:  #870-D: invalid multibyte character sequence
19264LCDdriver.c(600): warning:  #870-D: invalid multibyte character sequence
19264LCDdriver.c(601): warning:  #870-D: invalid multibyte character sequence
19264LCDdriver.c(601): warning:  #870-D: invalid multibyte character sequence
19264LCDdriver.c(601): warning:  #870-D: invalid multibyte character sequence
19264LCDdriver.c(601): warning:  #870-D: invalid multibyte character sequence
19264LCDdriver.c(601): warning:  #870-D: invalid multibyte character sequence
19264LCDdriver.c(601): warning:  #870-D: invalid multibyte character sequence
19264LCDdriver.c(601): warning:  #870-D: invalid multibyte character sequence
19264LCDdriver.c(601): warning:  #870-D: invalid multibyte character sequence
compiling ClientTester.c...
ClientTester.c(240): warning:  #177-D: variable "line1" was declared but never referenced
ClientTester.c(240): warning:  #177-D: variable "line2" was declared but never referenced
ClientTester.c(240): warning:  #177-D: variable "line3" was declared but never referenced
ClientTester.c(240): warning:  #177-D: variable "line4" was declared but never referenced
ClientTester.c(250): warning:  #177-D: variable "i" was declared but never referenced
ClientTester.c(250): warning:  #177-D: variable "count" was declared but never referenced
compiling ustdlib.c...
linking...
Program Size: Code=8164 RO-data=236 RW-data=764 ZI-data=676  
"VWCanbus.axf" - 0 Error(s), 43 Warning(s).
Load "G:\\Git\\CanBusPower\\boards\\ek-lm3s8962\\CanVW\\VWCanbus.AXF" 
Connecting: Mode=JTAG, Speed=1000000Hz
Erase Done.
Programming Done.
Verify OK.
Build target 'CanVW-TestPrj'
assembling Startup.s...
compiling 19264LCDdriver.c...
19264LCDdriver.c(341): warning:  #177-D: variable "k" was declared but never referenced
19264LCDdriver.c(598): warning:  #870-D: invalid multibyte character sequence
19264LCDdriver.c(598): warning:  #870-D: invalid multibyte character sequence
19264LCDdriver.c(598): warning:  #870-D: invalid multibyte character sequence
19264LCDdriver.c(598): warning:  #870-D: invalid multibyte character sequence
19264LCDdriver.c(598): warning:  #870-D: invalid multibyte character sequence
19264LCDdriver.c(598): warning:  #870-D: invalid multibyte character sequence
19264LCDdriver.c(598): warning:  #870-D: invalid multibyte character sequence
19264LCDdriver.c(598): warning:  #870-D: invalid multibyte character sequence
19264LCDdriver.c(598): warning:  #870-D: invalid multibyte character sequence
19264LCDdriver.c(598): warning:  #870-D: invalid multibyte character sequence
19264LCDdriver.c(598): warning:  #870-D: invalid multibyte character sequence
19264LCDdriver.c(598): warning:  #870-D: invalid multibyte character sequence
19264LCDdriver.c(598): warning:  #870-D: invalid multibyte character sequence
19264LCDdriver.c(598): warning:  #870-D: invalid multibyte character sequence
19264LCDdriver.c(598): warning:  #870-D: invalid multibyte character sequence
19264LCDdriver.c(598): warning:  #870-D: invalid multibyte character sequence
19264LCDdriver.c(598): warning:  #870-D: invalid multibyte character sequence
19264LCDdriver.c(598): warning:  #870-D: invalid multibyte character sequence
19264LCDdriver.c(598): warning:  #870-D: invalid multibyte character sequence
19264LCDdriver.c(598): warning:  #870-D: invalid multibyte character sequence
19264LCDdriver.c(599): warning:  #870-D: invalid multibyte character sequence
19264LCDdriver.c(599): warning:  #870-D: invalid multibyte character sequence
19264LCDdriver.c(599): warning:  #870-D: invalid multibyte character sequence
19264LCDdriver.c(599): warning:  #870-D: invalid multibyte character sequence
19264LCDdriver.c(600): warning:  #870-D: invalid multibyte character sequence
19264LCDdriver.c(600): warning:  #870-D: invalid multibyte character sequence
19264LCDdriver.c(600): warning:  #870-D: invalid multibyte character sequence
19264LCDdriver.c(600): warning:  #870-D: invalid multibyte character sequence
19264LCDdriver.c(601): warning:  #870-D: invalid multibyte character sequence
19264LCDdriver.c(601): warning:  #870-D: invalid multibyte character sequence
19264LCDdriver.c(601): warning:  #870-D: invalid multibyte character sequence
19264LCDdriver.c(601): warning:  #870-D: invalid multibyte character sequence
19264LCDdriver.c(601): warning:  #870-D: invalid multibyte character sequence
19264LCDdriver.c(601): warning:  #870-D: invalid multibyte character sequence
19264LCDdriver.c(601): warning:  #870-D: invalid multibyte character sequence
19264LCDdriver.c(601): warning:  #870-D: invalid multibyte character sequence
compiling ClientTester.c...
ClientTester.c(240): warning:  #177-D: variable "line1" was declared but never referenced
ClientTester.c(240): warning:  #177-D: variable "line2" was declared but never referenced
ClientTester.c(240): warning:  #177-D: variable "line3" was declared but never referenced
ClientTester.c(240): warning:  #177-D: variable "line4" was declared but never referenced
ClientTester.c(250): warning:  #177-D: variable "i" was declared but never referenced
ClientTester.c(250): warning:  #177-D: variable "count" was declared but never referenced
compiling ustdlib.c...
linking...
Program Size: Code=8176 RO-data=236 RW-data=764 ZI-data=676  
"VWCanbus.axf" - 0 Error(s), 43 Warning(s).
Load "G:\\Git\\CanBusPower\\boards\\ek-lm3s8962\\CanVW\\VWCanbus.AXF" 
Connecting: Mode=JTAG, Speed=1000000Hz
Erase Done.
Programming Done.
Verify OK.
Build target 'CanVW-TestPrj'
assembling Startup.s...
compiling 19264LCDdriver.c...
19264LCDdriver.c(341): warning:  #177-D: variable "k" was declared but never referenced
19264LCDdriver.c(598): warning:  #870-D: invalid multibyte character sequence
19264LCDdriver.c(598): warning:  #870-D: invalid multibyte character sequence
19264LCDdriver.c(598): warning:  #870-D: invalid multibyte character sequence
19264LCDdriver.c(598): warning:  #870-D: invalid multibyte character sequence
19264LCDdriver.c(598): warning:  #870-D: invalid multibyte character sequence
19264LCDdriver.c(598): warning:  #870-D: invalid multibyte character sequence
19264LCDdriver.c(598): warning:  #870-D: invalid multibyte character sequence
19264LCDdriver.c(598): warning:  #870-D: invalid multibyte character sequence
19264LCDdriver.c(598): warning:  #870-D: invalid multibyte character sequence
19264LCDdriver.c(598): warning:  #870-D: invalid multibyte character sequence
19264LCDdriver.c(598): warning:  #870-D: invalid multibyte character sequence
19264LCDdriver.c(598): warning:  #870-D: invalid multibyte character sequence
19264LCDdriver.c(598): warning:  #870-D: invalid multibyte character sequence
19264LCDdriver.c(598): warning:  #870-D: invalid multibyte character sequence
19264LCDdriver.c(598): warning:  #870-D: invalid multibyte character sequence
19264LCDdriver.c(598): warning:  #870-D: invalid multibyte character sequence
19264LCDdriver.c(598): warning:  #870-D: invalid multibyte character sequence
19264LCDdriver.c(598): warning:  #870-D: invalid multibyte character sequence
19264LCDdriver.c(598): warning:  #870-D: invalid multibyte character sequence
19264LCDdriver.c(598): warning:  #870-D: invalid multibyte character sequence
19264LCDdriver.c(599): warning:  #870-D: invalid multibyte character sequence
19264LCDdriver.c(599): warning:  #870-D: invalid multibyte character sequence
19264LCDdriver.c(599): warning:  #870-D: invalid multibyte character sequence
19264LCDdriver.c(599): warning:  #870-D: invalid multibyte character sequence
19264LCDdriver.c(600): warning:  #870-D: invalid multibyte character sequence
19264LCDdriver.c(600): warning:  #870-D: invalid multibyte character sequence
19264LCDdriver.c(600): warning:  #870-D: invalid multibyte character sequence
19264LCDdriver.c(600): warning:  #870-D: invalid multibyte character sequence
19264LCDdriver.c(601): warning:  #870-D: invalid multibyte character sequence
19264LCDdriver.c(601): warning:  #870-D: invalid multibyte character sequence
19264LCDdriver.c(601): warning:  #870-D: invalid multibyte character sequence
19264LCDdriver.c(601): warning:  #870-D: invalid multibyte character sequence
19264LCDdriver.c(601): warning:  #870-D: invalid multibyte character sequence
19264LCDdriver.c(601): warning:  #870-D: invalid multibyte character sequence
19264LCDdriver.c(601): warning:  #870-D: invalid multibyte character sequence
19264LCDdriver.c(601): warning:  #870-D: invalid multibyte character sequence
compiling ClientTester.c...
ClientTester.c(240): warning:  #177-D: variable "line1" was declared but never referenced
ClientTester.c(240): warning:  #177-D: variable "line2" was declared but never referenced
ClientTester.c(240): warning:  #177-D: variable "line3" was declared but never referenced
ClientTester.c(240): warning:  #177-D: variable "line4" was declared but never referenced
ClientTester.c(250): warning:  #177-D: variable "i" was declared but never referenced
ClientTester.c(250): warning:  #177-D: variable "count" was declared but never referenced
compiling ustdlib.c...
linking...
Program Size: Code=8176 RO-data=236 RW-data=764 ZI-data=676  
"VWCanbus.axf" - 0 Error(s), 43 Warning(s).
Load "G:\\Git\\CanBusPower\\boards\\ek-lm3s8962\\CanVW\\VWCanbus.AXF" 
Connecting: Mode=JTAG, Speed=1000000Hz
Erase Done.
Programming Done.
Verify OK.
Build target 'CanVW-TestPrj'
assembling Startup.s...
compiling 19264LCDdriver.c...
19264LCDdriver.c(341): warning:  #177-D: variable "k" was declared but never referenced
19264LCDdriver.c(598): warning:  #870-D: invalid multibyte character sequence
19264LCDdriver.c(598): warning:  #870-D: invalid multibyte character sequence
19264LCDdriver.c(598): warning:  #870-D: invalid multibyte character sequence
19264LCDdriver.c(598): warning:  #870-D: invalid multibyte character sequence
19264LCDdriver.c(598): warning:  #870-D: invalid multibyte character sequence
19264LCDdriver.c(598): warning:  #870-D: invalid multibyte character sequence
19264LCDdriver.c(598): warning:  #870-D: invalid multibyte character sequence
19264LCDdriver.c(598): warning:  #870-D: invalid multibyte character sequence
19264LCDdriver.c(598): warning:  #870-D: invalid multibyte character sequence
19264LCDdriver.c(598): warning:  #870-D: invalid multibyte character sequence
19264LCDdriver.c(598): warning:  #870-D: invalid multibyte character sequence
19264LCDdriver.c(598): warning:  #870-D: invalid multibyte character sequence
19264LCDdriver.c(598): warning:  #870-D: invalid multibyte character sequence
19264LCDdriver.c(598): warning:  #870-D: invalid multibyte character sequence
19264LCDdriver.c(598): warning:  #870-D: invalid multibyte character sequence
19264LCDdriver.c(598): warning:  #870-D: invalid multibyte character sequence
19264LCDdriver.c(598): warning:  #870-D: invalid multibyte character sequence
19264LCDdriver.c(598): warning:  #870-D: invalid multibyte character sequence
19264LCDdriver.c(598): warning:  #870-D: invalid multibyte character sequence
19264LCDdriver.c(598): warning:  #870-D: invalid multibyte character sequence
19264LCDdriver.c(599): warning:  #870-D: invalid multibyte character sequence
19264LCDdriver.c(599): warning:  #870-D: invalid multibyte character sequence
19264LCDdriver.c(599): warning:  #870-D: invalid multibyte character sequence
19264LCDdriver.c(599): warning:  #870-D: invalid multibyte character sequence
19264LCDdriver.c(600): warning:  #870-D: invalid multibyte character sequence
19264LCDdriver.c(600): warning:  #870-D: invalid multibyte character sequence
19264LCDdriver.c(600): warning:  #870-D: invalid multibyte character sequence
19264LCDdriver.c(600): warning:  #870-D: invalid multibyte character sequence
19264LCDdriver.c(601): warning:  #870-D: invalid multibyte character sequence
19264LCDdriver.c(601): warning:  #870-D: invalid multibyte character sequence
19264LCDdriver.c(601): warning:  #870-D: invalid multibyte character sequence
19264LCDdriver.c(601): warning:  #870-D: invalid multibyte character sequence
19264LCDdriver.c(601): warning:  #870-D: invalid multibyte character sequence
19264LCDdriver.c(601): warning:  #870-D: invalid multibyte character sequence
19264LCDdriver.c(601): warning:  #870-D: invalid multibyte character sequence
19264LCDdriver.c(601): warning:  #870-D: invalid multibyte character sequence
compiling ClientTester.c...
ClientTester.c(240): warning:  #177-D: variable "line1" was declared but never referenced
ClientTester.c(240): warning:  #177-D: variable "line2" was declared but never referenced
ClientTester.c(240): warning:  #177-D: variable "line3" was declared but never referenced
ClientTester.c(240): warning:  #177-D: variable "line4" was declared but never referenced
ClientTester.c(250): warning:  #177-D: variable "i" was declared but never referenced
ClientTester.c(250): warning:  #177-D: variable "count" was declared but never referenced
compiling ustdlib.c...
linking...
Program Size: Code=8176 RO-data=236 RW-data=764 ZI-data=676  
"VWCanbus.axf" - 0 Error(s), 43 Warning(s).
Load "G:\\Git\\CanBusPower\\boards\\ek-lm3s8962\\CanVW\\VWCanbus.AXF" 
Connecting: Mode=JTAG, Speed=1000000Hz
Erase Done.
Programming Done.
Verify OK.
Build target 'CanVW-TestPrj'
assembling Startup.s...
compiling 19264LCDdriver.c...
19264LCDdriver.c(341): warning:  #177-D: variable "k" was declared but never referenced
19264LCDdriver.c(599): warning:  #870-D: invalid multibyte character sequence
19264LCDdriver.c(599): warning:  #870-D: invalid multibyte character sequence
19264LCDdriver.c(599): warning:  #870-D: invalid multibyte character sequence
19264LCDdriver.c(599): warning:  #870-D: invalid multibyte character sequence
19264LCDdriver.c(599): warning:  #870-D: invalid multibyte character sequence
19264LCDdriver.c(599): warning:  #870-D: invalid multibyte character sequence
19264LCDdriver.c(599): warning:  #870-D: invalid multibyte character sequence
19264LCDdriver.c(599): warning:  #870-D: invalid multibyte character sequence
19264LCDdriver.c(599): warning:  #870-D: invalid multibyte character sequence
19264LCDdriver.c(599): warning:  #870-D: invalid multibyte character sequence
19264LCDdriver.c(599): warning:  #870-D: invalid multibyte character sequence
19264LCDdriver.c(599): warning:  #870-D: invalid multibyte character sequence
19264LCDdriver.c(599): warning:  #870-D: invalid multibyte character sequence
19264LCDdriver.c(599): warning:  #870-D: invalid multibyte character sequence
19264LCDdriver.c(599): warning:  #870-D: invalid multibyte character sequence
19264LCDdriver.c(599): warning:  #870-D: invalid multibyte character sequence
19264LCDdriver.c(599): warning:  #870-D: invalid multibyte character sequence
19264LCDdriver.c(599): warning:  #870-D: invalid multibyte character sequence
19264LCDdriver.c(599): warning:  #870-D: invalid multibyte character sequence
19264LCDdriver.c(599): warning:  #870-D: invalid multibyte character sequence
19264LCDdriver.c(600): warning:  #870-D: invalid multibyte character sequence
19264LCDdriver.c(600): warning:  #870-D: invalid multibyte character sequence
19264LCDdriver.c(600): warning:  #870-D: invalid multibyte character sequence
19264LCDdriver.c(600): warning:  #870-D: invalid multibyte character sequence
19264LCDdriver.c(601): warning:  #870-D: invalid multibyte character sequence
19264LCDdriver.c(601): warning:  #870-D: invalid multibyte character sequence
19264LCDdriver.c(601): warning:  #870-D: invalid multibyte character sequence
19264LCDdriver.c(601): warning:  #870-D: invalid multibyte character sequence
19264LCDdriver.c(602): warning:  #870-D: invalid multibyte character sequence
19264LCDdriver.c(602): warning:  #870-D: invalid multibyte character sequence
19264LCDdriver.c(602): warning:  #870-D: invalid multibyte character sequence
19264LCDdriver.c(602): warning:  #870-D: invalid multibyte character sequence
19264LCDdriver.c(602): warning:  #870-D: invalid multibyte character sequence
19264LCDdriver.c(602): warning:  #870-D: invalid multibyte character sequence
19264LCDdriver.c(602): warning:  #870-D: invalid multibyte character sequence
19264LCDdriver.c(602): warning:  #870-D: invalid multibyte character sequence
compiling ClientTester.c...
ClientTester.c(240): warning:  #177-D: variable "line1" was declared but never referenced
ClientTester.c(240): warning:  #177-D: variable "line2" was declared but never referenced
ClientTester.c(240): warning:  #177-D: variable "line3" was declared but never referenced
ClientTester.c(240): warning:  #177-D: variable "line4" was declared but never referenced
ClientTester.c(250): warning:  #177-D: variable "i" was declared but never referenced
ClientTester.c(250): warning:  #177-D: variable "count" was declared but never referenced
compiling ustdlib.c...
linking...
Program Size: Code=8196 RO-data=236 RW-data=764 ZI-data=676  
"VWCanbus.axf" - 0 Error(s), 43 Warning(s).
Load "G:\\Git\\CanBusPower\\boards\\ek-lm3s8962\\CanVW\\VWCanbus.AXF" 
Connecting: Mode=JTAG, Speed=1000000Hz
Erase Done.
Programming Done.
Verify OK.
Build target 'CanVW-TestPrj'
assembling Startup.s...
compiling 19264LCDdriver.c...
19264LCDdriver.c(341): warning:  #177-D: variable "k" was declared but never referenced
19264LCDdriver.c(599): warning:  #870-D: invalid multibyte character sequence
19264LCDdriver.c(599): warning:  #870-D: invalid multibyte character sequence
19264LCDdriver.c(599): warning:  #870-D: invalid multibyte character sequence
19264LCDdriver.c(599): warning:  #870-D: invalid multibyte character sequence
19264LCDdriver.c(599): warning:  #870-D: invalid multibyte character sequence
19264LCDdriver.c(599): warning:  #870-D: invalid multibyte character sequence
19264LCDdriver.c(599): warning:  #870-D: invalid multibyte character sequence
19264LCDdriver.c(599): warning:  #870-D: invalid multibyte character sequence
19264LCDdriver.c(599): warning:  #870-D: invalid multibyte character sequence
19264LCDdriver.c(599): warning:  #870-D: invalid multibyte character sequence
19264LCDdriver.c(599): warning:  #870-D: invalid multibyte character sequence
19264LCDdriver.c(599): warning:  #870-D: invalid multibyte character sequence
19264LCDdriver.c(599): warning:  #870-D: invalid multibyte character sequence
19264LCDdriver.c(599): warning:  #870-D: invalid multibyte character sequence
19264LCDdriver.c(599): warning:  #870-D: invalid multibyte character sequence
19264LCDdriver.c(599): warning:  #870-D: invalid multibyte character sequence
19264LCDdriver.c(599): warning:  #870-D: invalid multibyte character sequence
19264LCDdriver.c(599): warning:  #870-D: invalid multibyte character sequence
19264LCDdriver.c(599): warning:  #870-D: invalid multibyte character sequence
19264LCDdriver.c(599): warning:  #870-D: invalid multibyte character sequence
19264LCDdriver.c(600): warning:  #870-D: invalid multibyte character sequence
19264LCDdriver.c(600): warning:  #870-D: invalid multibyte character sequence
19264LCDdriver.c(600): warning:  #870-D: invalid multibyte character sequence
19264LCDdriver.c(600): warning:  #870-D: invalid multibyte character sequence
19264LCDdriver.c(601): warning:  #870-D: invalid multibyte character sequence
19264LCDdriver.c(601): warning:  #870-D: invalid multibyte character sequence
19264LCDdriver.c(601): warning:  #870-D: invalid multibyte character sequence
19264LCDdriver.c(601): warning:  #870-D: invalid multibyte character sequence
19264LCDdriver.c(602): warning:  #870-D: invalid multibyte character sequence
19264LCDdriver.c(602): warning:  #870-D: invalid multibyte character sequence
19264LCDdriver.c(602): warning:  #870-D: invalid multibyte character sequence
19264LCDdriver.c(602): warning:  #870-D: invalid multibyte character sequence
19264LCDdriver.c(602): warning:  #870-D: invalid multibyte character sequence
19264LCDdriver.c(602): warning:  #870-D: invalid multibyte character sequence
19264LCDdriver.c(602): warning:  #870-D: invalid multibyte character sequence
19264LCDdriver.c(602): warning:  #870-D: invalid multibyte character sequence
compiling ClientTester.c...
ClientTester.c(240): warning:  #177-D: variable "line1" was declared but never referenced
ClientTester.c(240): warning:  #177-D: variable "line2" was declared but never referenced
ClientTester.c(240): warning:  #177-D: variable "line3" was declared but never referenced
ClientTester.c(240): warning:  #177-D: variable "line4" was declared but never referenced
ClientTester.c(250): warning:  #177-D: variable "i" was declared but never referenced
ClientTester.c(250): warning:  #177-D: variable "count" was declared but never referenced
compiling ustdlib.c...
linking...
Program Size: Code=8196 RO-data=236 RW-data=764 ZI-data=676  
"VWCanbus.axf" - 0 Error(s), 43 Warning(s).
Load "G:\\Git\\CanBusPower\\boards\\ek-lm3s8962\\CanVW\\VWCanbus.AXF" 
Connecting: Mode=JTAG, Speed=1000000Hz
Erase Done.
Programming Done.
Verify OK.
Build target 'CanVW-TestPrj'
assembling Startup.s...
compiling 19264LCDdriver.c...
19264LCDdriver.c(341): warning:  #177-D: variable "k" was declared but never referenced
19264LCDdriver.c(601): warning:  #870-D: invalid multibyte character sequence
19264LCDdriver.c(601): warning:  #870-D: invalid multibyte character sequence
19264LCDdriver.c(601): warning:  #870-D: invalid multibyte character sequence
19264LCDdriver.c(601): warning:  #870-D: invalid multibyte character sequence
19264LCDdriver.c(601): warning:  #870-D: invalid multibyte character sequence
19264LCDdriver.c(601): warning:  #870-D: invalid multibyte character sequence
19264LCDdriver.c(601): warning:  #870-D: invalid multibyte character sequence
19264LCDdriver.c(601): warning:  #870-D: invalid multibyte character sequence
19264LCDdriver.c(601): warning:  #870-D: invalid multibyte character sequence
19264LCDdriver.c(601): warning:  #870-D: invalid multibyte character sequence
19264LCDdriver.c(601): warning:  #870-D: invalid multibyte character sequence
19264LCDdriver.c(601): warning:  #870-D: invalid multibyte character sequence
19264LCDdriver.c(601): warning:  #870-D: invalid multibyte character sequence
19264LCDdriver.c(601): warning:  #870-D: invalid multibyte character sequence
19264LCDdriver.c(601): warning:  #870-D: invalid multibyte character sequence
19264LCDdriver.c(601): warning:  #870-D: invalid multibyte character sequence
19264LCDdriver.c(601): warning:  #870-D: invalid multibyte character sequence
19264LCDdriver.c(601): warning:  #870-D: invalid multibyte character sequence
19264LCDdriver.c(601): warning:  #870-D: invalid multibyte character sequence
19264LCDdriver.c(601): warning:  #870-D: invalid multibyte character sequence
19264LCDdriver.c(602): warning:  #870-D: invalid multibyte character sequence
19264LCDdriver.c(602): warning:  #870-D: invalid multibyte character sequence
19264LCDdriver.c(602): warning:  #870-D: invalid multibyte character sequence
19264LCDdriver.c(602): warning:  #870-D: invalid multibyte character sequence
19264LCDdriver.c(603): warning:  #870-D: invalid multibyte character sequence
19264LCDdriver.c(603): warning:  #870-D: invalid multibyte character sequence
19264LCDdriver.c(603): warning:  #870-D: invalid multibyte character sequence
19264LCDdriver.c(603): warning:  #870-D: invalid multibyte character sequence
19264LCDdriver.c(604): warning:  #870-D: invalid multibyte character sequence
19264LCDdriver.c(604): warning:  #870-D: invalid multibyte character sequence
19264LCDdriver.c(604): warning:  #870-D: invalid multibyte character sequence
19264LCDdriver.c(604): warning:  #870-D: invalid multibyte character sequence
19264LCDdriver.c(604): warning:  #870-D: invalid multibyte character sequence
19264LCDdriver.c(604): warning:  #870-D: invalid multibyte character sequence
19264LCDdriver.c(604): warning:  #870-D: invalid multibyte character sequence
19264LCDdriver.c(604): warning:  #870-D: invalid multibyte character sequence
compiling ClientTester.c...
ClientTester.c(240): warning:  #177-D: variable "line1" was declared but never referenced
ClientTester.c(240): warning:  #177-D: variable "line2" was declared but never referenced
ClientTester.c(240): warning:  #177-D: variable "line3" was declared but never referenced
ClientTester.c(240): warning:  #177-D: variable "line4" was declared but never referenced
ClientTester.c(250): warning:  #177-D: variable "i" was declared but never referenced
ClientTester.c(250): warning:  #177-D: variable "count" was declared but never referenced
compiling ustdlib.c...
linking...
Program Size: Code=8208 RO-data=236 RW-data=764 ZI-data=676  
"VWCanbus.axf" - 0 Error(s), 43 Warning(s).
Load "G:\\Git\\CanBusPower\\boards\\ek-lm3s8962\\CanVW\\VWCanbus.AXF" 
Connecting: Mode=JTAG, Speed=1000000Hz
Erase Done.
Programming Done.
Verify OK.
Build target 'CanVW-TestPrj'
assembling Startup.s...
compiling 19264LCDdriver.c...
19264LCDdriver.c(341): warning:  #177-D: variable "k" was declared but never referenced
19264LCDdriver.c(601): warning:  #870-D: invalid multibyte character sequence
19264LCDdriver.c(601): warning:  #870-D: invalid multibyte character sequence
19264LCDdriver.c(601): warning:  #870-D: invalid multibyte character sequence
19264LCDdriver.c(601): warning:  #870-D: invalid multibyte character sequence
19264LCDdriver.c(601): warning:  #870-D: invalid multibyte character sequence
19264LCDdriver.c(601): warning:  #870-D: invalid multibyte character sequence
19264LCDdriver.c(601): warning:  #870-D: invalid multibyte character sequence
19264LCDdriver.c(601): warning:  #870-D: invalid multibyte character sequence
19264LCDdriver.c(601): warning:  #870-D: invalid multibyte character sequence
19264LCDdriver.c(601): warning:  #870-D: invalid multibyte character sequence
19264LCDdriver.c(601): warning:  #870-D: invalid multibyte character sequence
19264LCDdriver.c(601): warning:  #870-D: invalid multibyte character sequence
19264LCDdriver.c(601): warning:  #870-D: invalid multibyte character sequence
19264LCDdriver.c(601): warning:  #870-D: invalid multibyte character sequence
19264LCDdriver.c(601): warning:  #870-D: invalid multibyte character sequence
19264LCDdriver.c(601): warning:  #870-D: invalid multibyte character sequence
19264LCDdriver.c(601): warning:  #870-D: invalid multibyte character sequence
19264LCDdriver.c(601): warning:  #870-D: invalid multibyte character sequence
19264LCDdriver.c(601): warning:  #870-D: invalid multibyte character sequence
19264LCDdriver.c(601): warning:  #870-D: invalid multibyte character sequence
19264LCDdriver.c(602): warning:  #870-D: invalid multibyte character sequence
19264LCDdriver.c(602): warning:  #870-D: invalid multibyte character sequence
19264LCDdriver.c(602): warning:  #870-D: invalid multibyte character sequence
19264LCDdriver.c(602): warning:  #870-D: invalid multibyte character sequence
19264LCDdriver.c(603): warning:  #870-D: invalid multibyte character sequence
19264LCDdriver.c(603): warning:  #870-D: invalid multibyte character sequence
19264LCDdriver.c(603): warning:  #870-D: invalid multibyte character sequence
19264LCDdriver.c(603): warning:  #870-D: invalid multibyte character sequence
19264LCDdriver.c(604): warning:  #870-D: invalid multibyte character sequence
19264LCDdriver.c(604): warning:  #870-D: invalid multibyte character sequence
19264LCDdriver.c(604): warning:  #870-D: invalid multibyte character sequence
19264LCDdriver.c(604): warning:  #870-D: invalid multibyte character sequence
19264LCDdriver.c(604): warning:  #870-D: invalid multibyte character sequence
19264LCDdriver.c(604): warning:  #870-D: invalid multibyte character sequence
19264LCDdriver.c(604): warning:  #870-D: invalid multibyte character sequence
19264LCDdriver.c(604): warning:  #870-D: invalid multibyte character sequence
compiling ClientTester.c...
ClientTester.c(240): warning:  #177-D: variable "line1" was declared but never referenced
ClientTester.c(240): warning:  #177-D: variable "line2" was declared but never referenced
ClientTester.c(240): warning:  #177-D: variable "line3" was declared but never referenced
ClientTester.c(240): warning:  #177-D: variable "line4" was declared but never referenced
ClientTester.c(250): warning:  #177-D: variable "i" was declared but never referenced
ClientTester.c(250): warning:  #177-D: variable "count" was declared but never referenced
compiling ustdlib.c...
linking...
Program Size: Code=8208 RO-data=236 RW-data=764 ZI-data=676  
"VWCanbus.axf" - 0 Error(s), 43 Warning(s).
Load "G:\\Git\\CanBusPower\\boards\\ek-lm3s8962\\CanVW\\VWCanbus.AXF" 
Connecting: Mode=JTAG, Speed=1000000Hz
Erase Done.
Programming Done.
Verify OK.
Build target 'CanVW-TestPrj'
assembling Startup.s...
compiling 19264LCDdriver.c...
19264LCDdriver.c(341): warning:  #177-D: variable "k" was declared but never referenced
19264LCDdriver.c(601): warning:  #870-D: invalid multibyte character sequence
19264LCDdriver.c(601): warning:  #870-D: invalid multibyte character sequence
19264LCDdriver.c(601): warning:  #870-D: invalid multibyte character sequence
19264LCDdriver.c(601): warning:  #870-D: invalid multibyte character sequence
19264LCDdriver.c(601): warning:  #870-D: invalid multibyte character sequence
19264LCDdriver.c(601): warning:  #870-D: invalid multibyte character sequence
19264LCDdriver.c(601): warning:  #870-D: invalid multibyte character sequence
19264LCDdriver.c(601): warning:  #870-D: invalid multibyte character sequence
19264LCDdriver.c(601): warning:  #870-D: invalid multibyte character sequence
19264LCDdriver.c(601): warning:  #870-D: invalid multibyte character sequence
19264LCDdriver.c(601): warning:  #870-D: invalid multibyte character sequence
19264LCDdriver.c(601): warning:  #870-D: invalid multibyte character sequence
19264LCDdriver.c(601): warning:  #870-D: invalid multibyte character sequence
19264LCDdriver.c(601): warning:  #870-D: invalid multibyte character sequence
19264LCDdriver.c(601): warning:  #870-D: invalid multibyte character sequence
19264LCDdriver.c(601): warning:  #870-D: invalid multibyte character sequence
19264LCDdriver.c(601): warning:  #870-D: invalid multibyte character sequence
19264LCDdriver.c(601): warning:  #870-D: invalid multibyte character sequence
19264LCDdriver.c(601): warning:  #870-D: invalid multibyte character sequence
19264LCDdriver.c(601): warning:  #870-D: invalid multibyte character sequence
19264LCDdriver.c(602): warning:  #870-D: invalid multibyte character sequence
19264LCDdriver.c(602): warning:  #870-D: invalid multibyte character sequence
19264LCDdriver.c(602): warning:  #870-D: invalid multibyte character sequence
19264LCDdriver.c(602): warning:  #870-D: invalid multibyte character sequence
19264LCDdriver.c(603): warning:  #870-D: invalid multibyte character sequence
19264LCDdriver.c(603): warning:  #870-D: invalid multibyte character sequence
19264LCDdriver.c(603): warning:  #870-D: invalid multibyte character sequence
19264LCDdriver.c(603): warning:  #870-D: invalid multibyte character sequence
19264LCDdriver.c(604): warning:  #870-D: invalid multibyte character sequence
19264LCDdriver.c(604): warning:  #870-D: invalid multibyte character sequence
19264LCDdriver.c(604): warning:  #870-D: invalid multibyte character sequence
19264LCDdriver.c(604): warning:  #870-D: invalid multibyte character sequence
19264LCDdriver.c(604): warning:  #870-D: invalid multibyte character sequence
19264LCDdriver.c(604): warning:  #870-D: invalid multibyte character sequence
19264LCDdriver.c(604): warning:  #870-D: invalid multibyte character sequence
19264LCDdriver.c(604): warning:  #870-D: invalid multibyte character sequence
compiling ClientTester.c...
ClientTester.c(240): warning:  #177-D: variable "line1" was declared but never referenced
ClientTester.c(240): warning:  #177-D: variable "line2" was declared but never referenced
ClientTester.c(240): warning:  #177-D: variable "line3" was declared but never referenced
ClientTester.c(240): warning:  #177-D: variable "line4" was declared but never referenced
ClientTester.c(250): warning:  #177-D: variable "i" was declared but never referenced
ClientTester.c(250): warning:  #177-D: variable "count" was declared but never referenced
compiling ustdlib.c...
linking...
Program Size: Code=8300 RO-data=236 RW-data=764 ZI-data=676  
"VWCanbus.axf" - 0 Error(s), 43 Warning(s).
Load "G:\\Git\\CanBusPower\\boards\\ek-lm3s8962\\CanVW\\VWCanbus.AXF" 
Connecting: Mode=JTAG, Speed=1000000Hz
Erase Done.
Programming Done.
Verify OK.
Build target 'CanVW-TestPrj'
assembling Startup.s...
compiling 19264LCDdriver.c...
19264LCDdriver.c(341): warning:  #177-D: variable "k" was declared but never referenced
19264LCDdriver.c(601): warning:  #870-D: invalid multibyte character sequence
19264LCDdriver.c(601): warning:  #870-D: invalid multibyte character sequence
19264LCDdriver.c(601): warning:  #870-D: invalid multibyte character sequence
19264LCDdriver.c(601): warning:  #870-D: invalid multibyte character sequence
19264LCDdriver.c(601): warning:  #870-D: invalid multibyte character sequence
19264LCDdriver.c(601): warning:  #870-D: invalid multibyte character sequence
19264LCDdriver.c(601): warning:  #870-D: invalid multibyte character sequence
19264LCDdriver.c(601): warning:  #870-D: invalid multibyte character sequence
19264LCDdriver.c(601): warning:  #870-D: invalid multibyte character sequence
19264LCDdriver.c(601): warning:  #870-D: invalid multibyte character sequence
19264LCDdriver.c(601): warning:  #870-D: invalid multibyte character sequence
19264LCDdriver.c(601): warning:  #870-D: invalid multibyte character sequence
19264LCDdriver.c(601): warning:  #870-D: invalid multibyte character sequence
19264LCDdriver.c(601): warning:  #870-D: invalid multibyte character sequence
19264LCDdriver.c(601): warning:  #870-D: invalid multibyte character sequence
19264LCDdriver.c(601): warning:  #870-D: invalid multibyte character sequence
19264LCDdriver.c(601): warning:  #870-D: invalid multibyte character sequence
19264LCDdriver.c(601): warning:  #870-D: invalid multibyte character sequence
19264LCDdriver.c(601): warning:  #870-D: invalid multibyte character sequence
19264LCDdriver.c(601): warning:  #870-D: invalid multibyte character sequence
19264LCDdriver.c(602): warning:  #870-D: invalid multibyte character sequence
19264LCDdriver.c(602): warning:  #870-D: invalid multibyte character sequence
19264LCDdriver.c(602): warning:  #870-D: invalid multibyte character sequence
19264LCDdriver.c(602): warning:  #870-D: invalid multibyte character sequence
19264LCDdriver.c(603): warning:  #870-D: invalid multibyte character sequence
19264LCDdriver.c(603): warning:  #870-D: invalid multibyte character sequence
19264LCDdriver.c(603): warning:  #870-D: invalid multibyte character sequence
19264LCDdriver.c(603): warning:  #870-D: invalid multibyte character sequence
19264LCDdriver.c(604): warning:  #870-D: invalid multibyte character sequence
19264LCDdriver.c(604): warning:  #870-D: invalid multibyte character sequence
19264LCDdriver.c(604): warning:  #870-D: invalid multibyte character sequence
19264LCDdriver.c(604): warning:  #870-D: invalid multibyte character sequence
19264LCDdriver.c(604): warning:  #870-D: invalid multibyte character sequence
19264LCDdriver.c(604): warning:  #870-D: invalid multibyte character sequence
19264LCDdriver.c(604): warning:  #870-D: invalid multibyte character sequence
19264LCDdriver.c(604): warning:  #870-D: invalid multibyte character sequence
compiling ClientTester.c...
ClientTester.c(240): warning:  #177-D: variable "line1" was declared but never referenced
ClientTester.c(240): warning:  #177-D: variable "line2" was declared but never referenced
ClientTester.c(240): warning:  #177-D: variable "line3" was declared but never referenced
ClientTester.c(240): warning:  #177-D: variable "line4" was declared but never referenced
ClientTester.c(250): warning:  #177-D: variable "i" was declared but never referenced
ClientTester.c(250): warning:  #177-D: variable "count" was declared but never referenced
compiling ustdlib.c...
linking...
Program Size: Code=8300 RO-data=236 RW-data=764 ZI-data=676  
"VWCanbus.axf" - 0 Error(s), 43 Warning(s).
Load "G:\\Git\\CanBusPower\\boards\\ek-lm3s8962\\CanVW\\VWCanbus.AXF" 
Connecting: Mode=JTAG, Speed=1000000Hz
Erase Done.
Programming Done.
Verify OK.
Build target 'CanVW-TestPrj'
assembling Startup.s...
compiling 19264LCDdriver.c...
19264LCDdriver.c(341): warning:  #177-D: variable "k" was declared but never referenced
19264LCDdriver.c(601): warning:  #870-D: invalid multibyte character sequence
19264LCDdriver.c(601): warning:  #870-D: invalid multibyte character sequence
19264LCDdriver.c(601): warning:  #870-D: invalid multibyte character sequence
19264LCDdriver.c(601): warning:  #870-D: invalid multibyte character sequence
19264LCDdriver.c(601): warning:  #870-D: invalid multibyte character sequence
19264LCDdriver.c(601): warning:  #870-D: invalid multibyte character sequence
19264LCDdriver.c(601): warning:  #870-D: invalid multibyte character sequence
19264LCDdriver.c(601): warning:  #870-D: invalid multibyte character sequence
19264LCDdriver.c(601): warning:  #870-D: invalid multibyte character sequence
19264LCDdriver.c(601): warning:  #870-D: invalid multibyte character sequence
19264LCDdriver.c(601): warning:  #870-D: invalid multibyte character sequence
19264LCDdriver.c(601): warning:  #870-D: invalid multibyte character sequence
19264LCDdriver.c(601): warning:  #870-D: invalid multibyte character sequence
19264LCDdriver.c(601): warning:  #870-D: invalid multibyte character sequence
19264LCDdriver.c(601): warning:  #870-D: invalid multibyte character sequence
19264LCDdriver.c(601): warning:  #870-D: invalid multibyte character sequence
19264LCDdriver.c(601): warning:  #870-D: invalid multibyte character sequence
19264LCDdriver.c(601): warning:  #870-D: invalid multibyte character sequence
19264LCDdriver.c(601): warning:  #870-D: invalid multibyte character sequence
19264LCDdriver.c(601): warning:  #870-D: invalid multibyte character sequence
19264LCDdriver.c(602): warning:  #870-D: invalid multibyte character sequence
19264LCDdriver.c(602): warning:  #870-D: invalid multibyte character sequence
19264LCDdriver.c(602): warning:  #870-D: invalid multibyte character sequence
19264LCDdriver.c(602): warning:  #870-D: invalid multibyte character sequence
19264LCDdriver.c(603): warning:  #870-D: invalid multibyte character sequence
19264LCDdriver.c(603): warning:  #870-D: invalid multibyte character sequence
19264LCDdriver.c(603): warning:  #870-D: invalid multibyte character sequence
19264LCDdriver.c(603): warning:  #870-D: invalid multibyte character sequence
19264LCDdriver.c(604): warning:  #870-D: invalid multibyte character sequence
19264LCDdriver.c(604): warning:  #870-D: invalid multibyte character sequence
19264LCDdriver.c(604): warning:  #870-D: invalid multibyte character sequence
19264LCDdriver.c(604): warning:  #870-D: invalid multibyte character sequence
19264LCDdriver.c(604): warning:  #870-D: invalid multibyte character sequence
19264LCDdriver.c(604): warning:  #870-D: invalid multibyte character sequence
19264LCDdriver.c(604): warning:  #870-D: invalid multibyte character sequence
19264LCDdriver.c(604): warning:  #870-D: invalid multibyte character sequence
compiling ClientTester.c...
ClientTester.c(240): warning:  #177-D: variable "line1" was declared but never referenced
ClientTester.c(240): warning:  #177-D: variable "line2" was declared but never referenced
ClientTester.c(240): warning:  #177-D: variable "line3" was declared but never referenced
ClientTester.c(240): warning:  #177-D: variable "line4" was declared but never referenced
ClientTester.c(250): warning:  #177-D: variable "i" was declared but never referenced
ClientTester.c(250): warning:  #177-D: variable "count" was declared but never referenced
compiling ustdlib.c...
linking...
Program Size: Code=8244 RO-data=236 RW-data=764 ZI-data=676  
"VWCanbus.axf" - 0 Error(s), 43 Warning(s).
Load "G:\\Git\\CanBusPower\\boards\\ek-lm3s8962\\CanVW\\VWCanbus.AXF" 
Connecting: Mode=JTAG, Speed=1000000Hz
Erase Done.
Programming Done.
Verify OK.
Build target 'CanVW-TestPrj'
assembling Startup.s...
compiling 19264LCDdriver.c...
[...]
ClientTester.c(240): warning:  #177-D: variable "line1" was declared but never referenced
ClientTester.c(240): warning:  #177-D: variable "line2" was declared but never referenced
ClientTester.c(240): warning:  #177-D: variable "line3" was declared but never referenced
ClientTester.c(240): warning:  #177-D: variable "line4" was declared but never referenced
ClientTester.c(250): warning:  #177-D: variable "i" was declared but never referenced
ClientTester.c(250): warning:  #177-D: variable "count" was declared but never referenced
compiling ustdlib.c...
linking...
Program Size: Code=8224 RO-data=236 RW-data=2408 ZI-data=672  
"VWCanbus.axf" - 0 Error(s), 7 Warning(s).
Load "G:\\Git\\CanBusPower\\boards\\ek-lm3s8962\\CanVW\\VWCanbus.AXF" 
Connecting: Mode=JTAG, Speed=1000000Hz
Erase Done.
Programming Done.
Verify OK.
Build target 'CanVW-TestPrj'
assembling Startup.s...
compiling 19264LCDdriver.c...
19264LCDdriver.c(341): warning:  #177-D: variable "k" was declared but never referenced
compiling ClientTester.c...
ClientTester.c(240): warning:  #177-D: variable "line1" was declared but never referenced
ClientTester.c(240): warning:  #177-D: variable "line2" was declared but never referenced
ClientTester.c(240): warning:  #177-D: variable "line3" was declared but never referenced
ClientTester.c(240): warning:  #177-D: variable "line4" was declared but never referenced
ClientTester.c(250): warning:  #177-D: variable "i" was declared but never referenced
ClientTester.c(250): warning:  #177-D: variable "count" was declared but never referenced
compiling ustdlib.c...
linking...
Program Size: Code=8224 RO-data=236 RW-data=2408 ZI-data=672  
"VWCanbus.axf" - 0 Error(s), 7 Warning(s).
Load "G:\\Git\\CanBusPower\\boards\\ek-lm3s8962\\CanVW\\VWCanbus.AXF" 
Connecting: Mode=JTAG, Speed=1000000Hz
Erase Done.
Programming Done.
Verify OK.
Build target 'CanVW-TestPrj'
assembling Startup.s...
compiling 19264LCDdriver.c...
19264LCDdriver.c(341): warning:  #177-D: variable "k" was declared but never referenced
compiling ClientTester.c...
ClientTester.c(240): warning:  #177-D: variable "line1" was declared but never referenced
ClientTester.c(240): warning:  #177-D: variable "line2" was declared but never referenced
ClientTester.c(240): warning:  #177-D: variable "line3" was declared but never referenced
ClientTester.c(240): warning:  #177-D: variable "line4" was declared but never referenced
ClientTester.c(250): warning:  #177-D: variable "i" was declared but never referenced
ClientTester.c(250): warning:  #177-D: variable "count" was declared but never referenced
compiling ustdlib.c...
linking...
Program Size: Code=8224 RO-data=236 RW-data=2408 ZI-data=672  
"VWCanbus.axf" - 0 Error(s), 7 Warning(s).
Load "G:\\Git\\CanBusPower\\boards\\ek-lm3s8962\\CanVW\\VWCanbus.AXF" 
Connecting: Mode=JTAG, Speed=1000000Hz
Erase Done.
Programming Done.
Verify OK.
Build target 'CanVW-TestPrj'
assembling Startup.s...
compiling 19264LCDdriver.c...
19264LCDdriver.c(341): warning:  #177-D: variable "k" was declared but never referenced
compiling ClientTester.c...
ClientTester.c(240): warning:  #177-D: variable "line1" was declared but never referenced
ClientTester.c(240): warning:  #177-D: variable "line2" was declared but never referenced
ClientTester.c(240): warning:  #177-D: variable "line3" was declared but never referenced
ClientTester.c(240): warning:  #177-D: variable "line4" was declared but never referenced
ClientTester.c(250): warning:  #177-D: variable "i" was declared but never referenced
ClientTester.c(250): warning:  #177-D: variable "count" was declared but never referenced
compiling ustdlib.c...
linking...
Program Size: Code=8224 RO-data=236 RW-data=2408 ZI-data=672  
"VWCanbus.axf" - 0 Error(s), 7 Warning(s).
Load "G:\\Git\\CanBusPower\\boards\\ek-lm3s8962\\CanVW\\VWCanbus.AXF" 
Connecting: Mode=JTAG, Speed=1000000Hz
Erase Done.
Programming Done.
Verify OK.
Build target 'CanVW-TestPrj'
assembling Startup.s...
compiling 19264LCDdriver.c...
19264LCDdriver.c(341): warning:  #177-D: variable "k" was declared but never referenced
compiling ClientTester.c...
ClientTester.c(240): warning:  #177-D: variable "line1" was declared but never referenced
ClientTester.c(240): warning:  #177-D: variable "line2" was declared but never referenced
ClientTester.c(240): warning:  #177-D: variable "line3" was declared but never referenced
ClientTester.c(240): warning:  #177-D: variable "line4" was declared but never referenced
ClientTester.c(250): warning:  #177-D: variable "i" was declared but never referenced
ClientTester.c(250): warning:  #177-D: variable "count" was declared but never referenced
compiling ustdlib.c...
linking...
Program Size: Code=8224 RO-data=236 RW-data=2408 ZI-data=672  
"VWCanbus.axf" - 0 Error(s), 7 Warning(s).
Load "G:\\Git\\CanBusPower\\boards\\ek-lm3s8962\\CanVW\\VWCanbus.AXF" 
Connecting: Mode=JTAG, Speed=1000000Hz
Erase Done.
Programming Done.
Verify OK.
Build target 'CanVW-TestPrj'
assembling Startup.s...
compiling 19264LCDdriver.c...
19264LCDdriver.c(341): warning:  #177-D: variable "k" was declared but never referenced
compiling ClientTester.c...
ClientTester.c(240): warning:  #177-D: variable "line1" was declared but never referenced
ClientTester.c(240): warning:  #177-D: variable "line2" was declared but never referenced
ClientTester.c(240): warning:  #177-D: variable "line3" was declared but never referenced
ClientTester.c(240): warning:  #177-D: variable "line4" was declared but never referenced
ClientTester.c(250): warning:  #177-D: variable "i" was declared but never referenced
ClientTester.c(250): warning:  #177-D: variable "count" was declared but never referenced
compiling ustdlib.c...
linking...
Program Size: Code=8224 RO-data=236 RW-data=2408 ZI-data=672  
"VWCanbus.axf" - 0 Error(s), 7 Warning(s).
Load "G:\\Git\\CanBusPower\\boards\\ek-lm3s8962\\CanVW\\VWCanbus.AXF" 
Connecting: Mode=JTAG, Speed=1000000Hz
Erase Done.
Programming Done.
Verify OK.
Build target 'CanVW-TestPrj'
assembling Startup.s...
compiling 19264LCDdriver.c...
19264LCDdriver.c(341): warning:  #177-D: variable "k" was declared but never referenced
compiling ClientTester.c...
ClientTester.c(240): warning:  #177-D: variable "line1" was declared but never referenced
ClientTester.c(240): warning:  #177-D: variable "line2" was declared but never referenced
ClientTester.c(240): warning:  #177-D: variable "line3" was declared but never referenced
ClientTester.c(240): warning:  #177-D: variable "line4" was declared but never referenced
ClientTester.c(250): warning:  #177-D: variable "i" was declared but never referenced
ClientTester.c(250): warning:  #177-D: variable "count" was declared but never referenced
compiling ustdlib.c...
linking...
Program Size: Code=8260 RO-data=236 RW-data=2408 ZI-data=672  
"VWCanbus.axf" - 0 Error(s), 7 Warning(s).
Load "G:\\Git\\CanBusPower\\boards\\ek-lm3s8962\\CanVW\\VWCanbus.AXF" 
Connecting: Mode=JTAG, Speed=1000000Hz
Erase Done.
Programming Done.
Verify OK.
Build target 'CanVW-TestPrj'
assembling Startup.s...
compiling 19264LCDdriver.c...
19264LCDdriver.c(341): warning:  #177-D: variable "k" was declared but never referenced
compiling ClientTester.c...
ClientTester.c(240): warning:  #177-D: variable "line1" was declared but never referenced
ClientTester.c(240): warning:  #177-D: variable "line2" was declared but never referenced
ClientTester.c(240): warning:  #177-D: variable "line3" was declared but never referenced
ClientTester.c(240): warning:  #177-D: variable "line4" was declared but never referenced
ClientTester.c(250): warning:  #177-D: variable "i" was declared but never referenced
ClientTester.c(250): warning:  #177-D: variable "count" was declared but never referenced
compiling ustdlib.c...
linking...
Program Size: Code=8284 RO-data=236 RW-data=2408 ZI-data=672  
"VWCanbus.axf" - 0 Error(s), 7 Warning(s).
Load "G:\\Git\\CanBusPower\\boards\\ek-lm3s8962\\CanVW\\VWCanbus.AXF" 
Connecting: Mode=JTAG, Speed=1000000Hz
Erase Done.
Programming Done.
Verify OK.
Build target 'CanVW-TestPrj'
assembling Startup.s...
compiling 19264LCDdriver.c...
19264LCDdriver.c(341): warning:  #177-D: variable "k" was declared but never referenced
compiling ClientTester.c...
ClientTester.c(240): warning:  #177-D: variable "line1" was declared but never referenced
ClientTester.c(240): warning:  #177-D: variable "line2" was declared but never referenced
ClientTester.c(240): warning:  #177-D: variable "line3" was declared but never referenced
ClientTester.c(240): warning:  #177-D: variable "line4" was declared but never referenced
ClientTester.c(250): warning:  #177-D: variable "i" was declared but never referenced
ClientTester.c(250): warning:  #177-D: variable "count" was declared but never referenced
compiling ustdlib.c...
linking...
Program Size: Code=8224 RO-data=236 RW-data=2408 ZI-data=672  
"VWCanbus.axf" - 0 Error(s), 7 Warning(s).
Load "G:\\Git\\CanBusPower\\boards\\ek-lm3s8962\\CanVW\\VWCanbus.AXF" 
Connecting: Mode=JTAG, Speed=1000000Hz
Erase Done.
Programming Done.
Verify OK.
Build target 'CanVW-TestPrj'
assembling Startup.s...
compiling 19264LCDdriver.c...
19264LCDdriver.c(341): warning:  #177-D: variable "k" was declared but never referenced
compiling ClientTester.c...
ClientTester.c(240): warning:  #177-D: variable "line1" was declared but never referenced
ClientTester.c(240): warning:  #177-D: variable "line2" was declared but never referenced
ClientTester.c(240): warning:  #177-D: variable "line3" was declared but never referenced
ClientTester.c(240): warning:  #177-D: variable "line4" was declared but never referenced
ClientTester.c(250): warning:  #177-D: variable "i" was declared but never referenced
ClientTester.c(250): warning:  #177-D: variable "count" was declared but never referenced
compiling ustdlib.c...
linking...
Program Size: Code=8256 RO-data=236 RW-data=2408 ZI-data=672  
"VWCanbus.axf" - 0 Error(s), 7 Warning(s).
Load "G:\\Git\\CanBusPower\\boards\\ek-lm3s8962\\CanVW\\VWCanbus.AXF" 
Connecting: Mode=JTAG, Speed=1000000Hz
Erase Done.
Programming Done.
Verify OK.
Build target 'CanVW-TestPrj'
assembling Startup.s...
compiling 19264LCDdriver.c...
19264LCDdriver.c(341): warning:  #177-D: variable "k" was declared but never referenced
compiling ClientTester.c...
ClientTester.c(240): warning:  #177-D: variable "line1" was declared but never referenced
ClientTester.c(240): warning:  #177-D: variable "line2" was declared but never referenced
ClientTester.c(240): warning:  #177-D: variable "line3" was declared but never referenced
ClientTester.c(240): warning:  #177-D: variable "line4" was declared but never referenced
ClientTester.c(250): warning:  #177-D: variable "i" was declared but never referenced
ClientTester.c(250): warning:  #177-D: variable "count" was declared but never referenced
compiling ustdlib.c...
linking...
Program Size: Code=8232 RO-data=236 RW-data=2408 ZI-data=672  
"VWCanbus.axf" - 0 Error(s), 7 Warning(s).
Load "G:\\Git\\CanBusPower\\boards\\ek-lm3s8962\\CanVW\\VWCanbus.AXF" 
Connecting: Mode=JTAG, Speed=1000000Hz
Erase Done.
Programming Done.
Verify OK.
Build target 'CanVW-TestPrj'
assembling Startup.s...
compiling 19264LCDdriver.c...
19264LCDdriver.c(341): warning:  #177-D: variable "k" was declared but never referenced
compiling ClientTester.c...
ClientTester.c(240): warning:  #177-D: variable "line1" was declared but never referenced
ClientTester.c(240): warning:  #177-D: variable "line2" was declared but never referenced
ClientTester.c(240): warning:  #177-D: variable "line3" was declared but never referenced
ClientTester.c(240): warning:  #177-D: variable "line4" was declared but never referenced
ClientTester.c(250): warning:  #177-D: variable "i" was declared but never referenced
ClientTester.c(250): warning:  #177-D: variable "count" was declared but never referenced
compiling ustdlib.c...
linking...
Program Size: Code=8220 RO-data=236 RW-data=2408 ZI-data=672  
"VWCanbus.axf" - 0 Error(s), 7 Warning(s).
Load "G:\\Git\\CanBusPower\\boards\\ek-lm3s8962\\CanVW\\VWCanbus.AXF" 
Connecting: Mode=JTAG, Speed=1000000Hz
Erase Done.
Programming Done.
Verify OK.
Build target 'CanVW-TestPrj'
assembling Startup.s...
compiling 19264LCDdriver.c...
19264LCDdriver.c(341): warning:  #177-D: variable "k" was declared but never referenced
compiling ClientTester.c...
ClientTester.c(240): warning:  #177-D: variable "line1" was declared but never referenced
ClientTester.c(240): warning:  #177-D: variable "line2" was declared but never referenced
ClientTester.c(240): warning:  #177-D: variable "line3" was declared but never referenced
ClientTester.c(240): warning:  #177-D: variable "line4" was declared but never referenced
ClientTester.c(250): warning:  #177-D: variable "i" was declared but never referenced
ClientTester.c(250): warning:  #177-D: variable "count" was declared but never referenced
compiling ustdlib.c...
linking...
Program Size: Code=8232 RO-data=236 RW-data=2408 ZI-data=672  
"VWCanbus.axf" - 0 Error(s), 7 Warning(s).
Load "G:\\Git\\CanBusPower\\boards\\ek-lm3s8962\\CanVW\\VWCanbus.AXF" 
Connecting: Mode=JTAG, Speed=1000000Hz
Erase Done.
Programming Done.
Verify OK.
Build target 'CanVW-TestPrj'
assembling Startup.s...
compiling 19264LCDdriver.c...
19264LCDdriver.c(341): warning:  #177-D: variable "k" was declared but never referenced
compiling ClientTester.c...
ClientTester.c(240): warning:  #177-D: variable "line1" was declared but never referenced
ClientTester.c(240): warning:  #177-D: variable "line2" was declared but never referenced
ClientTester.c(240): warning:  #177-D: variable "line3" was declared but never referenced
ClientTester.c(240): warning:  #177-D: variable "line4" was declared but never referenced
ClientTester.c(352): warning:  #870-D: invalid multibyte character sequence
ClientTester.c(352): warning:  #870-D: invalid multibyte character sequence
ClientTester.c(352): warning:  #870-D: invalid multibyte character sequence
ClientTester.c(352): warning:  #870-D: invalid multibyte character sequence
ClientTester.c(250): warning:  #177-D: variable "i" was declared but never referenced
ClientTester.c(250): warning:  #177-D: variable "count" was declared but never referenced
compiling ustdlib.c...
linking...
Program Size: Code=8280 RO-data=236 RW-data=2408 ZI-data=672  
"VWCanbus.axf" - 0 Error(s), 11 Warning(s).
Load "G:\\Git\\CanBusPower\\boards\\ek-lm3s8962\\CanVW\\VWCanbus.AXF" 
Connecting: Mode=JTAG, Speed=1000000Hz
Erase Done.
Programming Done.
Verify OK.
Build target 'CanVW-TestPrj'
assembling Startup.s...
compiling 19264LCDdriver.c...
19264LCDdriver.c(341): warning:  #177-D: variable "k" was declared but never referenced
compiling ClientTester.c...
ClientTester.c(240): warning:  #177-D: variable "line1" was declared but never referenced
ClientTester.c(240): warning:  #177-D: variable "line2" was declared but never referenced
ClientTester.c(240): warning:  #177-D: variable "line3" was declared but never referenced
ClientTester.c(240): warning:  #177-D: variable "line4" was declared but never referenced
ClientTester.c(250): warning:  #177-D: variable "i" was declared but never referenced
ClientTester.c(250): warning:  #177-D: variable "count" was declared but never referenced
compiling ustdlib.c...
linking...
Program Size: Code=8280 RO-data=236 RW-data=2408 ZI-data=672  
"VWCanbus.axf" - 0 Error(s), 7 Warning(s).
Load "G:\\Git\\CanBusPower\\boards\\ek-lm3s8962\\CanVW\\VWCanbus.AXF" 
Connecting: Mode=JTAG, Speed=1000000Hz
Erase Done.
Programming Done.
Verify OK.
Build target 'CanVW-TestPrj'
assembling Startup.s...
compiling 19264LCDdriver.c...
19264LCDdriver.c(341): warning:  #177-D: variable "k" was declared but never referenced
compiling ClientTester.c...
ClientTester.c(240): warning:  #177-D: variable "line1" was declared but never referenced
ClientTester.c(240): warning:  #177-D: variable "line2" was declared but never referenced
ClientTester.c(240): warning:  #177-D: variable "line3" was declared but never referenced
ClientTester.c(240): warning:  #177-D: variable "line4" was declared but never referenced
ClientTester.c(250): warning:  #177-D: variable "i" was declared but never referenced
ClientTester.c(250): warning:  #177-D: variable "count" was declared but never referenced
compiling ustdlib.c...
linking...
Program Size: Code=8280 RO-data=236 RW-data=2408 ZI-data=672  
"VWCanbus.axf" - 0 Error(s), 7 Warning(s).
Load "G:\\Git\\CanBusPower\\boards\\ek-lm3s8962\\CanVW\\VWCanbus.AXF" 
Connecting: Mode=JTAG, Speed=1000000Hz
Erase Done.
Programming Done.
Verify OK.
Build target 'CanVW-TestPrj'
assembling Startup.s...
compiling 19264LCDdriver.c...
19264LCDdriver.c(341): warning:  #177-D: variable "k" was declared but never referenced
compiling ClientTester.c...
ClientTester.c(240): warning:  #177-D: variable "line1" was declared but never referenced
ClientTester.c(240): warning:  #177-D: variable "line2" was declared but never referenced
ClientTester.c(240): warning:  #177-D: variable "line3" was declared but never referenced
ClientTester.c(240): warning:  #177-D: variable "line4" was declared but never referenced
ClientTester.c(250): warning:  #177-D: variable "i" was declared but never referenced
ClientTester.c(250): warning:  #177-D: variable "count" was declared but never referenced
compiling ustdlib.c...
linking...
Program Size: Code=8300 RO-data=236 RW-data=3220 ZI-data=676  
"VWCanbus.axf" - 0 Error(s), 7 Warning(s).
Load "G:\\Git\\CanBusPower\\boards\\ek-lm3s8962\\CanVW\\VWCanbus.AXF" 
Connecting: Mode=JTAG, Speed=1000000Hz
Erase Done.
Programming Done.
Verify OK.
Build target 'CanVW-TestPrj'
assembling Startup.s...
compiling 19264LCDdriver.c...
19264LCDdriver.c(341): warning:  #177-D: variable "k" was declared but never referenced
compiling ClientTester.c...
ClientTester.c(240): warning:  #177-D: variable "line1" was declared but never referenced
ClientTester.c(240): warning:  #177-D: variable "line2" was declared but never referenced
ClientTester.c(240): warning:  #177-D: variable "line3" was declared but never referenced
ClientTester.c(240): warning:  #177-D: variable "line4" was declared but never referenced
ClientTester.c(250): warning:  #177-D: variable "i" was declared but never referenced
ClientTester.c(250): warning:  #177-D: variable "count" was declared but never referenced
compiling ustdlib.c...
linking...
Program Size: Code=8280 RO-data=236 RW-data=3220 ZI-data=676  
"VWCanbus.axf" - 0 Error(s), 7 Warning(s).
Load "G:\\Git\\CanBusPower\\boards\\ek-lm3s8962\\CanVW\\VWCanbus.AXF" 
Connecting: Mode=JTAG, Speed=1000000Hz
Erase Done.
Programming Done.
Verify OK.
Build target 'CanVW-TestPrj'
assembling Startup.s...
compiling 19264LCDdriver.c...
19264LCDdriver.c(341): warning:  #177-D: variable "k" was declared but never referenced
compiling ClientTester.c...
ClientTester.c(240): warning:  #177-D: variable "line1" was declared but never referenced
ClientTester.c(240): warning:  #177-D: variable "line2" was declared but never referenced
ClientTester.c(240): warning:  #177-D: variable "line3" was declared but never referenced
ClientTester.c(240): warning:  #177-D: variable "line4" was declared but never referenced
ClientTester.c(250): warning:  #177-D: variable "i" was declared but never referenced
ClientTester.c(250): warning:  #177-D: variable "count" was declared but never referenced
compiling ustdlib.c...
linking...
Program Size: Code=8280 RO-data=236 RW-data=3220 ZI-data=676  
"VWCanbus.axf" - 0 Error(s), 7 Warning(s).
Load "G:\\Git\\CanBusPower\\boards\\ek-lm3s8962\\CanVW\\VWCanbus.AXF" 
Connecting: Mode=JTAG, Speed=1000000Hz
Erase Done.
Programming Done.
Verify OK.
