<html>
<body>
<pre>
<h1>µVision3 Build Log</h1>
<h2>Project:</h2>
C:\StellarisWare\boards\ek-lm3s8962\bitband\bitband.uv2
Project File Date:  01/03/2021

<h2>Output:</h2>
Build target 'bitband'
compiling bitband.c...
compiling rit128x96x4.c...
assembling startup_rvmdk.S...
linking...
Program Size: Code=3052 RO-data=784 RW-data=16 ZI-data=256  
User command #1: fromelf --bin --output .\rvmdk\bitband.bin .\rvmdk\bitband.axf
".\rvmdk\bitband.axf" - 0 Error(s), 0 Warning(s).
Load "C:\\StellarisWare\\boards\\ek-lm3s8962\\bitband\\rvmdk\\bitband.AXF" 
Connecting: Mode=JTAG, Speed=1000000Hz
Connection failed!, error code=&d
