<!doctype html public "-//w3c//dtd html 4.0 transitional//en">
<html><head>
<title>Static Call Graph - [.\rvmdk\bitband.axf]</title></head>
<body><HR>
<H1>Static Call Graph for image .\rvmdk\bitband.axf</H1><HR>
<BR><P>#&#060CALLGRAPH&#062# ARM Linker, RVCT4.0 [Build 484]: Last Updated: Sun Jan 03 14:41:48 2021
<BR><P>
<H3>Maximum Stack Usage =        128 bytes + Unknown(Functions without stacksize, Cycles, Untraceable Function Pointers)</H3><H3>
Call chain for Maximum Stack Depth:</H3>
main &rArr; RIT128x96x4Init &rArr; RIT128x96x4Clear &rArr; RITWriteCommand
<P>
<H3>
Functions with no stack information
</H3><UL>
 <LI><a href="#[220ea74]">Reset_Handler</a>
 <LI><a href="#[220ec54]">NmiSR</a>
 <LI><a href="#[220ec18]">FaultISR</a>
 <LI><a href="#[220ebdc]">IntDefaultHandler</a>
</UL>
</UL>
<P>
<H3>
Mutually Recursive functions
</H3> <LI><a href="#[22041f0]">SysCtlDelay</a>&nbsp;&nbsp;&nbsp;&rArr;&nbsp;&nbsp;&nbsp;<a href="#[22041f0]">SysCtlDelay</a><BR>
 <LI><a href="#[220ef9c]">SSIDataPut</a>&nbsp;&nbsp;&nbsp;&rArr;&nbsp;&nbsp;&nbsp;<a href="#[220ef9c]">SSIDataPut</a><BR>
 <LI><a href="#[220f014]">SSIDataGet</a>&nbsp;&nbsp;&nbsp;&rArr;&nbsp;&nbsp;&nbsp;<a href="#[220f014]">SSIDataGet</a><BR>
 <LI><a href="#[220ec54]">NmiSR</a>&nbsp;&nbsp;&nbsp;&rArr;&nbsp;&nbsp;&nbsp;<a href="#[220ec54]">NmiSR</a><BR>
 <LI><a href="#[220ec18]">FaultISR</a>&nbsp;&nbsp;&nbsp;&rArr;&nbsp;&nbsp;&nbsp;<a href="#[220ec18]">FaultISR</a><BR>
 <LI><a href="#[220ebdc]">IntDefaultHandler</a>&nbsp;&nbsp;&nbsp;&rArr;&nbsp;&nbsp;&nbsp;<a href="#[220ebdc]">IntDefaultHandler</a><BR>
</UL>
<P>
<H3>
Function Pointers
</H3><UL>
 <LI><a href="#[220ea74]">Reset_Handler</a>
 <LI><a href="#[220ec54]">NmiSR</a>
 <LI><a href="#[220ec18]">FaultISR</a>
 <LI><a href="#[220ebdc]">IntDefaultHandler</a>
 <LI><a href="#[220ebdc]">IntDefaultHandler</a>
 <LI><a href="#[220ebdc]">IntDefaultHandler</a>
 <LI><a href="#[220ebdc]">IntDefaultHandler</a>
 <LI><a href="#[220ebdc]">IntDefaultHandler</a>
 <LI><a href="#[220ebdc]">IntDefaultHandler</a>
 <LI><a href="#[220ebdc]">IntDefaultHandler</a>
 <LI><a href="#[220ebdc]">IntDefaultHandler</a>
 <LI><a href="#[220ebdc]">IntDefaultHandler</a>
 <LI><a href="#[220ebdc]">IntDefaultHandler</a>
 <LI><a href="#[220ebdc]">IntDefaultHandler</a>
 <LI><a href="#[220ebdc]">IntDefaultHandler</a>
 <LI><a href="#[220ebdc]">IntDefaultHandler</a>
 <LI><a href="#[220ebdc]">IntDefaultHandler</a>
 <LI><a href="#[220ebdc]">IntDefaultHandler</a>
 <LI><a href="#[220ebdc]">IntDefaultHandler</a>
 <LI><a href="#[220ebdc]">IntDefaultHandler</a>
 <LI><a href="#[220ebdc]">IntDefaultHandler</a>
 <LI><a href="#[220ebdc]">IntDefaultHandler</a>
 <LI><a href="#[220ebdc]">IntDefaultHandler</a>
 <LI><a href="#[220ebdc]">IntDefaultHandler</a>
 <LI><a href="#[220ebdc]">IntDefaultHandler</a>
 <LI><a href="#[220ebdc]">IntDefaultHandler</a>
 <LI><a href="#[220ebdc]">IntDefaultHandler</a>
 <LI><a href="#[220ebdc]">IntDefaultHandler</a>
 <LI><a href="#[220ebdc]">IntDefaultHandler</a>
 <LI><a href="#[220ebdc]">IntDefaultHandler</a>
 <LI><a href="#[220ebdc]">IntDefaultHandler</a>
 <LI><a href="#[220ebdc]">IntDefaultHandler</a>
 <LI><a href="#[220ebdc]">IntDefaultHandler</a>
 <LI><a href="#[220ebdc]">IntDefaultHandler</a>
 <LI><a href="#[220ebdc]">IntDefaultHandler</a>
 <LI><a href="#[220ebdc]">IntDefaultHandler</a>
 <LI><a href="#[220ebdc]">IntDefaultHandler</a>
 <LI><a href="#[220ebdc]">IntDefaultHandler</a>
 <LI><a href="#[220ebdc]">IntDefaultHandler</a>
 <LI><a href="#[220ebdc]">IntDefaultHandler</a>
 <LI><a href="#[220ebdc]">IntDefaultHandler</a>
 <LI><a href="#[220ebdc]">IntDefaultHandler</a>
 <LI><a href="#[220ebdc]">IntDefaultHandler</a>
 <LI><a href="#[220ebdc]">IntDefaultHandler</a>
 <LI><a href="#[220ebdc]">IntDefaultHandler</a>
 <LI><a href="#[220ebdc]">IntDefaultHandler</a>
 <LI><a href="#[220ebdc]">IntDefaultHandler</a>
 <LI><a href="#[220ebdc]">IntDefaultHandler</a>
 <LI><a href="#[220ebdc]">IntDefaultHandler</a>
 <LI><a href="#[220ebdc]">IntDefaultHandler</a>
 <LI><a href="#[220ebdc]">IntDefaultHandler</a>
 <LI><a href="#[220ebdc]">IntDefaultHandler</a>
 <LI><a href="#[220ebdc]">IntDefaultHandler</a>
 <LI><a href="#[220ebdc]">IntDefaultHandler</a>
 <LI><a href="#[220ffc8]">main</a>
</UL>
<P>
<H3>
Global Symbols
</H3>
<P><STRONG><a name="[220ea74]"></a>Reset_Handler</STRONG> (Thumb, 0 bytes, Stack size unknown bytes, startup_rvmdk.o(RESET))
<BR><BR>[Calls]<UL><LI><a href="#[22600c8]">&gt;&gt;</a>&nbsp;&nbsp;&nbsp;__main
</UL>

<P><STRONG><a name="[22600c8]"></a>__main</STRONG> (Thumb, 0 bytes, Stack size unknown bytes, entry.o(.ARM.Collect$$$$00000000))
<BR><BR>[Calls]<UL><LI><a href="#[225faec]">&gt;&gt;</a>&nbsp;&nbsp;&nbsp;__scatterload
</UL>
<BR>[Called By]<UL><LI><a href="#[220ea74]">&gt;&gt;</a>&nbsp;&nbsp;&nbsp;Reset_Handler
</UL>

<P><STRONG><a name="[226008c]"></a>__main_after_scatterload</STRONG> (Thumb, 0 bytes, Stack size unknown bytes, entry.o(.ARM.Collect$$$$00000000))
<BR><BR>[Called By]<UL><LI><a href="#[225faec]">&gt;&gt;</a>&nbsp;&nbsp;&nbsp;__scatterload
</UL>

<P><STRONG><a name="[225fd44]"></a>_main_stk</STRONG> (Thumb, 0 bytes, Stack size unknown bytes, entry2.o(.ARM.Collect$$$$00000001))

<P><STRONG><a name="[225fc18]"></a>_main_init</STRONG> (Thumb, 0 bytes, Stack size unknown bytes, entry6.o(.ARM.Collect$$$$00000006))

<P><STRONG><a name="[22041f0]"></a>SysCtlDelay</STRONG> (Thumb, 6 bytes, Stack size 0 bytes, sysctl.o(.emb_text))
<BR><BR>[Calls]<UL><LI><a href="#[22041f0]">&gt;&gt;</a>&nbsp;&nbsp;&nbsp;SysCtlDelay
</UL>
<BR>[Called By]<UL><LI><a href="#[22041f0]">&gt;&gt;</a>&nbsp;&nbsp;&nbsp;SysCtlDelay
<LI><a href="#[220fed8]">&gt;&gt;</a>&nbsp;&nbsp;&nbsp;SysCtlClockSet
</UL>

<P><STRONG><a name="[2210040]"></a>Delay</STRONG> (Thumb, 36 bytes, Stack size 8 bytes, bitband.o(.text), UNUSED)
<BR><BR>[Calls]<UL><LI><a href="#[220fe24]">&gt;&gt;</a>&nbsp;&nbsp;&nbsp;SysTickValueGet
</UL>

<P><STRONG><a name="[2210004]"></a>PrintValue</STRONG> (Thumb, 124 bytes, Stack size 16 bytes, bitband.o(.text))
<BR><BR>[Stack]<UL><LI>Max Depth = 80<LI>Call Chain = PrintValue &rArr; RIT128x96x4StringDraw &rArr; RITWriteCommand
</UL>
<BR>[Calls]<UL><LI><a href="#[220ff50]">&gt;&gt;</a>&nbsp;&nbsp;&nbsp;RIT128x96x4StringDraw
</UL>
<BR>[Called By]<UL><LI><a href="#[220ffc8]">&gt;&gt;</a>&nbsp;&nbsp;&nbsp;main
</UL>

<P><STRONG><a name="[220ffc8]"></a>main</STRONG> (Thumb, 260 bytes, Stack size 32 bytes, bitband.o(.text))
<BR><BR>[Stack]<UL><LI>Max Depth = 128<LI>Call Chain = main &rArr; RIT128x96x4Init &rArr; RIT128x96x4Clear &rArr; RITWriteCommand
</UL>
<BR>[Calls]<UL><LI><a href="#[220fe24]">&gt;&gt;</a>&nbsp;&nbsp;&nbsp;SysTickValueGet
<LI><a href="#[220fe60]">&gt;&gt;</a>&nbsp;&nbsp;&nbsp;SysTickPeriodSet
<LI><a href="#[220fe9c]">&gt;&gt;</a>&nbsp;&nbsp;&nbsp;SysTickEnable
<LI><a href="#[220fed8]">&gt;&gt;</a>&nbsp;&nbsp;&nbsp;SysCtlClockSet
<LI><a href="#[220ff14]">&gt;&gt;</a>&nbsp;&nbsp;&nbsp;SysCtlClockGet
<LI><a href="#[220ff50]">&gt;&gt;</a>&nbsp;&nbsp;&nbsp;RIT128x96x4StringDraw
<LI><a href="#[220ff8c]">&gt;&gt;</a>&nbsp;&nbsp;&nbsp;RIT128x96x4Init
<LI><a href="#[2210004]">&gt;&gt;</a>&nbsp;&nbsp;&nbsp;PrintValue
</UL>
<BR>[Address Reference Count : 1]<UL><LI> entry6.o(.ARM.Collect$$$$00000006)
</UL>
<P><STRONG><a name="[220f2a8]"></a>RIT128x96x4Clear</STRONG> (Thumb, 108 bytes, Stack size 32 bytes, rit128x96x4.o(.text))
<BR><BR>[Stack]<UL><LI>Max Depth = 56<LI>Call Chain = RIT128x96x4Clear &rArr; RITWriteCommand
</UL>
<BR>[Calls]<UL><LI><a href="#[220ef9c]">&gt;&gt;</a>&nbsp;&nbsp;&nbsp;SSIDataPut
<LI><a href="#[220f014]">&gt;&gt;</a>&nbsp;&nbsp;&nbsp;SSIDataGet
<LI><a href="#[220f08c]">&gt;&gt;</a>&nbsp;&nbsp;&nbsp;GPIOPinWrite
<LI><a href="#[220f8c0]">&gt;&gt;</a>&nbsp;&nbsp;&nbsp;RITWriteCommand
</UL>
<BR>[Called By]<UL><LI><a href="#[220ff8c]">&gt;&gt;</a>&nbsp;&nbsp;&nbsp;RIT128x96x4Init
</UL>

<P><STRONG><a name="[220ff50]"></a>RIT128x96x4StringDraw</STRONG> (Thumb, 246 bytes, Stack size 40 bytes, rit128x96x4.o(.text))
<BR><BR>[Stack]<UL><LI>Max Depth = 64<LI>Call Chain = RIT128x96x4StringDraw &rArr; RITWriteCommand
</UL>
<BR>[Calls]<UL><LI><a href="#[220ef9c]">&gt;&gt;</a>&nbsp;&nbsp;&nbsp;SSIDataPut
<LI><a href="#[220f014]">&gt;&gt;</a>&nbsp;&nbsp;&nbsp;SSIDataGet
<LI><a href="#[220f08c]">&gt;&gt;</a>&nbsp;&nbsp;&nbsp;GPIOPinWrite
<LI><a href="#[220f8c0]">&gt;&gt;</a>&nbsp;&nbsp;&nbsp;RITWriteCommand
</UL>
<BR>[Called By]<UL><LI><a href="#[220ffc8]">&gt;&gt;</a>&nbsp;&nbsp;&nbsp;main
<LI><a href="#[2210004]">&gt;&gt;</a>&nbsp;&nbsp;&nbsp;PrintValue
</UL>

<P><STRONG><a name="[220f26c]"></a>RIT128x96x4ImageDraw</STRONG> (Thumb, 146 bytes, Stack size 40 bytes, rit128x96x4.o(.text), UNUSED)
<BR><BR>[Calls]<UL><LI><a href="#[220ef9c]">&gt;&gt;</a>&nbsp;&nbsp;&nbsp;SSIDataPut
<LI><a href="#[220f014]">&gt;&gt;</a>&nbsp;&nbsp;&nbsp;SSIDataGet
<LI><a href="#[220f08c]">&gt;&gt;</a>&nbsp;&nbsp;&nbsp;GPIOPinWrite
<LI><a href="#[220f8c0]">&gt;&gt;</a>&nbsp;&nbsp;&nbsp;RITWriteCommand
</UL>

<P><STRONG><a name="[220f230]"></a>RIT128x96x4Enable</STRONG> (Thumb, 88 bytes, Stack size 24 bytes, rit128x96x4.o(.text), UNUSED)
<BR><BR>[Calls]<UL><LI><a href="#[220ef24]">&gt;&gt;</a>&nbsp;&nbsp;&nbsp;SSIEnable
<LI><a href="#[220ef60]">&gt;&gt;</a>&nbsp;&nbsp;&nbsp;SSIDisable
<LI><a href="#[220efd8]">&gt;&gt;</a>&nbsp;&nbsp;&nbsp;SSIDataGetNonBlocking
<LI><a href="#[220f050]">&gt;&gt;</a>&nbsp;&nbsp;&nbsp;SSIConfigSetExpClk
<LI><a href="#[220f0c8]">&gt;&gt;</a>&nbsp;&nbsp;&nbsp;GPIOPinTypeSSI
<LI><a href="#[220f140]">&gt;&gt;</a>&nbsp;&nbsp;&nbsp;GPIOPadConfigSet
<LI><a href="#[220ff14]">&gt;&gt;</a>&nbsp;&nbsp;&nbsp;SysCtlClockGet
</UL>

<P><STRONG><a name="[220f1f4]"></a>RIT128x96x4Disable</STRONG> (Thumb, 66 bytes, Stack size 16 bytes, rit128x96x4.o(.text), UNUSED)
<BR><BR>[Calls]<UL><LI><a href="#[220ef60]">&gt;&gt;</a>&nbsp;&nbsp;&nbsp;SSIDisable
<LI><a href="#[220efd8]">&gt;&gt;</a>&nbsp;&nbsp;&nbsp;SSIDataGetNonBlocking
<LI><a href="#[220f08c]">&gt;&gt;</a>&nbsp;&nbsp;&nbsp;GPIOPinWrite
<LI><a href="#[220f104]">&gt;&gt;</a>&nbsp;&nbsp;&nbsp;GPIOPinTypeGPIOOutput
<LI><a href="#[220f140]">&gt;&gt;</a>&nbsp;&nbsp;&nbsp;GPIOPadConfigSet
</UL>

<P><STRONG><a name="[220ff8c]"></a>RIT128x96x4Init</STRONG> (Thumb, 252 bytes, Stack size 40 bytes, rit128x96x4.o(.text))
<BR><BR>[Stack]<UL><LI>Max Depth = 96<LI>Call Chain = RIT128x96x4Init &rArr; RIT128x96x4Clear &rArr; RITWriteCommand
</UL>
<BR>[Calls]<UL><LI><a href="#[220eee8]">&gt;&gt;</a>&nbsp;&nbsp;&nbsp;SysCtlPeripheralEnable
<LI><a href="#[220ef24]">&gt;&gt;</a>&nbsp;&nbsp;&nbsp;SSIEnable
<LI><a href="#[220ef60]">&gt;&gt;</a>&nbsp;&nbsp;&nbsp;SSIDisable
<LI><a href="#[220ef9c]">&gt;&gt;</a>&nbsp;&nbsp;&nbsp;SSIDataPut
<LI><a href="#[220efd8]">&gt;&gt;</a>&nbsp;&nbsp;&nbsp;SSIDataGetNonBlocking
<LI><a href="#[220f014]">&gt;&gt;</a>&nbsp;&nbsp;&nbsp;SSIDataGet
<LI><a href="#[220f050]">&gt;&gt;</a>&nbsp;&nbsp;&nbsp;SSIConfigSetExpClk
<LI><a href="#[220f08c]">&gt;&gt;</a>&nbsp;&nbsp;&nbsp;GPIOPinWrite
<LI><a href="#[220f0c8]">&gt;&gt;</a>&nbsp;&nbsp;&nbsp;GPIOPinTypeSSI
<LI><a href="#[220f104]">&gt;&gt;</a>&nbsp;&nbsp;&nbsp;GPIOPinTypeGPIOOutput
<LI><a href="#[220f140]">&gt;&gt;</a>&nbsp;&nbsp;&nbsp;GPIOPadConfigSet
<LI><a href="#[220f2a8]">&gt;&gt;</a>&nbsp;&nbsp;&nbsp;RIT128x96x4Clear
<LI><a href="#[220ff14]">&gt;&gt;</a>&nbsp;&nbsp;&nbsp;SysCtlClockGet
</UL>
<BR>[Called By]<UL><LI><a href="#[220ffc8]">&gt;&gt;</a>&nbsp;&nbsp;&nbsp;main
</UL>

<P><STRONG><a name="[220f1b8]"></a>RIT128x96x4DisplayOn</STRONG> (Thumb, 86 bytes, Stack size 32 bytes, rit128x96x4.o(.text), UNUSED)
<BR><BR>[Calls]<UL><LI><a href="#[220ef9c]">&gt;&gt;</a>&nbsp;&nbsp;&nbsp;SSIDataPut
<LI><a href="#[220f014]">&gt;&gt;</a>&nbsp;&nbsp;&nbsp;SSIDataGet
<LI><a href="#[220f08c]">&gt;&gt;</a>&nbsp;&nbsp;&nbsp;GPIOPinWrite
</UL>

<P><STRONG><a name="[220f17c]"></a>RIT128x96x4DisplayOff</STRONG> (Thumb, 56 bytes, Stack size 0 bytes, rit128x96x4.o(.text), UNUSED)
<BR><BR>[Calls]<UL><LI><a href="#[220f8c0]">&gt;&gt;</a>&nbsp;&nbsp;&nbsp;RITWriteCommand
</UL>

<P><STRONG><a name="[225faec]"></a>__scatterload</STRONG> (Thumb, 28 bytes, Stack size 0 bytes, init.o(.text))
<BR><BR>[Calls]<UL><LI><a href="#[226008c]">&gt;&gt;</a>&nbsp;&nbsp;&nbsp;__main_after_scatterload
</UL>
<BR>[Called By]<UL><LI><a href="#[22600c8]">&gt;&gt;</a>&nbsp;&nbsp;&nbsp;__main
</UL>

<P><STRONG><a name="[225fab0]"></a>__scatterload_rt2</STRONG> (Thumb, 0 bytes, Stack size 0 bytes, init.o(.text), UNUSED)

<P><STRONG><a name="[220b1bc]"></a>GPIODirModeSet</STRONG> (Thumb, 40 bytes, Stack size 0 bytes, gpio.o(i.GPIODirModeSet))
<BR><BR>[Called By]<UL><LI><a href="#[220f0c8]">&gt;&gt;</a>&nbsp;&nbsp;&nbsp;GPIOPinTypeSSI
<LI><a href="#[220f104]">&gt;&gt;</a>&nbsp;&nbsp;&nbsp;GPIOPinTypeGPIOOutput
</UL>

<P><STRONG><a name="[220f140]"></a>GPIOPadConfigSet</STRONG> (Thumb, 176 bytes, Stack size 0 bytes, gpio.o(i.GPIOPadConfigSet))
<BR><BR>[Called By]<UL><LI><a href="#[220f0c8]">&gt;&gt;</a>&nbsp;&nbsp;&nbsp;GPIOPinTypeSSI
<LI><a href="#[220f104]">&gt;&gt;</a>&nbsp;&nbsp;&nbsp;GPIOPinTypeGPIOOutput
<LI><a href="#[220f1f4]">&gt;&gt;</a>&nbsp;&nbsp;&nbsp;RIT128x96x4Disable
<LI><a href="#[220f230]">&gt;&gt;</a>&nbsp;&nbsp;&nbsp;RIT128x96x4Enable
<LI><a href="#[220ff8c]">&gt;&gt;</a>&nbsp;&nbsp;&nbsp;RIT128x96x4Init
</UL>

<P><STRONG><a name="[220f104]"></a>GPIOPinTypeGPIOOutput</STRONG> (Thumb, 28 bytes, Stack size 12 bytes, gpio.o(i.GPIOPinTypeGPIOOutput))
<BR><BR>[Stack]<UL><LI>Max Depth = 12<LI>Call Chain = GPIOPinTypeGPIOOutput
</UL>
<BR>[Calls]<UL><LI><a href="#[220b1bc]">&gt;&gt;</a>&nbsp;&nbsp;&nbsp;GPIODirModeSet
<LI><a href="#[220f140]">&gt;&gt;</a>&nbsp;&nbsp;&nbsp;GPIOPadConfigSet
</UL>
<BR>[Called By]<UL><LI><a href="#[220f1f4]">&gt;&gt;</a>&nbsp;&nbsp;&nbsp;RIT128x96x4Disable
<LI><a href="#[220ff8c]">&gt;&gt;</a>&nbsp;&nbsp;&nbsp;RIT128x96x4Init
</UL>

<P><STRONG><a name="[220f0c8]"></a>GPIOPinTypeSSI</STRONG> (Thumb, 28 bytes, Stack size 12 bytes, gpio.o(i.GPIOPinTypeSSI))
<BR><BR>[Stack]<UL><LI>Max Depth = 12<LI>Call Chain = GPIOPinTypeSSI
</UL>
<BR>[Calls]<UL><LI><a href="#[220b1bc]">&gt;&gt;</a>&nbsp;&nbsp;&nbsp;GPIODirModeSet
<LI><a href="#[220f140]">&gt;&gt;</a>&nbsp;&nbsp;&nbsp;GPIOPadConfigSet
</UL>
<BR>[Called By]<UL><LI><a href="#[220f230]">&gt;&gt;</a>&nbsp;&nbsp;&nbsp;RIT128x96x4Enable
<LI><a href="#[220ff8c]">&gt;&gt;</a>&nbsp;&nbsp;&nbsp;RIT128x96x4Init
</UL>

<P><STRONG><a name="[220f08c]"></a>GPIOPinWrite</STRONG> (Thumb, 6 bytes, Stack size 0 bytes, gpio.o(i.GPIOPinWrite))
<BR><BR>[Called By]<UL><LI><a href="#[220f1b8]">&gt;&gt;</a>&nbsp;&nbsp;&nbsp;RIT128x96x4DisplayOn
<LI><a href="#[220f1f4]">&gt;&gt;</a>&nbsp;&nbsp;&nbsp;RIT128x96x4Disable
<LI><a href="#[220f26c]">&gt;&gt;</a>&nbsp;&nbsp;&nbsp;RIT128x96x4ImageDraw
<LI><a href="#[220f2a8]">&gt;&gt;</a>&nbsp;&nbsp;&nbsp;RIT128x96x4Clear
<LI><a href="#[220f8c0]">&gt;&gt;</a>&nbsp;&nbsp;&nbsp;RITWriteCommand
<LI><a href="#[220ff50]">&gt;&gt;</a>&nbsp;&nbsp;&nbsp;RIT128x96x4StringDraw
<LI><a href="#[220ff8c]">&gt;&gt;</a>&nbsp;&nbsp;&nbsp;RIT128x96x4Init
</UL>

<P><STRONG><a name="[220f050]"></a>SSIConfigSetExpClk</STRONG> (Thumb, 74 bytes, Stack size 8 bytes, ssi.o(i.SSIConfigSetExpClk))
<BR><BR>[Stack]<UL><LI>Max Depth = 8<LI>Call Chain = SSIConfigSetExpClk
</UL>
<BR>[Called By]<UL><LI><a href="#[220f230]">&gt;&gt;</a>&nbsp;&nbsp;&nbsp;RIT128x96x4Enable
<LI><a href="#[220ff8c]">&gt;&gt;</a>&nbsp;&nbsp;&nbsp;RIT128x96x4Init
</UL>

<P><STRONG><a name="[220f014]"></a>SSIDataGet</STRONG> (Thumb, 14 bytes, Stack size 0 bytes, ssi.o(i.SSIDataGet))
<BR><BR>[Calls]<UL><LI><a href="#[220f014]">&gt;&gt;</a>&nbsp;&nbsp;&nbsp;SSIDataGet
</UL>
<BR>[Called By]<UL><LI><a href="#[220f014]">&gt;&gt;</a>&nbsp;&nbsp;&nbsp;SSIDataGet
<LI><a href="#[220f1b8]">&gt;&gt;</a>&nbsp;&nbsp;&nbsp;RIT128x96x4DisplayOn
<LI><a href="#[220f26c]">&gt;&gt;</a>&nbsp;&nbsp;&nbsp;RIT128x96x4ImageDraw
<LI><a href="#[220f2a8]">&gt;&gt;</a>&nbsp;&nbsp;&nbsp;RIT128x96x4Clear
<LI><a href="#[220f8c0]">&gt;&gt;</a>&nbsp;&nbsp;&nbsp;RITWriteCommand
<LI><a href="#[220ff50]">&gt;&gt;</a>&nbsp;&nbsp;&nbsp;RIT128x96x4StringDraw
<LI><a href="#[220ff8c]">&gt;&gt;</a>&nbsp;&nbsp;&nbsp;RIT128x96x4Init
</UL>

<P><STRONG><a name="[220efd8]"></a>SSIDataGetNonBlocking</STRONG> (Thumb, 18 bytes, Stack size 0 bytes, ssi.o(i.SSIDataGetNonBlocking))
<BR><BR>[Called By]<UL><LI><a href="#[220f1f4]">&gt;&gt;</a>&nbsp;&nbsp;&nbsp;RIT128x96x4Disable
<LI><a href="#[220f230]">&gt;&gt;</a>&nbsp;&nbsp;&nbsp;RIT128x96x4Enable
<LI><a href="#[220ff8c]">&gt;&gt;</a>&nbsp;&nbsp;&nbsp;RIT128x96x4Init
</UL>

<P><STRONG><a name="[220ef9c]"></a>SSIDataPut</STRONG> (Thumb, 12 bytes, Stack size 0 bytes, ssi.o(i.SSIDataPut))
<BR><BR>[Calls]<UL><LI><a href="#[220ef9c]">&gt;&gt;</a>&nbsp;&nbsp;&nbsp;SSIDataPut
</UL>
<BR>[Called By]<UL><LI><a href="#[220ef9c]">&gt;&gt;</a>&nbsp;&nbsp;&nbsp;SSIDataPut
<LI><a href="#[220f1b8]">&gt;&gt;</a>&nbsp;&nbsp;&nbsp;RIT128x96x4DisplayOn
<LI><a href="#[220f26c]">&gt;&gt;</a>&nbsp;&nbsp;&nbsp;RIT128x96x4ImageDraw
<LI><a href="#[220f2a8]">&gt;&gt;</a>&nbsp;&nbsp;&nbsp;RIT128x96x4Clear
<LI><a href="#[220f8c0]">&gt;&gt;</a>&nbsp;&nbsp;&nbsp;RITWriteCommand
<LI><a href="#[220ff50]">&gt;&gt;</a>&nbsp;&nbsp;&nbsp;RIT128x96x4StringDraw
<LI><a href="#[220ff8c]">&gt;&gt;</a>&nbsp;&nbsp;&nbsp;RIT128x96x4Init
</UL>

<P><STRONG><a name="[220ef60]"></a>SSIDisable</STRONG> (Thumb, 10 bytes, Stack size 0 bytes, ssi.o(i.SSIDisable))
<BR><BR>[Called By]<UL><LI><a href="#[220f1f4]">&gt;&gt;</a>&nbsp;&nbsp;&nbsp;RIT128x96x4Disable
<LI><a href="#[220f230]">&gt;&gt;</a>&nbsp;&nbsp;&nbsp;RIT128x96x4Enable
<LI><a href="#[220ff8c]">&gt;&gt;</a>&nbsp;&nbsp;&nbsp;RIT128x96x4Init
</UL>

<P><STRONG><a name="[220ef24]"></a>SSIEnable</STRONG> (Thumb, 10 bytes, Stack size 0 bytes, ssi.o(i.SSIEnable))
<BR><BR>[Called By]<UL><LI><a href="#[220f230]">&gt;&gt;</a>&nbsp;&nbsp;&nbsp;RIT128x96x4Enable
<LI><a href="#[220ff8c]">&gt;&gt;</a>&nbsp;&nbsp;&nbsp;RIT128x96x4Init
</UL>

<P><STRONG><a name="[220ff14]"></a>SysCtlClockGet</STRONG> (Thumb, 292 bytes, Stack size 8 bytes, sysctl.o(i.SysCtlClockGet))
<BR><BR>[Stack]<UL><LI>Max Depth = 8<LI>Call Chain = SysCtlClockGet
</UL>
<BR>[Called By]<UL><LI><a href="#[220f230]">&gt;&gt;</a>&nbsp;&nbsp;&nbsp;RIT128x96x4Enable
<LI><a href="#[220ff8c]">&gt;&gt;</a>&nbsp;&nbsp;&nbsp;RIT128x96x4Init
<LI><a href="#[220ffc8]">&gt;&gt;</a>&nbsp;&nbsp;&nbsp;main
</UL>

<P><STRONG><a name="[220fed8]"></a>SysCtlClockSet</STRONG> (Thumb, 290 bytes, Stack size 24 bytes, sysctl.o(i.SysCtlClockSet))
<BR><BR>[Stack]<UL><LI>Max Depth = 24<LI>Call Chain = SysCtlClockSet
</UL>
<BR>[Calls]<UL><LI><a href="#[22041f0]">&gt;&gt;</a>&nbsp;&nbsp;&nbsp;SysCtlDelay
</UL>
<BR>[Called By]<UL><LI><a href="#[220ffc8]">&gt;&gt;</a>&nbsp;&nbsp;&nbsp;main
</UL>

<P><STRONG><a name="[220eee8]"></a>SysCtlPeripheralEnable</STRONG> (Thumb, 26 bytes, Stack size 0 bytes, sysctl.o(i.SysCtlPeripheralEnable))
<BR><BR>[Called By]<UL><LI><a href="#[220ff8c]">&gt;&gt;</a>&nbsp;&nbsp;&nbsp;RIT128x96x4Init
</UL>

<P><STRONG><a name="[220fe9c]"></a>SysTickEnable</STRONG> (Thumb, 14 bytes, Stack size 0 bytes, systick.o(i.SysTickEnable))
<BR><BR>[Called By]<UL><LI><a href="#[220ffc8]">&gt;&gt;</a>&nbsp;&nbsp;&nbsp;main
</UL>

<P><STRONG><a name="[220fe60]"></a>SysTickPeriodSet</STRONG> (Thumb, 10 bytes, Stack size 0 bytes, systick.o(i.SysTickPeriodSet))
<BR><BR>[Called By]<UL><LI><a href="#[220ffc8]">&gt;&gt;</a>&nbsp;&nbsp;&nbsp;main
</UL>

<P><STRONG><a name="[220fe24]"></a>SysTickValueGet</STRONG> (Thumb, 8 bytes, Stack size 0 bytes, systick.o(i.SysTickValueGet))
<BR><BR>[Called By]<UL><LI><a href="#[220ffc8]">&gt;&gt;</a>&nbsp;&nbsp;&nbsp;main
<LI><a href="#[2210040]">&gt;&gt;</a>&nbsp;&nbsp;&nbsp;Delay
</UL>

<P><STRONG><a name="[225f72c]"></a>__scatterload_copy</STRONG> (Thumb, 14 bytes, Stack size unknown bytes, handlers.o(i.__scatterload_copy), UNUSED)

<P><STRONG><a name="[225f6f0]"></a>__scatterload_null</STRONG> (Thumb, 2 bytes, Stack size unknown bytes, handlers.o(i.__scatterload_null), UNUSED)

<P><STRONG><a name="[225f6b4]"></a>__scatterload_zeroinit</STRONG> (Thumb, 14 bytes, Stack size unknown bytes, handlers.o(i.__scatterload_zeroinit), UNUSED)
<P>
<H3>
Local Symbols
</H3>
<P><STRONG><a name="[220f8c0]"></a>RITWriteCommand</STRONG> (Thumb, 60 bytes, Stack size 24 bytes, rit128x96x4.o(.text))
<BR><BR>[Stack]<UL><LI>Max Depth = 24<LI>Call Chain = RITWriteCommand
</UL>
<BR>[Calls]<UL><LI><a href="#[220ef9c]">&gt;&gt;</a>&nbsp;&nbsp;&nbsp;SSIDataPut
<LI><a href="#[220f014]">&gt;&gt;</a>&nbsp;&nbsp;&nbsp;SSIDataGet
<LI><a href="#[220f08c]">&gt;&gt;</a>&nbsp;&nbsp;&nbsp;GPIOPinWrite
</UL>
<BR>[Called By]<UL><LI><a href="#[220f17c]">&gt;&gt;</a>&nbsp;&nbsp;&nbsp;RIT128x96x4DisplayOff
<LI><a href="#[220f26c]">&gt;&gt;</a>&nbsp;&nbsp;&nbsp;RIT128x96x4ImageDraw
<LI><a href="#[220f2a8]">&gt;&gt;</a>&nbsp;&nbsp;&nbsp;RIT128x96x4Clear
<LI><a href="#[220ff50]">&gt;&gt;</a>&nbsp;&nbsp;&nbsp;RIT128x96x4StringDraw
</UL>

<P><STRONG><a name="[220ec54]"></a>NmiSR</STRONG> (Thumb, 0 bytes, Stack size unknown bytes, startup_rvmdk.o(RESET))
<BR><BR>[Calls]<UL><LI><a href="#[220ec54]">&gt;&gt;</a>&nbsp;&nbsp;&nbsp;NmiSR
</UL>
<BR>[Called By]<UL><LI><a href="#[220ec54]">&gt;&gt;</a>&nbsp;&nbsp;&nbsp;NmiSR
</UL>
<BR>[Address Reference Count : 1]<UL><LI> startup_rvmdk.o(RESET)
</UL>
<P><STRONG><a name="[220ec18]"></a>FaultISR</STRONG> (Thumb, 0 bytes, Stack size unknown bytes, startup_rvmdk.o(RESET))
<BR><BR>[Calls]<UL><LI><a href="#[220ec18]">&gt;&gt;</a>&nbsp;&nbsp;&nbsp;FaultISR
</UL>
<BR>[Called By]<UL><LI><a href="#[220ec18]">&gt;&gt;</a>&nbsp;&nbsp;&nbsp;FaultISR
</UL>
<BR>[Address Reference Count : 1]<UL><LI> startup_rvmdk.o(RESET)
</UL>
<P><STRONG><a name="[220ebdc]"></a>IntDefaultHandler</STRONG> (Thumb, 0 bytes, Stack size unknown bytes, startup_rvmdk.o(RESET))
<BR><BR>[Calls]<UL><LI><a href="#[220ebdc]">&gt;&gt;</a>&nbsp;&nbsp;&nbsp;IntDefaultHandler
</UL>
<BR>[Called By]<UL><LI><a href="#[220ebdc]">&gt;&gt;</a>&nbsp;&nbsp;&nbsp;IntDefaultHandler
</UL>
<BR>[Address Reference Count : 1]<UL><LI> startup_rvmdk.o(RESET)
</UL><P>
<H3>
Undefined Global Symbols
</H3><HR></body></html>
