ARM Linker, RVCT4.0 [Build 484] for uVision [Evaluation]

==============================================================================

Section Cross References

    startup.o(STACK) refers (Special) to heapauxi.o(.text) for __use_two_region_memory
    startup.o(HEAP) refers (Special) to heapauxi.o(.text) for __use_two_region_memory
    startup.o(RESET) refers (Special) to heapauxi.o(.text) for __use_two_region_memory
    startup.o(RESET) refers to startup.o(STACK) for StackMem
    startup.o(RESET) refers to vwmain.o(.text) for SysTickIntHandler
    startup.o(RESET) refers to __main.o(!!!main) for __main
    startup.o(.text) refers (Special) to heapauxi.o(.text) for __use_two_region_memory
    startup.o(.text) refers to startup.o(HEAP) for HeapMem
    startup.o(.text) refers to startup.o(STACK) for StackMem
    vwmain.o(.text) refers to gpio.o(i.GPIOPinRead) for GPIOPinRead
    vwmain.o(.text) refers to gpio.o(i.GPIOPinWrite) for GPIOPinWrite
    vwmain.o(.text) refers to uart.o(i.UARTCharPut) for UARTCharPut
    vwmain.o(.text) refers to can.o(i.CANIntStatus) for CANIntStatus
    vwmain.o(.text) refers to can.o(i.CANIntClear) for CANIntClear
    vwmain.o(.text) refers to can.o(i.CANStatusGet) for CANStatusGet
    vwmain.o(.text) refers to can.o(i.CANMessageGet) for CANMessageGet
    vwmain.o(.text) refers to 19264lcddriver.o(.text) for WRCommandH
    vwmain.o(.text) refers to vwmain.o(.data) for .data
    vwmain.o(.text) refers to vwmain.o(.bss) for CanMsg_SessionCtl_TX
    vwmain.o(.text) refers to ustdlib.o(.text) for usprintf
    vwmain.o(.text) refers to rt_memclr_w.o(.text) for __aeabi_memclr4
    vwmain.o(.text) refers to can.o(i.CANMessageSet) for CANMessageSet
    vwmain.o(.text) refers to sysctl.o(i.SysCtlClockSet) for SysCtlClockSet
    vwmain.o(.text) refers to sysctl.o(i.SysCtlPeripheralEnable) for SysCtlPeripheralEnable
    vwmain.o(.text) refers to gpio.o(i.GPIOPadConfigSet) for GPIOPadConfigSet
    vwmain.o(.text) refers to gpio.o(i.GPIOPinTypeGPIOOutput) for GPIOPinTypeGPIOOutput
    vwmain.o(.text) refers to gpio.o(i.GPIOPinTypeCAN) for GPIOPinTypeCAN
    vwmain.o(.text) refers to gpio.o(i.GPIOPinTypeUART) for GPIOPinTypeUART
    vwmain.o(.text) refers to sysctl.o(i.SysCtlClockGet) for SysCtlClockGet
    vwmain.o(.text) refers to uart.o(i.UARTConfigSetExpClk) for UARTConfigSetExpClk
    vwmain.o(.text) refers to uart.o(i.UARTFIFODisable) for UARTFIFODisable
    vwmain.o(.text) refers to can.o(i.CANInit) for CANInit
    vwmain.o(.text) refers to can.o(i.CANBitTimingSet) for CANBitTimingSet
    vwmain.o(.text) refers to can.o(i.CANEnable) for CANEnable
    vwmain.o(.text) refers to can.o(i.CANIntEnable) for CANIntEnable
    vwmain.o(.text) refers to interrupt.o(i.IntEnable) for IntEnable
    vwmain.o(.text) refers to interrupt.o(i.IntMasterEnable) for IntMasterEnable
    vwmain.o(.text) refers to systick.o(i.SysTickPeriodSet) for SysTickPeriodSet
    vwmain.o(.text) refers to systick.o(i.SysTickEnable) for SysTickEnable
    vwmain.o(.text) refers to systick.o(i.SysTickIntEnable) for SysTickIntEnable
    19264lcddriver.o(.text) refers to sysctl.o(i.SysCtlClockGet) for SysCtlClockGet
    19264lcddriver.o(.text) refers to sysctl.o(.emb_text) for SysCtlDelay
    19264lcddriver.o(.text) refers to gpio.o(i.GPIOPinWrite) for GPIOPinWrite
    19264lcddriver.o(.text) refers to 19264lcddriver.o(.data) for .data
    ustdlib.o(.text) refers to strncpy.o(.text) for strncpy
    ustdlib.o(.text) refers to strlen.o(.text) for strlen
    ustdlib.o(.text) refers to strncmp.o(.text) for strncmp
    ustdlib.o(.text) refers to ustdlib.o(.constdata) for .constdata
    ustdlib.o(.constdata) refers to ustdlib.o(.conststring) for .conststring
    can.o(i.CANBitTimingGet) refers to can.o(i.CANRegRead) for CANRegRead
    can.o(i.CANBitTimingSet) refers to can.o(i.CANRegRead) for CANRegRead
    can.o(i.CANDisable) refers to can.o(i.CANRegRead) for CANRegRead
    can.o(i.CANEnable) refers to can.o(i.CANRegRead) for CANRegRead
    can.o(i.CANErrCntrGet) refers to can.o(i.CANRegRead) for CANRegRead
    can.o(i.CANInit) refers to can.o(i.CANRegRead) for CANRegRead
    can.o(i.CANIntClear) refers to can.o(i.CANRegRead) for CANRegRead
    can.o(i.CANIntDisable) refers to can.o(i.CANRegRead) for CANRegRead
    can.o(i.CANIntEnable) refers to can.o(i.CANRegRead) for CANRegRead
    can.o(i.CANIntRegister) refers to interrupt.o(i.IntRegister) for IntRegister
    can.o(i.CANIntRegister) refers to interrupt.o(i.IntEnable) for IntEnable
    can.o(i.CANIntStatus) refers to can.o(i.CANRegRead) for CANRegRead
    can.o(i.CANIntUnregister) refers to interrupt.o(i.IntUnregister) for IntUnregister
    can.o(i.CANIntUnregister) refers to interrupt.o(i.IntDisable) for IntDisable
    can.o(i.CANMessageClear) refers to can.o(i.CANRegRead) for CANRegRead
    can.o(i.CANMessageGet) refers to can.o(i.CANRegRead) for CANRegRead
    can.o(i.CANMessageSet) refers to can.o(i.CANRegRead) for CANRegRead
    can.o(i.CANRegRead) refers to interrupt.o(i.IntDisable) for IntDisable
    can.o(i.CANRegRead) refers to interrupt.o(i.IntEnable) for IntEnable
    can.o(i.CANRetryGet) refers to can.o(i.CANRegRead) for CANRegRead
    can.o(i.CANRetrySet) refers to can.o(i.CANRegRead) for CANRegRead
    can.o(i.CANStatusGet) refers to can.o(i.CANRegRead) for CANRegRead
    gpio.o(i.GPIOPinTypeADC) refers to gpio.o(i.GPIODirModeSet) for GPIODirModeSet
    gpio.o(i.GPIOPinTypeADC) refers to gpio.o(i.GPIOPadConfigSet) for GPIOPadConfigSet
    gpio.o(i.GPIOPinTypeCAN) refers to gpio.o(i.GPIODirModeSet) for GPIODirModeSet
    gpio.o(i.GPIOPinTypeCAN) refers to gpio.o(i.GPIOPadConfigSet) for GPIOPadConfigSet
    gpio.o(i.GPIOPinTypeComparator) refers to gpio.o(i.GPIODirModeSet) for GPIODirModeSet
    gpio.o(i.GPIOPinTypeComparator) refers to gpio.o(i.GPIOPadConfigSet) for GPIOPadConfigSet
    gpio.o(i.GPIOPinTypeGPIOInput) refers to gpio.o(i.GPIODirModeSet) for GPIODirModeSet
    gpio.o(i.GPIOPinTypeGPIOInput) refers to gpio.o(i.GPIOPadConfigSet) for GPIOPadConfigSet
    gpio.o(i.GPIOPinTypeGPIOOutput) refers to gpio.o(i.GPIODirModeSet) for GPIODirModeSet
    gpio.o(i.GPIOPinTypeGPIOOutput) refers to gpio.o(i.GPIOPadConfigSet) for GPIOPadConfigSet
    gpio.o(i.GPIOPinTypeGPIOOutputOD) refers to gpio.o(i.GPIODirModeSet) for GPIODirModeSet
    gpio.o(i.GPIOPinTypeGPIOOutputOD) refers to gpio.o(i.GPIOPadConfigSet) for GPIOPadConfigSet
    gpio.o(i.GPIOPinTypeI2C) refers to gpio.o(i.GPIODirModeSet) for GPIODirModeSet
    gpio.o(i.GPIOPinTypeI2C) refers to gpio.o(i.GPIOPadConfigSet) for GPIOPadConfigSet
    gpio.o(i.GPIOPinTypePWM) refers to gpio.o(i.GPIODirModeSet) for GPIODirModeSet
    gpio.o(i.GPIOPinTypePWM) refers to gpio.o(i.GPIOPadConfigSet) for GPIOPadConfigSet
    gpio.o(i.GPIOPinTypeQEI) refers to gpio.o(i.GPIODirModeSet) for GPIODirModeSet
    gpio.o(i.GPIOPinTypeQEI) refers to gpio.o(i.GPIOPadConfigSet) for GPIOPadConfigSet
    gpio.o(i.GPIOPinTypeSSI) refers to gpio.o(i.GPIODirModeSet) for GPIODirModeSet
    gpio.o(i.GPIOPinTypeSSI) refers to gpio.o(i.GPIOPadConfigSet) for GPIOPadConfigSet
    gpio.o(i.GPIOPinTypeTimer) refers to gpio.o(i.GPIODirModeSet) for GPIODirModeSet
    gpio.o(i.GPIOPinTypeTimer) refers to gpio.o(i.GPIOPadConfigSet) for GPIOPadConfigSet
    gpio.o(i.GPIOPinTypeUART) refers to gpio.o(i.GPIODirModeSet) for GPIODirModeSet
    gpio.o(i.GPIOPinTypeUART) refers to gpio.o(i.GPIOPadConfigSet) for GPIOPadConfigSet
    gpio.o(i.GPIOPinTypeUSBDigital) refers to gpio.o(i.GPIODirModeSet) for GPIODirModeSet
    gpio.o(i.GPIOPinTypeUSBDigital) refers to gpio.o(i.GPIOPadConfigSet) for GPIOPadConfigSet
    gpio.o(i.GPIOPortIntRegister) refers to gpio.o(i.GPIOGetIntNumber) for GPIOGetIntNumber
    gpio.o(i.GPIOPortIntRegister) refers to interrupt.o(i.IntRegister) for IntRegister
    gpio.o(i.GPIOPortIntRegister) refers to interrupt.o(i.IntEnable) for IntEnable
    gpio.o(i.GPIOPortIntUnregister) refers to gpio.o(i.GPIOGetIntNumber) for GPIOGetIntNumber
    gpio.o(i.GPIOPortIntUnregister) refers to interrupt.o(i.IntDisable) for IntDisable
    gpio.o(i.GPIOPortIntUnregister) refers to interrupt.o(i.IntUnregister) for IntUnregister
    interrupt.o(i.IntMasterDisable) refers to cpu.o(.emb_text) for CPUcpsid
    interrupt.o(i.IntMasterEnable) refers to cpu.o(.emb_text) for CPUcpsie
    interrupt.o(i.IntPriorityGet) refers to interrupt.o(.constdata) for .constdata
    interrupt.o(i.IntPriorityGroupingGet) refers to interrupt.o(.constdata) for .constdata
    interrupt.o(i.IntPriorityGroupingSet) refers to interrupt.o(.constdata) for .constdata
    interrupt.o(i.IntPrioritySet) refers to interrupt.o(.constdata) for .constdata
    interrupt.o(i.IntRegister) refers to interrupt.o(vtable) for vtable
    interrupt.o(i.IntUnregister) refers to interrupt.o(i.IntDefaultHandler) for IntDefaultHandler
    interrupt.o(i.IntUnregister) refers to interrupt.o(vtable) for vtable
    sysctl.o(i.SysCtlClockGet) refers to sysctl.o(.constdata) for .constdata
    sysctl.o(i.SysCtlClockSet) refers to sysctl.o(.emb_text) for SysCtlDelay
    sysctl.o(i.SysCtlDeepSleep) refers to cpu.o(.emb_text) for CPUwfi
    sysctl.o(i.SysCtlIntRegister) refers to interrupt.o(i.IntRegister) for IntRegister
    sysctl.o(i.SysCtlIntRegister) refers to interrupt.o(i.IntEnable) for IntEnable
    sysctl.o(i.SysCtlIntUnregister) refers to interrupt.o(i.IntDisable) for IntDisable
    sysctl.o(i.SysCtlIntUnregister) refers to interrupt.o(i.IntUnregister) for IntUnregister
    sysctl.o(i.SysCtlPeripheralDeepSleepDisable) refers to sysctl.o(.constdata) for .constdata
    sysctl.o(i.SysCtlPeripheralDeepSleepEnable) refers to sysctl.o(.constdata) for .constdata
    sysctl.o(i.SysCtlPeripheralDisable) refers to sysctl.o(.constdata) for .constdata
    sysctl.o(i.SysCtlPeripheralEnable) refers to sysctl.o(.constdata) for .constdata
    sysctl.o(i.SysCtlPeripheralPresent) refers to sysctl.o(.constdata) for .constdata
    sysctl.o(i.SysCtlPeripheralReset) refers to sysctl.o(.constdata) for .constdata
    sysctl.o(i.SysCtlPeripheralSleepDisable) refers to sysctl.o(.constdata) for .constdata
    sysctl.o(i.SysCtlPeripheralSleepEnable) refers to sysctl.o(.constdata) for .constdata
    sysctl.o(i.SysCtlSleep) refers to cpu.o(.emb_text) for CPUwfi
    systick.o(i.SysTickIntRegister) refers to interrupt.o(i.IntRegister) for IntRegister
    systick.o(i.SysTickIntUnregister) refers to interrupt.o(i.IntUnregister) for IntUnregister
    uart.o(i.UARTIntRegister) refers to interrupt.o(i.IntRegister) for IntRegister
    uart.o(i.UARTIntRegister) refers to interrupt.o(i.IntEnable) for IntEnable
    uart.o(i.UARTIntUnregister) refers to interrupt.o(i.IntDisable) for IntDisable
    uart.o(i.UARTIntUnregister) refers to interrupt.o(i.IntUnregister) for IntUnregister
    strncpy.o(.text) refers to rt_memclr.o(.text) for __aeabi_memclr
    __main.o(!!!main) refers to rtentry.o(.ARM.Collect$$rtentry$$00000000) for __rt_entry
    rtentry.o(.ARM.Collect$$rtentry$$00000000) refers (Special) to rtentry2.o(.ARM.Collect$$rtentry$$0000000A) for __rt_entry_li
    rtentry.o(.ARM.Collect$$rtentry$$00000000) refers (Special) to rtentry2.o(.ARM.Collect$$rtentry$$0000000D) for __rt_entry_main
    rtentry.o(.ARM.Collect$$rtentry$$00000000) refers (Special) to rtentry2.o(.ARM.Collect$$rtentry$$0000000C) for __rt_entry_postli_1
    rtentry.o(.ARM.Collect$$rtentry$$00000000) refers (Special) to rtentry2.o(.ARM.Collect$$rtentry$$00000009) for __rt_entry_postsh_1
    rtentry.o(.ARM.Collect$$rtentry$$00000000) refers (Special) to rtentry2.o(.ARM.Collect$$rtentry$$00000002) for __rt_entry_presh_1
    rtentry.o(.ARM.Collect$$rtentry$$00000000) refers (Special) to rtentry4.o(.ARM.Collect$$rtentry$$00000004) for __rt_entry_sh
    rtentry.o(.ARM.exidx) refers (Special) to rtentry2.o(.ARM.Collect$$rtentry$$0000000A) for __rt_entry_li
    rtentry.o(.ARM.exidx) refers (Special) to rtentry2.o(.ARM.Collect$$rtentry$$0000000D) for __rt_entry_main
    rtentry.o(.ARM.exidx) refers (Special) to rtentry2.o(.ARM.Collect$$rtentry$$0000000C) for __rt_entry_postli_1
    rtentry.o(.ARM.exidx) refers (Special) to rtentry2.o(.ARM.Collect$$rtentry$$00000009) for __rt_entry_postsh_1
    rtentry.o(.ARM.exidx) refers (Special) to rtentry2.o(.ARM.Collect$$rtentry$$00000002) for __rt_entry_presh_1
    rtentry.o(.ARM.exidx) refers (Special) to rtentry4.o(.ARM.Collect$$rtentry$$00000004) for __rt_entry_sh
    rtentry.o(.ARM.exidx) refers to rtentry.o(.ARM.Collect$$rtentry$$00000000) for .ARM.Collect$$rtentry$$00000000
    rt_memclr.o(.text) refers to rt_memclr_w.o(.text) for _memset_w
    rtentry2.o(.ARM.Collect$$rtentry$$00000008) refers to boardinit2.o(.text) for _platform_post_stackheap_init
    rtentry2.o(.ARM.Collect$$rtentry$$0000000A) refers to libinit.o(.ARM.Collect$$libinit$$00000000) for __rt_lib_init
    rtentry2.o(.ARM.Collect$$rtentry$$0000000B) refers to boardinit3.o(.text) for _platform_post_lib_init
    rtentry2.o(.ARM.Collect$$rtentry$$0000000D) refers to vwmain.o(.text) for main
    rtentry2.o(.ARM.Collect$$rtentry$$0000000D) refers to exit.o(.text) for exit
    rtentry2.o(.ARM.exidx) refers to rtentry2.o(.ARM.Collect$$rtentry$$00000001) for .ARM.Collect$$rtentry$$00000001
    rtentry2.o(.ARM.exidx) refers to rtentry2.o(.ARM.Collect$$rtentry$$00000002) for .ARM.Collect$$rtentry$$00000002
    rtentry2.o(.ARM.exidx) refers to rtentry2.o(.ARM.Collect$$rtentry$$00000008) for .ARM.Collect$$rtentry$$00000008
    rtentry2.o(.ARM.exidx) refers to rtentry2.o(.ARM.Collect$$rtentry$$00000009) for .ARM.Collect$$rtentry$$00000009
    rtentry2.o(.ARM.exidx) refers to rtentry2.o(.ARM.Collect$$rtentry$$0000000A) for .ARM.Collect$$rtentry$$0000000A
    rtentry2.o(.ARM.exidx) refers to rtentry2.o(.ARM.Collect$$rtentry$$0000000B) for .ARM.Collect$$rtentry$$0000000B
    rtentry2.o(.ARM.exidx) refers to rtentry2.o(.ARM.Collect$$rtentry$$0000000C) for .ARM.Collect$$rtentry$$0000000C
    rtentry2.o(.ARM.exidx) refers to rtentry2.o(.ARM.Collect$$rtentry$$0000000D) for .ARM.Collect$$rtentry$$0000000D
    rtentry4.o(.ARM.Collect$$rtentry$$00000004) refers to sys_stackheap_outer.o(.text) for __user_setup_stackheap
    rtentry4.o(.ARM.exidx) refers to rtentry4.o(.ARM.Collect$$rtentry$$00000004) for .ARM.Collect$$rtentry$$00000004
    sys_stackheap_outer.o(.text) refers to libspace.o(.text) for __user_perproc_libspace
    sys_stackheap_outer.o(.text) refers to startup.o(.text) for __user_initial_stackheap
    exit.o(.text) refers to rtexit.o(.ARM.Collect$$rtexit$$00000000) for __rt_exit
    libinit.o(.ARM.Collect$$libinit$$00000000) refers (Special) to libinit2.o(.ARM.Collect$$libinit$$0000002A) for __rt_lib_init_alloca_1
    libinit.o(.ARM.Collect$$libinit$$00000000) refers (Special) to libinit2.o(.ARM.Collect$$libinit$$00000028) for __rt_lib_init_argv_1
    libinit.o(.ARM.Collect$$libinit$$00000000) refers (Special) to libinit2.o(.ARM.Collect$$libinit$$00000017) for __rt_lib_init_atexit_1
    libinit.o(.ARM.Collect$$libinit$$00000000) refers (Special) to libinit2.o(.ARM.Collect$$libinit$$0000001D) for __rt_lib_init_clock_1
    libinit.o(.ARM.Collect$$libinit$$00000000) refers (Special) to libinit2.o(.ARM.Collect$$libinit$$0000002E) for __rt_lib_init_cpp_1
    libinit.o(.ARM.Collect$$libinit$$00000000) refers (Special) to libinit2.o(.ARM.Collect$$libinit$$0000002C) for __rt_lib_init_exceptions_1
    libinit.o(.ARM.Collect$$libinit$$00000000) refers (Special) to libinit2.o(.ARM.Collect$$libinit$$0000001B) for __rt_lib_init_fp_trap_1
    libinit.o(.ARM.Collect$$libinit$$00000000) refers (Special) to libinit2.o(.ARM.Collect$$libinit$$0000001F) for __rt_lib_init_getenv_1
    libinit.o(.ARM.Collect$$libinit$$00000000) refers (Special) to libinit2.o(.ARM.Collect$$libinit$$00000006) for __rt_lib_init_heap_1
    libinit.o(.ARM.Collect$$libinit$$00000000) refers (Special) to libinit2.o(.ARM.Collect$$libinit$$0000000D) for __rt_lib_init_lc_collate_1
    libinit.o(.ARM.Collect$$libinit$$00000000) refers (Special) to libinit2.o(.ARM.Collect$$libinit$$0000000F) for __rt_lib_init_lc_ctype_1
    libinit.o(.ARM.Collect$$libinit$$00000000) refers (Special) to libinit2.o(.ARM.Collect$$libinit$$00000011) for __rt_lib_init_lc_monetary_1
    libinit.o(.ARM.Collect$$libinit$$00000000) refers (Special) to libinit2.o(.ARM.Collect$$libinit$$00000013) for __rt_lib_init_lc_numeric_1
    libinit.o(.ARM.Collect$$libinit$$00000000) refers (Special) to libinit2.o(.ARM.Collect$$libinit$$00000015) for __rt_lib_init_lc_time_1
    libinit.o(.ARM.Collect$$libinit$$00000000) refers (Special) to libinit2.o(.ARM.Collect$$libinit$$0000000A) for __rt_lib_init_rand_1
    libinit.o(.ARM.Collect$$libinit$$00000000) refers (Special) to libinit2.o(.ARM.Collect$$libinit$$0000002F) for __rt_lib_init_return
    libinit.o(.ARM.Collect$$libinit$$00000000) refers (Special) to libinit2.o(.ARM.Collect$$libinit$$00000019) for __rt_lib_init_signal_1
    libinit.o(.ARM.Collect$$libinit$$00000000) refers (Special) to libinit2.o(.ARM.Collect$$libinit$$00000021) for __rt_lib_init_stdio_1
    libinit.o(.ARM.Collect$$libinit$$00000000) refers (Special) to libinit2.o(.ARM.Collect$$libinit$$00000008) for __rt_lib_init_user_alloc_1
    libspace.o(.text) refers to libspace.o(.bss) for __libspace_start
    rtexit.o(.ARM.Collect$$rtexit$$00000000) refers (Special) to rtexit2.o(.ARM.Collect$$rtexit$$00000004) for __rt_exit_exit
    rtexit.o(.ARM.Collect$$rtexit$$00000000) refers (Special) to rtexit2.o(.ARM.Collect$$rtexit$$00000003) for __rt_exit_ls
    rtexit.o(.ARM.Collect$$rtexit$$00000000) refers (Special) to rtexit2.o(.ARM.Collect$$rtexit$$00000002) for __rt_exit_prels_1
    rtexit.o(.ARM.exidx) refers (Special) to rtexit2.o(.ARM.Collect$$rtexit$$00000004) for __rt_exit_exit
    rtexit.o(.ARM.exidx) refers (Special) to rtexit2.o(.ARM.Collect$$rtexit$$00000003) for __rt_exit_ls
    rtexit.o(.ARM.exidx) refers (Special) to rtexit2.o(.ARM.Collect$$rtexit$$00000002) for __rt_exit_prels_1
    rtexit.o(.ARM.exidx) refers to rtexit.o(.ARM.Collect$$rtexit$$00000000) for .ARM.Collect$$rtexit$$00000000
    libinit2.o(.ARM.Collect$$libinit$$0000000C) refers to libinit2.o(.ARM.Collect$$libinit$$0000000B) for .ARM.Collect$$libinit$$0000000B
    libinit2.o(.ARM.Collect$$libinit$$0000000E) refers to libinit2.o(.ARM.Collect$$libinit$$0000000B) for .ARM.Collect$$libinit$$0000000B
    libinit2.o(.ARM.Collect$$libinit$$00000010) refers to libinit2.o(.ARM.Collect$$libinit$$0000000B) for .ARM.Collect$$libinit$$0000000B
    libinit2.o(.ARM.Collect$$libinit$$00000012) refers to libinit2.o(.ARM.Collect$$libinit$$0000000B) for .ARM.Collect$$libinit$$0000000B
    libinit2.o(.ARM.Collect$$libinit$$00000014) refers to libinit2.o(.ARM.Collect$$libinit$$0000000B) for .ARM.Collect$$libinit$$0000000B
    libinit2.o(.ARM.Collect$$libinit$$00000022) refers to argv_veneer.o(.emb_text) for __ARM_argv_veneer
    libinit2.o(.ARM.Collect$$libinit$$00000023) refers to argv_veneer.o(.emb_text) for __ARM_argv_veneer
    rtexit2.o(.ARM.Collect$$rtexit$$00000003) refers to libshutdown.o(.ARM.Collect$$libshutdown$$00000000) for __rt_lib_shutdown
    rtexit2.o(.ARM.Collect$$rtexit$$00000004) refers to sys_exit.o(.text) for _sys_exit
    rtexit2.o(.ARM.exidx) refers to rtexit2.o(.ARM.Collect$$rtexit$$00000001) for .ARM.Collect$$rtexit$$00000001
    rtexit2.o(.ARM.exidx) refers to rtexit2.o(.ARM.Collect$$rtexit$$00000002) for .ARM.Collect$$rtexit$$00000002
    rtexit2.o(.ARM.exidx) refers to rtexit2.o(.ARM.Collect$$rtexit$$00000003) for .ARM.Collect$$rtexit$$00000003
    rtexit2.o(.ARM.exidx) refers to rtexit2.o(.ARM.Collect$$rtexit$$00000004) for .ARM.Collect$$rtexit$$00000004
    argv_veneer.o(.emb_text) refers to no_argv.o(.text) for __ARM_get_argv
    sys_exit.o(.text) refers to use_no_semi.o(.text) for __I$use$semihosting
    _get_argv_nomalloc.o(.text) refers (Special) to hrguard.o(.text) for __heap_region$guard
    _get_argv_nomalloc.o(.text) refers to defsig_rtmem_outer.o(.text) for __rt_SIGRTMEM
    _get_argv_nomalloc.o(.text) refers to sys_command.o(.text) for _sys_command_string
    libshutdown.o(.ARM.Collect$$libshutdown$$00000000) refers (Special) to libshutdown2.o(.ARM.Collect$$libshutdown$$00000006) for __rt_lib_shutdown_fp_trap_1
    libshutdown.o(.ARM.Collect$$libshutdown$$00000000) refers (Special) to libshutdown2.o(.ARM.Collect$$libshutdown$$0000000E) for __rt_lib_shutdown_heap_1
    libshutdown.o(.ARM.Collect$$libshutdown$$00000000) refers (Special) to libshutdown2.o(.ARM.Collect$$libshutdown$$0000000F) for __rt_lib_shutdown_return
    libshutdown.o(.ARM.Collect$$libshutdown$$00000000) refers (Special) to libshutdown2.o(.ARM.Collect$$libshutdown$$00000009) for __rt_lib_shutdown_signal_1
    libshutdown.o(.ARM.Collect$$libshutdown$$00000000) refers (Special) to libshutdown2.o(.ARM.Collect$$libshutdown$$00000003) for __rt_lib_shutdown_stdio_1
    libshutdown.o(.ARM.Collect$$libshutdown$$00000000) refers (Special) to libshutdown2.o(.ARM.Collect$$libshutdown$$0000000B) for __rt_lib_shutdown_user_alloc_1
    sys_command.o(.text) refers (Special) to use_no_semi.o(.text) for __I$use$semihosting
    defsig_rtmem_outer.o(.text) refers to defsig_rtmem_inner.o(.text) for __rt_SIGRTMEM_inner
    defsig_rtmem_outer.o(.text) refers to defsig_exit.o(.text) for __sig_exit
    defsig_rtmem_formal.o(.text) refers to rt_raise.o(.text) for __rt_raise
    rt_raise.o(.text) refers to __raise.o(.text) for __raise
    rt_raise.o(.text) refers to sys_exit.o(.text) for _sys_exit
    defsig_exit.o(.text) refers to sys_exit.o(.text) for _sys_exit
    defsig_rtmem_inner.o(.text) refers to defsig_general.o(.text) for __default_signal_display
    __raise.o(.text) refers to defsig.o(CL$$defsig) for __default_signal_handler
    defsig_general.o(.text) refers to sys_wrch.o(.text) for _ttywrch
    sys_wrch.o(.text) refers (Special) to use_no_semi.o(.text) for __I$use$semihosting
    defsig.o(CL$$defsig) refers to defsig_rtmem_inner.o(.text) for __rt_SIGRTMEM_inner
    defsig_abrt_inner.o(.text) refers to defsig_general.o(.text) for __default_signal_display
    defsig_fpe_inner.o(.text) refers to defsig_general.o(.text) for __default_signal_display
    defsig_rtred_inner.o(.text) refers to defsig_general.o(.text) for __default_signal_display
    defsig_stak_inner.o(.text) refers to defsig_general.o(.text) for __default_signal_display
    defsig_pvfn_inner.o(.text) refers to defsig_general.o(.text) for __default_signal_display
    defsig_cppl_inner.o(.text) refers to defsig_general.o(.text) for __default_signal_display
    defsig_segv_inner.o(.text) refers to defsig_general.o(.text) for __default_signal_display
    defsig_other.o(.text) refers to defsig_general.o(.text) for __default_signal_display


==============================================================================

Removing Unused input sections from the image.

    Removing can.o(i.CANBitTimingGet), (62 bytes).
    Removing can.o(i.CANDisable), (24 bytes).
    Removing can.o(i.CANErrCntrGet), (32 bytes).
    Removing can.o(i.CANIntDisable), (24 bytes).
    Removing can.o(i.CANIntRegister), (54 bytes).
    Removing can.o(i.CANIntUnregister), (54 bytes).
    Removing can.o(i.CANMessageClear), (70 bytes).
    Removing can.o(i.CANRetryGet), (18 bytes).
    Removing can.o(i.CANRetrySet), (34 bytes).
    Removing gpio.o(i.GPIODirModeGet), (34 bytes).
    Removing gpio.o(i.GPIOGetIntNumber), (164 bytes).
    Removing gpio.o(i.GPIOIntTypeGet), (48 bytes).
    Removing gpio.o(i.GPIOIntTypeSet), (58 bytes).
    Removing gpio.o(i.GPIOPadConfigGet), (140 bytes).
    Removing gpio.o(i.GPIOPinIntClear), (6 bytes).
    Removing gpio.o(i.GPIOPinIntDisable), (14 bytes).
    Removing gpio.o(i.GPIOPinIntEnable), (12 bytes).
    Removing gpio.o(i.GPIOPinIntStatus), (14 bytes).
    Removing gpio.o(i.GPIOPinTypeADC), (28 bytes).
    Removing gpio.o(i.GPIOPinTypeComparator), (28 bytes).
    Removing gpio.o(i.GPIOPinTypeGPIOInput), (28 bytes).
    Removing gpio.o(i.GPIOPinTypeGPIOOutputOD), (28 bytes).
    Removing gpio.o(i.GPIOPinTypeI2C), (28 bytes).
    Removing gpio.o(i.GPIOPinTypePWM), (28 bytes).
    Removing gpio.o(i.GPIOPinTypeQEI), (28 bytes).
    Removing gpio.o(i.GPIOPinTypeSSI), (28 bytes).
    Removing gpio.o(i.GPIOPinTypeTimer), (28 bytes).
    Removing gpio.o(i.GPIOPinTypeUSBDigital), (28 bytes).
    Removing gpio.o(i.GPIOPortIntRegister), (26 bytes).
    Removing gpio.o(i.GPIOPortIntUnregister), (22 bytes).
    Removing interrupt.o(i.IntDefaultHandler), (2 bytes).
    Removing interrupt.o(i.IntMasterDisable), (10 bytes).
    Removing interrupt.o(i.IntPriorityGet), (28 bytes).
    Removing interrupt.o(i.IntPriorityGroupingGet), (36 bytes).
    Removing interrupt.o(i.IntPriorityGroupingSet), (28 bytes).
    Removing interrupt.o(i.IntPrioritySet), (40 bytes).
    Removing interrupt.o(i.IntRegister), (56 bytes).
    Removing interrupt.o(i.IntUnregister), (20 bytes).
    Removing interrupt.o(.constdata), (96 bytes).
    Removing interrupt.o(vtable), (256 bytes).
    Removing sysctl.o(i.SysCtlADCSpeedGet), (16 bytes).
    Removing sysctl.o(i.SysCtlADCSpeedSet), (40 bytes).
    Removing sysctl.o(i.SysCtlBrownOutConfigSet), (16 bytes).
    Removing sysctl.o(i.SysCtlClkVerificationClear), (16 bytes).
    Removing sysctl.o(i.SysCtlDeepSleep), (32 bytes).
    Removing sysctl.o(i.SysCtlFlashSizeGet), (20 bytes).
    Removing sysctl.o(i.SysCtlGPIOAHBDisable), (20 bytes).
    Removing sysctl.o(i.SysCtlGPIOAHBEnable), (16 bytes).
    Removing sysctl.o(i.SysCtlIOSCVerificationSet), (24 bytes).
    Removing sysctl.o(i.SysCtlIntClear), (12 bytes).
    Removing sysctl.o(i.SysCtlIntDisable), (16 bytes).
    Removing sysctl.o(i.SysCtlIntEnable), (16 bytes).
    Removing sysctl.o(i.SysCtlIntRegister), (20 bytes).
    Removing sysctl.o(i.SysCtlIntStatus), (16 bytes).
    Removing sysctl.o(i.SysCtlIntUnregister), (18 bytes).
    Removing sysctl.o(i.SysCtlLDOConfigSet), (12 bytes).
    Removing sysctl.o(i.SysCtlLDOGet), (12 bytes).
    Removing sysctl.o(i.SysCtlLDOSet), (12 bytes).
    Removing sysctl.o(i.SysCtlMOSCVerificationSet), (24 bytes).
    Removing sysctl.o(i.SysCtlPLLVerificationSet), (24 bytes).
    Removing sysctl.o(i.SysCtlPWMClockGet), (24 bytes).
    Removing sysctl.o(i.SysCtlPWMClockSet), (20 bytes).
    Removing sysctl.o(i.SysCtlPeripheralClockGating), (24 bytes).
    Removing sysctl.o(i.SysCtlPeripheralDeepSleepDisable), (32 bytes).
    Removing sysctl.o(i.SysCtlPeripheralDeepSleepEnable), (32 bytes).
    Removing sysctl.o(i.SysCtlPeripheralDisable), (32 bytes).
    Removing sysctl.o(i.SysCtlPeripheralPresent), (32 bytes).
    Removing sysctl.o(i.SysCtlPeripheralReset), (56 bytes).
    Removing sysctl.o(i.SysCtlPeripheralSleepDisable), (32 bytes).
    Removing sysctl.o(i.SysCtlPeripheralSleepEnable), (32 bytes).
    Removing sysctl.o(i.SysCtlPinPresent), (16 bytes).
    Removing sysctl.o(i.SysCtlReset), (16 bytes).
    Removing sysctl.o(i.SysCtlResetCauseClear), (16 bytes).
    Removing sysctl.o(i.SysCtlResetCauseGet), (12 bytes).
    Removing sysctl.o(i.SysCtlSRAMSizeGet), (20 bytes).
    Removing sysctl.o(i.SysCtlSleep), (4 bytes).
    Removing sysctl.o(i.SysCtlUSBPLLDisable), (16 bytes).
    Removing sysctl.o(i.SysCtlUSBPLLEnable), (16 bytes).
    Removing systick.o(i.SysTickDisable), (14 bytes).
    Removing systick.o(i.SysTickIntDisable), (14 bytes).
    Removing systick.o(i.SysTickIntRegister), (24 bytes).
    Removing systick.o(i.SysTickIntUnregister), (18 bytes).
    Removing systick.o(i.SysTickPeriodGet), (10 bytes).
    Removing systick.o(i.SysTickValueGet), (8 bytes).
    Removing uart.o(i.UARTBreakCtl), (18 bytes).
    Removing uart.o(i.UARTBusy), (8 bytes).
    Removing uart.o(i.UARTCharGet), (12 bytes).
    Removing uart.o(i.UARTCharGetNonBlocking), (16 bytes).
    Removing uart.o(i.UARTCharPutNonBlocking), (18 bytes).
    Removing uart.o(i.UARTCharsAvail), (10 bytes).
    Removing uart.o(i.UARTConfigGetExpClk), (32 bytes).
    Removing uart.o(i.UARTDMADisable), (10 bytes).
    Removing uart.o(i.UARTDMAEnable), (8 bytes).
    Removing uart.o(i.UARTDisable), (30 bytes).
    Removing uart.o(i.UARTDisableSIR), (10 bytes).
    Removing uart.o(i.UARTEnable), (20 bytes).
    Removing uart.o(i.UARTEnableSIR), (18 bytes).
    Removing uart.o(i.UARTFIFOEnable), (10 bytes).
    Removing uart.o(i.UARTFIFOLevelGet), (16 bytes).
    Removing uart.o(i.UARTFIFOLevelSet), (6 bytes).
    Removing uart.o(i.UARTIntClear), (4 bytes).
    Removing uart.o(i.UARTIntDisable), (10 bytes).
    Removing uart.o(i.UARTIntEnable), (8 bytes).
    Removing uart.o(i.UARTIntRegister), (46 bytes).
    Removing uart.o(i.UARTIntStatus), (10 bytes).
    Removing uart.o(i.UARTIntUnregister), (46 bytes).
    Removing uart.o(i.UARTParityModeGet), (8 bytes).
    Removing uart.o(i.UARTParityModeSet), (12 bytes).
    Removing uart.o(i.UARTRxErrorClear), (6 bytes).
    Removing uart.o(i.UARTRxErrorGet), (8 bytes).
    Removing uart.o(i.UARTSpaceAvail), (10 bytes).

111 unused section(s) (total 3074 bytes) removed from the image.

==============================================================================

Image Symbol Table

    Local Symbols

    Symbol Name                              Value     Ov Type        Size  Object(Section)

    RESET                                    0x00000000   Section      252  startup.o(RESET)
    ../../angel/boardlib.s                   0x00000000   Number         0  boardinit3.o ABSOLUTE
    ../../angel/boardlib.s                   0x00000000   Number         0  boardinit1.o ABSOLUTE
    ../../angel/boardlib.s                   0x00000000   Number         0  boardinit2.o ABSOLUTE
    ../../angel/boardlib.s                   0x00000000   Number         0  boardshut.o ABSOLUTE
    ../../angel/dclz77c.s                    0x00000000   Number         0  __dclz77c.o ABSOLUTE
    ../../angel/handlers.s                   0x00000000   Number         0  __scatter_zi.o ABSOLUTE
    ../../angel/kernel.s                     0x00000000   Number         0  rtentry4.o ABSOLUTE
    ../../angel/kernel.s                     0x00000000   Number         0  rtexit.o ABSOLUTE
    ../../angel/kernel.s                     0x00000000   Number         0  rtexit2.o ABSOLUTE
    ../../angel/kernel.s                     0x00000000   Number         0  rtentry.o ABSOLUTE
    ../../angel/kernel.s                     0x00000000   Number         0  rtentry2.o ABSOLUTE
    ../../angel/rt.s                         0x00000000   Number         0  rt_raise.o ABSOLUTE
    ../../angel/scatter.s                    0x00000000   Number         0  __scatter.o ABSOLUTE
    ../../angel/startup.s                    0x00000000   Number         0  __main.o ABSOLUTE
    ../../angel/sys.s                        0x00000000   Number         0  sys_stackheap_outer.o ABSOLUTE
    ../../angel/sys.s                        0x00000000   Number         0  use_no_semi.o ABSOLUTE
    ../../angel/sys.s                        0x00000000   Number         0  libspace.o ABSOLUTE
    ../../angel/sys.s                        0x00000000   Number         0  sys_exit.o ABSOLUTE
    ../../angel/sysapp.c                     0x00000000   Number         0  sys_wrch.o ABSOLUTE
    ../../angel/sysapp.c                     0x00000000   Number         0  sys_command.o ABSOLUTE
    ../../armsys.c                           0x00000000   Number         0  argv_veneer.o ABSOLUTE
    ../../armsys.c                           0x00000000   Number         0  argv_veneer.o ABSOLUTE
    ../../armsys.c                           0x00000000   Number         0  no_argv.o ABSOLUTE
    ../../armsys.c                           0x00000000   Number         0  _get_argv_nomalloc.o ABSOLUTE
    ../../fpinit.s                           0x00000000   Number         0  fpinit.o ABSOLUTE
    ../../heapalloc.c                        0x00000000   Number         0  hrguard.o ABSOLUTE
    ../../heapaux.c                          0x00000000   Number         0  heapauxi.o ABSOLUTE
    ../../libinit.s                          0x00000000   Number         0  libinit2.o ABSOLUTE
    ../../libinit.s                          0x00000000   Number         0  libshutdown2.o ABSOLUTE
    ../../libinit.s                          0x00000000   Number         0  libinit.o ABSOLUTE
    ../../libinit.s                          0x00000000   Number         0  libshutdown.o ABSOLUTE
    ../../memcpset.s                         0x00000000   Number         0  rt_memclr_w.o ABSOLUTE
    ../../memcpset.s                         0x00000000   Number         0  rt_memclr.o ABSOLUTE
    ../../memcpset.s                         0x00000000   Number         0  strncpy.o ABSOLUTE
    ../../signal.c                           0x00000000   Number         0  defsig_exit.o ABSOLUTE
    ../../signal.c                           0x00000000   Number         0  defsig_general.o ABSOLUTE
    ../../signal.c                           0x00000000   Number         0  defsig_rtred_inner.o ABSOLUTE
    ../../signal.c                           0x00000000   Number         0  defsig_cppl_inner.o ABSOLUTE
    ../../signal.c                           0x00000000   Number         0  __raise.o ABSOLUTE
    ../../signal.c                           0x00000000   Number         0  defsig_rtmem_inner.o ABSOLUTE
    ../../signal.c                           0x00000000   Number         0  defsig_rtmem_formal.o ABSOLUTE
    ../../signal.c                           0x00000000   Number         0  defsig_rtmem_outer.o ABSOLUTE
    ../../signal.c                           0x00000000   Number         0  defsig_other.o ABSOLUTE
    ../../signal.c                           0x00000000   Number         0  defsig_segv_inner.o ABSOLUTE
    ../../signal.c                           0x00000000   Number         0  defsig_pvfn_inner.o ABSOLUTE
    ../../signal.c                           0x00000000   Number         0  defsig_stak_inner.o ABSOLUTE
    ../../signal.c                           0x00000000   Number         0  defsig_fpe_inner.o ABSOLUTE
    ../../signal.c                           0x00000000   Number         0  defsig_abrt_inner.o ABSOLUTE
    ../../signal.s                           0x00000000   Number         0  defsig.o ABSOLUTE
    ../../stdlib.c                           0x00000000   Number         0  exit.o ABSOLUTE
    ../../string.c                           0x00000000   Number         0  strlen.o ABSOLUTE
    ../../string.c                           0x00000000   Number         0  strncmp.o ABSOLUTE
    ..\..\..\utils\ustdlib.c                 0x00000000   Number         0  ustdlib.o ABSOLUTE
    19264LCDdriver.c                         0x00000000   Number         0  19264lcddriver.o ABSOLUTE
    Startup.s                                0x00000000   Number         0  startup.o ABSOLUTE
    VWMain.c                                 0x00000000   Number         0  vwmain.o ABSOLUTE
    can.c                                    0x00000000   Number         0  can.o ABSOLUTE
    cpu.c                                    0x00000000   Number         0  cpu.o ABSOLUTE
    cpu.c                                    0x00000000   Number         0  cpu.o ABSOLUTE
    dc.s                                     0x00000000   Number         0  dc.o ABSOLUTE
    gpio.c                                   0x00000000   Number         0  gpio.o ABSOLUTE
    interrupt.c                              0x00000000   Number         0  interrupt.o ABSOLUTE
    sysctl.c                                 0x00000000   Number         0  sysctl.o ABSOLUTE
    sysctl.c                                 0x00000000   Number         0  sysctl.o ABSOLUTE
    systick.c                                0x00000000   Number         0  systick.o ABSOLUTE
    uart.c                                   0x00000000   Number         0  uart.o ABSOLUTE
    NmiSR                                    0x000000f5   Thumb Code     0  startup.o(RESET)
    FaultISR                                 0x000000f7   Thumb Code     0  startup.o(RESET)
    IntDefaultHandler                        0x000000f9   Thumb Code     0  startup.o(RESET)
    !!!main                                  0x000000fc   Section        8  __main.o(!!!main)
    !!!scatter                               0x00000104   Section       52  __scatter.o(!!!scatter)
    !!dclz77c                                0x00000138   Section      100  __dclz77c.o(!!dclz77c)
    !!handler_zi                             0x0000019c   Section       28  __scatter_zi.o(!!handler_zi)
    .ARM.Collect$$libinit$$00000000          0x000001b8   Section        6  libinit.o(.ARM.Collect$$libinit$$00000000)
    .ARM.Collect$$libinit$$00000006          0x000001be   Section        0  libinit2.o(.ARM.Collect$$libinit$$00000006)
    .ARM.Collect$$libinit$$00000008          0x000001be   Section        0  libinit2.o(.ARM.Collect$$libinit$$00000008)
    .ARM.Collect$$libinit$$0000000A          0x000001be   Section        0  libinit2.o(.ARM.Collect$$libinit$$0000000A)
    .ARM.Collect$$libinit$$0000000D          0x000001be   Section        0  libinit2.o(.ARM.Collect$$libinit$$0000000D)
    .ARM.Collect$$libinit$$0000000F          0x000001be   Section        0  libinit2.o(.ARM.Collect$$libinit$$0000000F)
    .ARM.Collect$$libinit$$00000011          0x000001be   Section        0  libinit2.o(.ARM.Collect$$libinit$$00000011)
    .ARM.Collect$$libinit$$00000013          0x000001be   Section        0  libinit2.o(.ARM.Collect$$libinit$$00000013)
    .ARM.Collect$$libinit$$00000015          0x000001be   Section        0  libinit2.o(.ARM.Collect$$libinit$$00000015)
    .ARM.Collect$$libinit$$00000017          0x000001be   Section        0  libinit2.o(.ARM.Collect$$libinit$$00000017)
    .ARM.Collect$$libinit$$00000019          0x000001be   Section        0  libinit2.o(.ARM.Collect$$libinit$$00000019)
    .ARM.Collect$$libinit$$0000001B          0x000001be   Section        0  libinit2.o(.ARM.Collect$$libinit$$0000001B)
    .ARM.Collect$$libinit$$0000001D          0x000001be   Section        0  libinit2.o(.ARM.Collect$$libinit$$0000001D)
    .ARM.Collect$$libinit$$0000001F          0x000001be   Section        0  libinit2.o(.ARM.Collect$$libinit$$0000001F)
    .ARM.Collect$$libinit$$00000021          0x000001be   Section        0  libinit2.o(.ARM.Collect$$libinit$$00000021)
    .ARM.Collect$$libinit$$00000028          0x000001be   Section        0  libinit2.o(.ARM.Collect$$libinit$$00000028)
    .ARM.Collect$$libinit$$0000002A          0x000001be   Section        0  libinit2.o(.ARM.Collect$$libinit$$0000002A)
    .ARM.Collect$$libinit$$0000002C          0x000001be   Section        0  libinit2.o(.ARM.Collect$$libinit$$0000002C)
    .ARM.Collect$$libinit$$0000002E          0x000001be   Section        0  libinit2.o(.ARM.Collect$$libinit$$0000002E)
    .ARM.Collect$$libinit$$0000002F          0x000001be   Section        2  libinit2.o(.ARM.Collect$$libinit$$0000002F)
    .ARM.Collect$$libshutdown$$00000000      0x000001c0   Section        2  libshutdown.o(.ARM.Collect$$libshutdown$$00000000)
    .ARM.Collect$$libshutdown$$00000003      0x000001c2   Section        0  libshutdown2.o(.ARM.Collect$$libshutdown$$00000003)
    .ARM.Collect$$libshutdown$$00000006      0x000001c2   Section        0  libshutdown2.o(.ARM.Collect$$libshutdown$$00000006)
    .ARM.Collect$$libshutdown$$00000009      0x000001c2   Section        0  libshutdown2.o(.ARM.Collect$$libshutdown$$00000009)
    .ARM.Collect$$libshutdown$$0000000B      0x000001c2   Section        0  libshutdown2.o(.ARM.Collect$$libshutdown$$0000000B)
    .ARM.Collect$$libshutdown$$0000000E      0x000001c2   Section        0  libshutdown2.o(.ARM.Collect$$libshutdown$$0000000E)
    .ARM.Collect$$libshutdown$$0000000F      0x000001c2   Section        2  libshutdown2.o(.ARM.Collect$$libshutdown$$0000000F)
    .ARM.Collect$$rtentry$$00000000          0x000001c4   Section        0  rtentry.o(.ARM.Collect$$rtentry$$00000000)
    .ARM.Collect$$rtentry$$00000002          0x000001c4   Section        0  rtentry2.o(.ARM.Collect$$rtentry$$00000002)
    .ARM.Collect$$rtentry$$00000004          0x000001c4   Section        6  rtentry4.o(.ARM.Collect$$rtentry$$00000004)
    .ARM.Collect$$rtentry$$00000009          0x000001ca   Section        0  rtentry2.o(.ARM.Collect$$rtentry$$00000009)
    .ARM.Collect$$rtentry$$0000000A          0x000001ca   Section        4  rtentry2.o(.ARM.Collect$$rtentry$$0000000A)
    .ARM.Collect$$rtentry$$0000000C          0x000001ce   Section        0  rtentry2.o(.ARM.Collect$$rtentry$$0000000C)
    .ARM.Collect$$rtentry$$0000000D          0x000001ce   Section        8  rtentry2.o(.ARM.Collect$$rtentry$$0000000D)
    .ARM.Collect$$rtexit$$00000000           0x000001d6   Section        0  rtexit.o(.ARM.Collect$$rtexit$$00000000)
    .ARM.Collect$$rtexit$$00000002           0x000001d6   Section        0  rtexit2.o(.ARM.Collect$$rtexit$$00000002)
    .ARM.Collect$$rtexit$$00000003           0x000001d6   Section        4  rtexit2.o(.ARM.Collect$$rtexit$$00000003)
    .ARM.Collect$$rtexit$$00000004           0x000001da   Section        4  rtexit2.o(.ARM.Collect$$rtexit$$00000004)
    .emb_text                                0x000001e0   Section        6  sysctl.o(.emb_text)
    .emb_text                                0x000001e8   Section       20  cpu.o(.emb_text)
    .text                                    0x000001fc   Section       24  startup.o(.text)
    .text                                    0x00000214   Section     2000  vwmain.o(.text)
    .text                                    0x000009e4   Section     1708  19264lcddriver.o(.text)
    .text                                    0x00001090   Section     1232  ustdlib.o(.text)
    .text                                    0x00001560   Section      140  strncmp.o(.text)
    .text                                    0x000015ec   Section       62  strlen.o(.text)
    .text                                    0x0000162a   Section       78  rt_memclr_w.o(.text)
    .text                                    0x00001678   Section       86  strncpy.o(.text)
    .text                                    0x000016ce   Section        6  heapauxi.o(.text)
    .text                                    0x000016d4   Section       68  rt_memclr.o(.text)
    .text                                    0x00001718   Section       74  sys_stackheap_outer.o(.text)
    .text                                    0x00001762   Section       12  exit.o(.text)
    .text                                    0x00001770   Section        8  libspace.o(.text)
    .text                                    0x00001778   Section       20  sys_exit.o(.text)
    .text                                    0x0000178c   Section        2  use_no_semi.o(.text)
    i.CANBitTimingSet                        0x0000178e   Section      126  can.o(i.CANBitTimingSet)
    i.CANEnable                              0x0000180c   Section       24  can.o(i.CANEnable)
    i.CANInit                                0x00001824   Section      150  can.o(i.CANInit)
    i.CANIntClear                            0x000018ba   Section       78  can.o(i.CANIntClear)
    i.CANIntEnable                           0x00001908   Section       24  can.o(i.CANIntEnable)
    i.CANIntStatus                           0x00001920   Section       52  can.o(i.CANIntStatus)
    i.CANMessageGet                          0x00001954   Section      440  can.o(i.CANMessageGet)
    i.CANMessageSet                          0x00001b0c   Section      496  can.o(i.CANMessageSet)
    i.CANRegRead                             0x00001cfc   Section      100  can.o(i.CANRegRead)
    CANRegRead                               0x00001cfd   Thumb Code    96  can.o(i.CANRegRead)
    i.CANStatusGet                           0x00001d60   Section      116  can.o(i.CANStatusGet)
    i.GPIODirModeSet                         0x00001dd4   Section       40  gpio.o(i.GPIODirModeSet)
    i.GPIOPadConfigSet                       0x00001dfc   Section      176  gpio.o(i.GPIOPadConfigSet)
    i.GPIOPinRead                            0x00001eac   Section        6  gpio.o(i.GPIOPinRead)
    i.GPIOPinTypeCAN                         0x00001eb2   Section       28  gpio.o(i.GPIOPinTypeCAN)
    i.GPIOPinTypeGPIOOutput                  0x00001ece   Section       28  gpio.o(i.GPIOPinTypeGPIOOutput)
    i.GPIOPinTypeUART                        0x00001eea   Section       28  gpio.o(i.GPIOPinTypeUART)
    i.GPIOPinWrite                           0x00001f06   Section        6  gpio.o(i.GPIOPinWrite)
    i.IntDisable                             0x00001f0c   Section      104  interrupt.o(i.IntDisable)
    i.IntEnable                              0x00001f74   Section      104  interrupt.o(i.IntEnable)
    i.IntMasterEnable                        0x00001fdc   Section       10  interrupt.o(i.IntMasterEnable)
    i.SysCtlClockGet                         0x00001fe8   Section      324  sysctl.o(i.SysCtlClockGet)
    i.SysCtlClockSet                         0x0000212c   Section      312  sysctl.o(i.SysCtlClockSet)
    i.SysCtlPeripheralEnable                 0x00002264   Section       32  sysctl.o(i.SysCtlPeripheralEnable)
    i.SysTickEnable                          0x00002284   Section       14  systick.o(i.SysTickEnable)
    i.SysTickIntEnable                       0x00002292   Section       14  systick.o(i.SysTickIntEnable)
    i.SysTickPeriodSet                       0x000022a0   Section       10  systick.o(i.SysTickPeriodSet)
    i.UARTCharPut                            0x000022aa   Section       12  uart.o(i.UARTCharPut)
    i.UARTConfigSetExpClk                    0x000022b6   Section       84  uart.o(i.UARTConfigSetExpClk)
    i.UARTFIFODisable                        0x0000230a   Section       10  uart.o(i.UARTFIFODisable)
    .constdata                               0x00002314   Section       28  ustdlib.o(.constdata)
    g_pcHex                                  0x00002314   Data           4  ustdlib.o(.constdata)
    g_psDaysToMonth                          0x00002318   Data          24  ustdlib.o(.constdata)
    .constdata                               0x00002330   Section      156  sysctl.o(.constdata)
    g_pulDCRegs                              0x00002330   Data          16  sysctl.o(.constdata)
    g_pulSRCRRegs                            0x00002340   Data          12  sysctl.o(.constdata)
    g_pulRCGCRegs                            0x0000234c   Data          12  sysctl.o(.constdata)
    g_pulSCGCRegs                            0x00002358   Data          12  sysctl.o(.constdata)
    g_pulDCGCRegs                            0x00002364   Data          12  sysctl.o(.constdata)
    g_pulXtals                               0x00002370   Data          92  sysctl.o(.constdata)
    .conststring                             0x000023cc   Section       17  ustdlib.o(.conststring)
    .data                                    0x20000000   Section      319  vwmain.o(.data)
    uctech                                   0x20000000   Data          25  vwmain.o(.data)
    uctech3                                  0x20000019   Data          25  vwmain.o(.data)
    uctech4                                  0x20000032   Data          23  vwmain.o(.data)
    uctech5                                  0x20000049   Data          25  vwmain.o(.data)
    uctech6                                  0x20000062   Data          25  vwmain.o(.data)
    uctech7                                  0x2000007b   Data          25  vwmain.o(.data)
    uctech8                                  0x20000094   Data          25  vwmain.o(.data)
    uctech9                                  0x200000ad   Data          25  vwmain.o(.data)
    uctech1                                  0x200000c6   Data           9  vwmain.o(.data)
    uctech2                                  0x200000cf   Data           8  vwmain.o(.data)
    g_lFlashCounter                          0x20000118   Data           4  vwmain.o(.data)
    g_ulFlags                                0x20000120   Data           4  vwmain.o(.data)
    ulLastStatus                             0x20000124   Data           4  vwmain.o(.data)
    g_ulDebounceCounter                      0x20000138   Data           4  vwmain.o(.data)
    .data                                    0x2000013f   Section      215  19264lcddriver.o(.data)
    uctech                                   0x2000013f   Data          25  19264lcddriver.o(.data)
    uctech3                                  0x20000158   Data          25  19264lcddriver.o(.data)
    uctech4                                  0x20000171   Data          23  19264lcddriver.o(.data)
    uctech5                                  0x20000188   Data          25  19264lcddriver.o(.data)
    uctech6                                  0x200001a1   Data          25  19264lcddriver.o(.data)
    uctech7                                  0x200001ba   Data          25  19264lcddriver.o(.data)
    uctech8                                  0x200001d3   Data          25  19264lcddriver.o(.data)
    uctech9                                  0x200001ec   Data          25  19264lcddriver.o(.data)
    uctech1                                  0x20000205   Data           9  19264lcddriver.o(.data)
    uctech2                                  0x2000020e   Data           8  19264lcddriver.o(.data)
    .bss                                     0x20000218   Section      340  vwmain.o(.bss)
    .bss                                     0x2000036c   Section       96  libspace.o(.bss)
    HEAP                                     0x200003d0   Section        0  startup.o(HEAP)
    STACK                                    0x200003d0   Section      256  startup.o(STACK)
    HeapMem                                  0x200003d0   Data           0  startup.o(HEAP)
    StackMem                                 0x200003d0   Data           0  startup.o(STACK)

    Global Symbols

    Symbol Name                              Value     Ov Type        Size  Object(Section)

    BuildAttributes$$THM_ISAv4$P$D$K$B$S$PE$A:L22UL41UL21$X:L11$S22US41US21$IEEE1$IW$USESV6$~STKCKD$USESV7$~SHL$OTIME$ROPI$EBA8$UX$STANDARDLIB$REQ8$PRES8$EABIv2 0x00000000   Number         0  anon$$obj.o ABSOLUTE
    __ARM_use_no_argv                        0x00000000   Number         0  vwmain.o ABSOLUTE
    __Vectors                                0x00000000   Data           0  startup.o(RESET)
    __ARM_exceptions_init                     - Undefined Weak Reference
    __alloca_initialize                       - Undefined Weak Reference
    __cpp_initialize__aeabi_                  - Undefined Weak Reference
    __cxa_finalize                            - Undefined Weak Reference
    __rt_locale                               - Undefined Weak Reference
    __sigvec_lookup                           - Undefined Weak Reference
    _atexit_init                              - Undefined Weak Reference
    _call_atexit_fns                          - Undefined Weak Reference
    _clock_init                               - Undefined Weak Reference
    _fp_trap_init                             - Undefined Weak Reference
    _fp_trap_shutdown                         - Undefined Weak Reference
    _get_lc_collate                           - Undefined Weak Reference
    _get_lc_ctype                             - Undefined Weak Reference
    _get_lc_monetary                          - Undefined Weak Reference
    _get_lc_numeric                           - Undefined Weak Reference
    _get_lc_time                              - Undefined Weak Reference
    _getenv_init                              - Undefined Weak Reference
    _handle_redirection                       - Undefined Weak Reference
    _init_alloc                               - Undefined Weak Reference
    _init_user_alloc                          - Undefined Weak Reference
    _initio                                   - Undefined Weak Reference
    _rand_init                                - Undefined Weak Reference
    _signal_finish                            - Undefined Weak Reference
    _signal_init                              - Undefined Weak Reference
    _terminate_alloc                          - Undefined Weak Reference
    _terminate_user_alloc                     - Undefined Weak Reference
    _terminateio                              - Undefined Weak Reference
    Reset_Handler                            0x000000f1   Thumb Code     0  startup.o(RESET)
    __main                                   0x000000fd   Thumb Code     8  __main.o(!!!main)
    __scatterload                            0x00000105   Thumb Code     0  __scatter.o(!!!scatter)
    __scatterload_rt2                        0x00000105   Thumb Code    44  __scatter.o(!!!scatter)
    __scatterload_rt2_thumb_only             0x00000105   Thumb Code     0  __scatter.o(!!!scatter)
    __scatterload_null                       0x00000113   Thumb Code     0  __scatter.o(!!!scatter)
    __decompress                             0x00000139   Thumb Code   100  __dclz77c.o(!!dclz77c)
    __decompress2                            0x00000139   Thumb Code     0  __dclz77c.o(!!dclz77c)
    __scatterload_zeroinit                   0x0000019d   Thumb Code    28  __scatter_zi.o(!!handler_zi)
    __rt_lib_init                            0x000001b9   Thumb Code     0  libinit.o(.ARM.Collect$$libinit$$00000000)
    __rt_lib_init_alloca_1                   0x000001bf   Thumb Code     0  libinit2.o(.ARM.Collect$$libinit$$0000002A)
    __rt_lib_init_argv_1                     0x000001bf   Thumb Code     0  libinit2.o(.ARM.Collect$$libinit$$00000028)
    __rt_lib_init_atexit_1                   0x000001bf   Thumb Code     0  libinit2.o(.ARM.Collect$$libinit$$00000017)
    __rt_lib_init_clock_1                    0x000001bf   Thumb Code     0  libinit2.o(.ARM.Collect$$libinit$$0000001D)
    __rt_lib_init_cpp_1                      0x000001bf   Thumb Code     0  libinit2.o(.ARM.Collect$$libinit$$0000002E)
    __rt_lib_init_exceptions_1               0x000001bf   Thumb Code     0  libinit2.o(.ARM.Collect$$libinit$$0000002C)
    __rt_lib_init_fp_trap_1                  0x000001bf   Thumb Code     0  libinit2.o(.ARM.Collect$$libinit$$0000001B)
    __rt_lib_init_getenv_1                   0x000001bf   Thumb Code     0  libinit2.o(.ARM.Collect$$libinit$$0000001F)
    __rt_lib_init_heap_1                     0x000001bf   Thumb Code     0  libinit2.o(.ARM.Collect$$libinit$$00000006)
    __rt_lib_init_lc_collate_1               0x000001bf   Thumb Code     0  libinit2.o(.ARM.Collect$$libinit$$0000000D)
    __rt_lib_init_lc_ctype_1                 0x000001bf   Thumb Code     0  libinit2.o(.ARM.Collect$$libinit$$0000000F)
    __rt_lib_init_lc_monetary_1              0x000001bf   Thumb Code     0  libinit2.o(.ARM.Collect$$libinit$$00000011)
    __rt_lib_init_lc_numeric_1               0x000001bf   Thumb Code     0  libinit2.o(.ARM.Collect$$libinit$$00000013)
    __rt_lib_init_lc_time_1                  0x000001bf   Thumb Code     0  libinit2.o(.ARM.Collect$$libinit$$00000015)
    __rt_lib_init_rand_1                     0x000001bf   Thumb Code     0  libinit2.o(.ARM.Collect$$libinit$$0000000A)
    __rt_lib_init_return                     0x000001bf   Thumb Code     0  libinit2.o(.ARM.Collect$$libinit$$0000002F)
    __rt_lib_init_signal_1                   0x000001bf   Thumb Code     0  libinit2.o(.ARM.Collect$$libinit$$00000019)
    __rt_lib_init_stdio_1                    0x000001bf   Thumb Code     0  libinit2.o(.ARM.Collect$$libinit$$00000021)
    __rt_lib_init_user_alloc_1               0x000001bf   Thumb Code     0  libinit2.o(.ARM.Collect$$libinit$$00000008)
    __rt_lib_shutdown                        0x000001c1   Thumb Code     0  libshutdown.o(.ARM.Collect$$libshutdown$$00000000)
    __rt_lib_shutdown_fp_trap_1              0x000001c3   Thumb Code     0  libshutdown2.o(.ARM.Collect$$libshutdown$$00000006)
    __rt_lib_shutdown_heap_1                 0x000001c3   Thumb Code     0  libshutdown2.o(.ARM.Collect$$libshutdown$$0000000E)
    __rt_lib_shutdown_return                 0x000001c3   Thumb Code     0  libshutdown2.o(.ARM.Collect$$libshutdown$$0000000F)
    __rt_lib_shutdown_signal_1               0x000001c3   Thumb Code     0  libshutdown2.o(.ARM.Collect$$libshutdown$$00000009)
    __rt_lib_shutdown_stdio_1                0x000001c3   Thumb Code     0  libshutdown2.o(.ARM.Collect$$libshutdown$$00000003)
    __rt_lib_shutdown_user_alloc_1           0x000001c3   Thumb Code     0  libshutdown2.o(.ARM.Collect$$libshutdown$$0000000B)
    __rt_entry                               0x000001c5   Thumb Code     0  rtentry.o(.ARM.Collect$$rtentry$$00000000)
    __rt_entry_presh_1                       0x000001c5   Thumb Code     0  rtentry2.o(.ARM.Collect$$rtentry$$00000002)
    __rt_entry_sh                            0x000001c5   Thumb Code     0  rtentry4.o(.ARM.Collect$$rtentry$$00000004)
    __rt_entry_li                            0x000001cb   Thumb Code     0  rtentry2.o(.ARM.Collect$$rtentry$$0000000A)
    __rt_entry_postsh_1                      0x000001cb   Thumb Code     0  rtentry2.o(.ARM.Collect$$rtentry$$00000009)
    __rt_entry_main                          0x000001cf   Thumb Code     0  rtentry2.o(.ARM.Collect$$rtentry$$0000000D)
    __rt_entry_postli_1                      0x000001cf   Thumb Code     0  rtentry2.o(.ARM.Collect$$rtentry$$0000000C)
    __rt_exit                                0x000001d7   Thumb Code     0  rtexit.o(.ARM.Collect$$rtexit$$00000000)
    __rt_exit_ls                             0x000001d7   Thumb Code     0  rtexit2.o(.ARM.Collect$$rtexit$$00000003)
    __rt_exit_prels_1                        0x000001d7   Thumb Code     0  rtexit2.o(.ARM.Collect$$rtexit$$00000002)
    __rt_exit_exit                           0x000001db   Thumb Code     0  rtexit2.o(.ARM.Collect$$rtexit$$00000004)
    SysCtlDelay                              0x000001e1   Thumb Code     6  sysctl.o(.emb_text)
    CPUcpsid                                 0x000001e9   Thumb Code     8  cpu.o(.emb_text)
    CPUcpsie                                 0x000001f1   Thumb Code     8  cpu.o(.emb_text)
    CPUwfi                                   0x000001f9   Thumb Code     4  cpu.o(.emb_text)
    __user_initial_stackheap                 0x000001fd   Thumb Code     0  startup.o(.text)
    SysTickIntHandler                        0x00000215   Thumb Code   188  vwmain.o(.text)
    UARTSend                                 0x000002d1   Thumb Code    28  vwmain.o(.text)
    CANHandler                               0x000002ed   Thumb Code    28  vwmain.o(.text)
    FrameSend                                0x00000309   Thumb Code     2  vwmain.o(.text)
    CANConfigureNetwork                      0x0000030b   Thumb Code    88  vwmain.o(.text)
    ProcessCmd                               0x00000363   Thumb Code   930  vwmain.o(.text)
    Init_VW                                  0x00000705   Thumb Code   190  vwmain.o(.text)
    main                                     0x000007c3   Thumb Code   248  vwmain.o(.text)
    Syswait_ms                               0x000009e5   Thumb Code    28  19264lcddriver.o(.text)
    Syswait_us                               0x00000a01   Thumb Code    26  19264lcddriver.o(.text)
    E2                                       0x00000a1b   Thumb Code    16  19264lcddriver.o(.text)
    E1                                       0x00000a2b   Thumb Code    16  19264lcddriver.o(.text)
    RW                                       0x00000a3b   Thumb Code    16  19264lcddriver.o(.text)
    RS                                       0x00000a4b   Thumb Code    16  19264lcddriver.o(.text)
    REST                                     0x00000a5b   Thumb Code    16  19264lcddriver.o(.text)
    SendByteLCDH                             0x00000a6b   Thumb Code    54  19264lcddriver.o(.text)
    SPIWH                                    0x00000aa1   Thumb Code    38  19264lcddriver.o(.text)
    WRCommandH                               0x00000ac7   Thumb Code    32  19264lcddriver.o(.text)
    WRDataH                                  0x00000ae7   Thumb Code    26  19264lcddriver.o(.text)
    SendByteLCDL                             0x00000b01   Thumb Code    54  19264lcddriver.o(.text)
    SPIWL                                    0x00000b37   Thumb Code    38  19264lcddriver.o(.text)
    WRCommandL                               0x00000b5d   Thumb Code    32  19264lcddriver.o(.text)
    WRDataL                                  0x00000b7d   Thumb Code    26  19264lcddriver.o(.text)
    LCDInit                                  0x00000b97   Thumb Code    82  19264lcddriver.o(.text)
    ShowQQCharH                              0x00000be9   Thumb Code    52  19264lcddriver.o(.text)
    ShowQQCharL                              0x00000c1d   Thumb Code    52  19264lcddriver.o(.text)
    ShowNUMCharH                             0x00000c51   Thumb Code    56  19264lcddriver.o(.text)
    ShowNUMCharL                             0x00000c89   Thumb Code    56  19264lcddriver.o(.text)
    WRCGRAMH                                 0x00000cc1   Thumb Code    70  19264lcddriver.o(.text)
    WRCGRAML                                 0x00000d07   Thumb Code    70  19264lcddriver.o(.text)
    ShowCGCharH                              0x00000d4d   Thumb Code    40  19264lcddriver.o(.text)
    ShowCGCharL                              0x00000d75   Thumb Code    40  19264lcddriver.o(.text)
    CLEARGDRAMH                              0x00000d9d   Thumb Code    70  19264lcddriver.o(.text)
    CLEARGDRAML                              0x00000de3   Thumb Code    84  19264lcddriver.o(.text)
    WRGDRAM1                                 0x00000e37   Thumb Code   318  19264lcddriver.o(.text)
    displayTEST                              0x00000f75   Thumb Code    44  19264lcddriver.o(.text)
    displayCHINSE                            0x00000fa1   Thumb Code    50  19264lcddriver.o(.text)
    displayCHINSE1                           0x00000fd3   Thumb Code    28  19264lcddriver.o(.text)
    displayCHINSE2                           0x00000fef   Thumb Code    52  19264lcddriver.o(.text)
    displayEngine                            0x00001023   Thumb Code    44  19264lcddriver.o(.text)
    uvsnprintf                               0x00001091   Thumb Code   738  ustdlib.o(.text)
    usprintf                                 0x00001373   Thumb Code    34  ustdlib.o(.text)
    usnprintf                                0x00001395   Thumb Code    34  ustdlib.o(.text)
    ulocaltime                               0x000013b7   Thumb Code   166  ustdlib.o(.text)
    ustrtoul                                 0x0000145d   Thumb Code   206  ustdlib.o(.text)
    ustrstr                                  0x0000152b   Thumb Code    42  ustdlib.o(.text)
    strncmp                                  0x00001561   Thumb Code   140  strncmp.o(.text)
    strlen                                   0x000015ed   Thumb Code    62  strlen.o(.text)
    __aeabi_memclr4                          0x0000162b   Thumb Code     0  rt_memclr_w.o(.text)
    __aeabi_memclr8                          0x0000162b   Thumb Code     0  rt_memclr_w.o(.text)
    __rt_memclr_w                            0x0000162b   Thumb Code    78  rt_memclr_w.o(.text)
    _memset_w                                0x0000162f   Thumb Code     0  rt_memclr_w.o(.text)
    strncpy                                  0x00001679   Thumb Code    86  strncpy.o(.text)
    __use_two_region_memory                  0x000016cf   Thumb Code     2  heapauxi.o(.text)
    __rt_heap_escrow$2region                 0x000016d1   Thumb Code     2  heapauxi.o(.text)
    __rt_heap_expand$2region                 0x000016d3   Thumb Code     2  heapauxi.o(.text)
    __aeabi_memclr                           0x000016d5   Thumb Code     0  rt_memclr.o(.text)
    __rt_memclr                              0x000016d5   Thumb Code    68  rt_memclr.o(.text)
    _memset                                  0x000016d9   Thumb Code     0  rt_memclr.o(.text)
    __user_setup_stackheap                   0x00001719   Thumb Code    74  sys_stackheap_outer.o(.text)
    exit                                     0x00001763   Thumb Code    12  exit.o(.text)
    __user_libspace                          0x00001771   Thumb Code     8  libspace.o(.text)
    __user_perproc_libspace                  0x00001771   Thumb Code     0  libspace.o(.text)
    __user_perthread_libspace                0x00001771   Thumb Code     0  libspace.o(.text)
    _sys_exit                                0x00001779   Thumb Code    16  sys_exit.o(.text)
    __I$use$semihosting                      0x0000178d   Thumb Code     0  use_no_semi.o(.text)
    __use_no_semihosting_swi                 0x0000178d   Thumb Code     2  use_no_semi.o(.text)
    CANBitTimingSet                          0x0000178f   Thumb Code   126  can.o(i.CANBitTimingSet)
    CANEnable                                0x0000180d   Thumb Code    24  can.o(i.CANEnable)
    CANInit                                  0x00001825   Thumb Code   150  can.o(i.CANInit)
    CANIntClear                              0x000018bb   Thumb Code    78  can.o(i.CANIntClear)
    CANIntEnable                             0x00001909   Thumb Code    24  can.o(i.CANIntEnable)
    CANIntStatus                             0x00001921   Thumb Code    52  can.o(i.CANIntStatus)
    CANMessageGet                            0x00001955   Thumb Code   440  can.o(i.CANMessageGet)
    CANMessageSet                            0x00001b0d   Thumb Code   496  can.o(i.CANMessageSet)
    CANStatusGet                             0x00001d61   Thumb Code   116  can.o(i.CANStatusGet)
    GPIODirModeSet                           0x00001dd5   Thumb Code    40  gpio.o(i.GPIODirModeSet)
    GPIOPadConfigSet                         0x00001dfd   Thumb Code   176  gpio.o(i.GPIOPadConfigSet)
    GPIOPinRead                              0x00001ead   Thumb Code     6  gpio.o(i.GPIOPinRead)
    GPIOPinTypeCAN                           0x00001eb3   Thumb Code    28  gpio.o(i.GPIOPinTypeCAN)
    GPIOPinTypeGPIOOutput                    0x00001ecf   Thumb Code    28  gpio.o(i.GPIOPinTypeGPIOOutput)
    GPIOPinTypeUART                          0x00001eeb   Thumb Code    28  gpio.o(i.GPIOPinTypeUART)
    GPIOPinWrite                             0x00001f07   Thumb Code     6  gpio.o(i.GPIOPinWrite)
    IntDisable                               0x00001f0d   Thumb Code   104  interrupt.o(i.IntDisable)
    IntEnable                                0x00001f75   Thumb Code   104  interrupt.o(i.IntEnable)
    IntMasterEnable                          0x00001fdd   Thumb Code    10  interrupt.o(i.IntMasterEnable)
    SysCtlClockGet                           0x00001fe9   Thumb Code   294  sysctl.o(i.SysCtlClockGet)
    SysCtlClockSet                           0x0000212d   Thumb Code   290  sysctl.o(i.SysCtlClockSet)
    SysCtlPeripheralEnable                   0x00002265   Thumb Code    26  sysctl.o(i.SysCtlPeripheralEnable)
    SysTickEnable                            0x00002285   Thumb Code    14  systick.o(i.SysTickEnable)
    SysTickIntEnable                         0x00002293   Thumb Code    14  systick.o(i.SysTickIntEnable)
    SysTickPeriodSet                         0x000022a1   Thumb Code    10  systick.o(i.SysTickPeriodSet)
    UARTCharPut                              0x000022ab   Thumb Code    12  uart.o(i.UARTCharPut)
    UARTConfigSetExpClk                      0x000022b7   Thumb Code    84  uart.o(i.UARTConfigSetExpClk)
    UARTFIFODisable                          0x0000230b   Thumb Code    10  uart.o(i.UARTFIFODisable)
    Region$$Table$$Base                      0x000023e0   Number         0  anon$$obj.o(Region$$Table)
    Region$$Table$$Limit                     0x00002400   Number         0  anon$$obj.o(Region$$Table)
    CANBitClkSettings                        0x200000d8   Data          64  vwmain.o(.data)
    g_ucButtonFlags                          0x2000011c   Data           1  vwmain.o(.data)
    g_ucLEDLevel                             0x2000011d   Data           1  vwmain.o(.data)
    rpmRawDataRX                             0x20000128   Data           8  vwmain.o(.data)
    rpmRawDataTX                             0x20000130   Data           8  vwmain.o(.data)
    g_ucButtonStatus                         0x2000013c   Data           1  vwmain.o(.data)
    g_pucButtonMsg                           0x2000013d   Data           2  vwmain.o(.data)
    CanMsg_ENG_STATUS                        0x20000218   Data          20  vwmain.o(.bss)
    CanMsg_ENG_RPM                           0x2000022c   Data          20  vwmain.o(.bss)
    CanMsg_ENG_WORKLOAD                      0x20000240   Data          20  vwmain.o(.bss)
    CanMsg_ENG_MILE                          0x20000254   Data          20  vwmain.o(.bss)
    CanMsg_ENG_TURBO                         0x20000268   Data          20  vwmain.o(.bss)
    CanMsg_ENG_OILLEVEL                      0x2000027c   Data          20  vwmain.o(.bss)
    CanMsg_ENG_THROLLTEPOSITION              0x20000290   Data          20  vwmain.o(.bss)
    CanMsg_ENG_COOLTEMP                      0x200002a4   Data          20  vwmain.o(.bss)
    CanMsg_GBX_SHIFTPOSITION                 0x200002b8   Data          20  vwmain.o(.bss)
    CanMsg_SessionCtl                        0x200002cc   Data          20  vwmain.o(.bss)
    CanMsg_SessionCtl_TX                     0x200002e0   Data          20  vwmain.o(.bss)
    CanMsg_SessionCtl_RX                     0x200002f4   Data          20  vwmain.o(.bss)
    g_MsgObjectRx                            0x20000308   Data          20  vwmain.o(.bss)
    CanRx                                    0x2000031c   Data          20  vwmain.o(.bss)
    g_MsgObjectTx                            0x20000330   Data          20  vwmain.o(.bss)
    g_MsgObjectLED                           0x20000344   Data          20  vwmain.o(.bss)
    g_MsgObjectButton                        0x20000358   Data          20  vwmain.o(.bss)
    __libspace_start                         0x2000036c   Data          96  libspace.o(.bss)
    __temporary_stack_top$libspace           0x200003cc   Data           0  libspace.o(.bss)



==============================================================================

Memory Map of the image

  Image Entry point : 0x000000f1

  Load Region LR_1 (Base: 0x00000000, Size: 0x00002618, Max: 0xffffffff, ABSOLUTE, COMPRESSED[0x000024d8])

    Execution Region ER_RO (Base: 0x00000000, Size: 0x00002400, Max: 0xffffffff, ABSOLUTE)

    Base Addr    Size         Type   Attr      Idx    E Section Name        Object

    0x00000000   0x000000fc   Code   RO            3  * RESET               startup.o
    0x000000fc   0x00000008   Code   RO         1041  * !!!main             __main.o(c_w.l)
    0x00000104   0x00000034   Code   RO         1202    !!!scatter          __scatter.o(c_w.l)
    0x00000138   0x00000064   Code   RO         1200    !!dclz77c           __dclz77c.o(c_w.l)
    0x0000019c   0x0000001c   Code   RO         1204    !!handler_zi        __scatter_zi.o(c_w.l)
    0x000001b8   0x00000006   Code   RO         1075    .ARM.Collect$$libinit$$00000000  libinit.o(c_w.l)
    0x000001be   0x00000000   Code   RO         1083    .ARM.Collect$$libinit$$00000006  libinit2.o(c_w.l)
    0x000001be   0x00000000   Code   RO         1085    .ARM.Collect$$libinit$$00000008  libinit2.o(c_w.l)
    0x000001be   0x00000000   Code   RO         1087    .ARM.Collect$$libinit$$0000000A  libinit2.o(c_w.l)
    0x000001be   0x00000000   Code   RO         1090    .ARM.Collect$$libinit$$0000000D  libinit2.o(c_w.l)
    0x000001be   0x00000000   Code   RO         1092    .ARM.Collect$$libinit$$0000000F  libinit2.o(c_w.l)
    0x000001be   0x00000000   Code   RO         1094    .ARM.Collect$$libinit$$00000011  libinit2.o(c_w.l)
    0x000001be   0x00000000   Code   RO         1096    .ARM.Collect$$libinit$$00000013  libinit2.o(c_w.l)
    0x000001be   0x00000000   Code   RO         1098    .ARM.Collect$$libinit$$00000015  libinit2.o(c_w.l)
    0x000001be   0x00000000   Code   RO         1100    .ARM.Collect$$libinit$$00000017  libinit2.o(c_w.l)
    0x000001be   0x00000000   Code   RO         1102    .ARM.Collect$$libinit$$00000019  libinit2.o(c_w.l)
    0x000001be   0x00000000   Code   RO         1104    .ARM.Collect$$libinit$$0000001B  libinit2.o(c_w.l)
    0x000001be   0x00000000   Code   RO         1106    .ARM.Collect$$libinit$$0000001D  libinit2.o(c_w.l)
    0x000001be   0x00000000   Code   RO         1108    .ARM.Collect$$libinit$$0000001F  libinit2.o(c_w.l)
    0x000001be   0x00000000   Code   RO         1110    .ARM.Collect$$libinit$$00000021  libinit2.o(c_w.l)
    0x000001be   0x00000000   Code   RO         1114    .ARM.Collect$$libinit$$00000028  libinit2.o(c_w.l)
    0x000001be   0x00000000   Code   RO         1116    .ARM.Collect$$libinit$$0000002A  libinit2.o(c_w.l)
    0x000001be   0x00000000   Code   RO         1118    .ARM.Collect$$libinit$$0000002C  libinit2.o(c_w.l)
    0x000001be   0x00000000   Code   RO         1120    .ARM.Collect$$libinit$$0000002E  libinit2.o(c_w.l)
    0x000001be   0x00000002   Code   RO         1121    .ARM.Collect$$libinit$$0000002F  libinit2.o(c_w.l)
    0x000001c0   0x00000002   Code   RO         1142    .ARM.Collect$$libshutdown$$00000000  libshutdown.o(c_w.l)
    0x000001c2   0x00000000   Code   RO         1155    .ARM.Collect$$libshutdown$$00000003  libshutdown2.o(c_w.l)
    0x000001c2   0x00000000   Code   RO         1158    .ARM.Collect$$libshutdown$$00000006  libshutdown2.o(c_w.l)
    0x000001c2   0x00000000   Code   RO         1161    .ARM.Collect$$libshutdown$$00000009  libshutdown2.o(c_w.l)
    0x000001c2   0x00000000   Code   RO         1163    .ARM.Collect$$libshutdown$$0000000B  libshutdown2.o(c_w.l)
    0x000001c2   0x00000000   Code   RO         1166    .ARM.Collect$$libshutdown$$0000000E  libshutdown2.o(c_w.l)
    0x000001c2   0x00000002   Code   RO         1167    .ARM.Collect$$libshutdown$$0000000F  libshutdown2.o(c_w.l)
    0x000001c4   0x00000000   Code   RO         1043    .ARM.Collect$$rtentry$$00000000  rtentry.o(c_w.l)
    0x000001c4   0x00000000   Code   RO         1048    .ARM.Collect$$rtentry$$00000002  rtentry2.o(c_w.l)
    0x000001c4   0x00000006   Code   RO         1063    .ARM.Collect$$rtentry$$00000004  rtentry4.o(c_w.l)
    0x000001ca   0x00000000   Code   RO         1050    .ARM.Collect$$rtentry$$00000009  rtentry2.o(c_w.l)
    0x000001ca   0x00000004   Code   RO         1051    .ARM.Collect$$rtentry$$0000000A  rtentry2.o(c_w.l)
    0x000001ce   0x00000000   Code   RO         1053    .ARM.Collect$$rtentry$$0000000C  rtentry2.o(c_w.l)
    0x000001ce   0x00000008   Code   RO         1054    .ARM.Collect$$rtentry$$0000000D  rtentry2.o(c_w.l)
    0x000001d6   0x00000000   Code   RO         1079    .ARM.Collect$$rtexit$$00000000  rtexit.o(c_w.l)
    0x000001d6   0x00000000   Code   RO         1125    .ARM.Collect$$rtexit$$00000002  rtexit2.o(c_w.l)
    0x000001d6   0x00000004   Code   RO         1126    .ARM.Collect$$rtexit$$00000003  rtexit2.o(c_w.l)
    0x000001da   0x00000004   Code   RO         1127    .ARM.Collect$$rtexit$$00000004  rtexit2.o(c_w.l)
    0x000001de   0x00000002   PAD
    0x000001e0   0x00000006   Code   RO          504    .emb_text           sysctl.o(driverlib.lib)
    0x000001e6   0x00000002   PAD
    0x000001e8   0x00000014   Code   RO         1019    .emb_text           cpu.o(driverlib.lib)
    0x000001fc   0x00000018   Code   RO            4    .text               startup.o
    0x00000214   0x000007d0   Code   RO           11    .text               vwmain.o
    0x000009e4   0x000006ac   Code   RO           73    .text               19264lcddriver.o
    0x00001090   0x000004d0   Code   RO           87    .text               ustdlib.o
    0x00001560   0x0000008c   Code   RO         1031    .text               strncmp.o(c_w.l)
    0x000015ec   0x0000003e   Code   RO         1033    .text               strlen.o(c_w.l)
    0x0000162a   0x0000004e   Code   RO         1035    .text               rt_memclr_w.o(c_w.l)
    0x00001678   0x00000056   Code   RO         1037    .text               strncpy.o(c_w.l)
    0x000016ce   0x00000006   Code   RO         1039    .text               heapauxi.o(c_w.l)
    0x000016d4   0x00000044   Code   RO         1045    .text               rt_memclr.o(c_w.l)
    0x00001718   0x0000004a   Code   RO         1065    .text               sys_stackheap_outer.o(c_w.l)
    0x00001762   0x0000000c   Code   RO         1067    .text               exit.o(c_w.l)
    0x0000176e   0x00000002   PAD
    0x00001770   0x00000008   Code   RO         1076    .text               libspace.o(c_w.l)
    0x00001778   0x00000014   Code   RO         1134    .text               sys_exit.o(c_w.l)
    0x0000178c   0x00000002   Code   RO         1145    .text               use_no_semi.o(c_w.l)
    0x0000178e   0x0000007e   Code   RO          103    i.CANBitTimingSet   can.o(driverlib.lib)
    0x0000180c   0x00000018   Code   RO          105    i.CANEnable         can.o(driverlib.lib)
    0x00001824   0x00000096   Code   RO          107    i.CANInit           can.o(driverlib.lib)
    0x000018ba   0x0000004e   Code   RO          108    i.CANIntClear       can.o(driverlib.lib)
    0x00001908   0x00000018   Code   RO          110    i.CANIntEnable      can.o(driverlib.lib)
    0x00001920   0x00000034   Code   RO          112    i.CANIntStatus      can.o(driverlib.lib)
    0x00001954   0x000001b8   Code   RO          115    i.CANMessageGet     can.o(driverlib.lib)
    0x00001b0c   0x000001f0   Code   RO          116    i.CANMessageSet     can.o(driverlib.lib)
    0x00001cfc   0x00000064   Code   RO          117    i.CANRegRead        can.o(driverlib.lib)
    0x00001d60   0x00000074   Code   RO          120    i.CANStatusGet      can.o(driverlib.lib)
    0x00001dd4   0x00000028   Code   RO          249    i.GPIODirModeSet    gpio.o(driverlib.lib)
    0x00001dfc   0x000000b0   Code   RO          254    i.GPIOPadConfigSet  gpio.o(driverlib.lib)
    0x00001eac   0x00000006   Code   RO          259    i.GPIOPinRead       gpio.o(driverlib.lib)
    0x00001eb2   0x0000001c   Code   RO          261    i.GPIOPinTypeCAN    gpio.o(driverlib.lib)
    0x00001ece   0x0000001c   Code   RO          264    i.GPIOPinTypeGPIOOutput  gpio.o(driverlib.lib)
    0x00001eea   0x0000001c   Code   RO          271    i.GPIOPinTypeUART   gpio.o(driverlib.lib)
    0x00001f06   0x00000006   Code   RO          273    i.GPIOPinWrite      gpio.o(driverlib.lib)
    0x00001f0c   0x00000068   Code   RO          428    i.IntDisable        interrupt.o(driverlib.lib)
    0x00001f74   0x00000068   Code   RO          429    i.IntEnable         interrupt.o(driverlib.lib)
    0x00001fdc   0x0000000a   Code   RO          431    i.IntMasterEnable   interrupt.o(driverlib.lib)
    0x00001fe6   0x00000002   PAD
    0x00001fe8   0x00000144   Code   RO          509    i.SysCtlClockGet    sysctl.o(driverlib.lib)
    0x0000212c   0x00000138   Code   RO          510    i.SysCtlClockSet    sysctl.o(driverlib.lib)
    0x00002264   0x00000020   Code   RO          533    i.SysCtlPeripheralEnable  sysctl.o(driverlib.lib)
    0x00002284   0x0000000e   Code   RO          766    i.SysTickEnable     systick.o(driverlib.lib)
    0x00002292   0x0000000e   Code   RO          768    i.SysTickIntEnable  systick.o(driverlib.lib)
    0x000022a0   0x0000000a   Code   RO          772    i.SysTickPeriodSet  systick.o(driverlib.lib)
    0x000022aa   0x0000000c   Code   RO          832    i.UARTCharPut       uart.o(driverlib.lib)
    0x000022b6   0x00000054   Code   RO          836    i.UARTConfigSetExpClk  uart.o(driverlib.lib)
    0x0000230a   0x0000000a   Code   RO          843    i.UARTFIFODisable   uart.o(driverlib.lib)
    0x00002314   0x0000001c   Data   RO           88    .constdata          ustdlib.o
    0x00002330   0x0000009c   Data   RO          546    .constdata          sysctl.o(driverlib.lib)
    0x000023cc   0x00000011   Data   RO           89    .conststring        ustdlib.o
    0x000023dd   0x00000003   PAD
    0x000023e0   0x00000020   Data   RO         1198    Region$$Table       anon$$obj.o


    Execution Region ER_RW (Base: 0x20000000, Size: 0x00000218, Max: 0xffffffff, ABSOLUTE, COMPRESSED[0x000000d8])

    Base Addr    Size         Type   Attr      Idx    E Section Name        Object

    0x20000000   0x0000013f   Data   RW           13    .data               vwmain.o
    0x2000013f   0x000000d7   Data   RW           74    .data               19264lcddriver.o


    Execution Region ER_ZI (Base: 0x20000218, Size: 0x000002b8, Max: 0xffffffff, ABSOLUTE)

    Base Addr    Size         Type   Attr      Idx    E Section Name        Object

    0x20000218   0x00000154   Zero   RW           12    .bss                vwmain.o
    0x2000036c   0x00000060   Zero   RW         1077    .bss                libspace.o(c_w.l)
    0x200003cc   0x00000004   PAD
    0x200003d0   0x00000000   Zero   RW            2    HEAP                startup.o
    0x200003d0   0x00000100   Zero   RW            1    STACK               startup.o


==============================================================================

Image component sizes


      Code (inc. data)   RO Data    RW Data    ZI Data      Debug   Object Name

      1708         80          0        215          0       8024   19264lcddriver.o
       276        256          0          0        256        392   startup.o
      1232         12         45          0          0       3820   ustdlib.o
      2000        424          0        319        340      11647   vwmain.o

    ----------------------------------------------------------------------
      5216        772         80        536        596      23883   Object Totals
         0          0         32          0          0          0   (incl. Generated)
         0          0          3          2          0          1   (incl. Padding)

    ----------------------------------------------------------------------

      Code (inc. data)   RO Data    RW Data    ZI Data      Debug   Library Member Name

       100          0          0          0          0          0   __dclz77c.o
         8          0          0          0          0         68   __main.o
        52          8          0          0          0          0   __scatter.o
        28          0          0          0          0          0   __scatter_zi.o
      1606         10          0          0          0      13807   can.o
        20          0          0          0          0        264   cpu.o
        12          0          0          0          0         68   exit.o
       312          0          0          0          0       4220   gpio.o
         6          0          0          0          0        148   heapauxi.o
       218          0          0          0          0       1531   interrupt.o
         6          0          0          0          0          0   libinit.o
         2          0          0          0          0          0   libinit2.o
         2          0          0          0          0          0   libshutdown.o
         2          0          0          0          0          0   libshutdown2.o
         8          4          0          0         96         68   libspace.o
        68          0          0          0          0         68   rt_memclr.o
        78          0          0          0          0         76   rt_memclr_w.o
         0          0          0          0          0          0   rtentry.o
        12          0          0          0          0          0   rtentry2.o
         6          0          0          0          0          0   rtentry4.o
         0          0          0          0          0          0   rtexit.o
         8          0          0          0          0          0   rtexit2.o
        62          0          0          0          0         76   strlen.o
       140          0          0          0          0         80   strncmp.o
        86          0          0          0          0         76   strncpy.o
        20         10          0          0          0         68   sys_exit.o
        74          0          0          0          0         80   sys_stackheap_outer.o
       674         58        156          0          0       3447   sysctl.o
        38          0          0          0          0       1130   systick.o
       106          0          0          0          0       2051   uart.o
         2          0          0          0          0         68   use_no_semi.o

    ----------------------------------------------------------------------
      3764         90        156          0        100      27394   Library Totals
         8          0          0          0          4          0   (incl. Padding)

    ----------------------------------------------------------------------

      Code (inc. data)   RO Data    RW Data    ZI Data      Debug   Library Name

       782         22          0          0         96        944   c_w.l
      2974         68        156          0          0      26450   driverlib.lib

    ----------------------------------------------------------------------
      3764         90        156          0        100      27394   Library Totals

    ----------------------------------------------------------------------

==============================================================================


      Code (inc. data)   RO Data    RW Data    ZI Data      Debug   

      8980        862        236        536        696      49228   Grand Totals
      8980        862        236        216        696      49228   ELF Image Totals (compressed)
      8980        862        236        216          0          0   ROM Totals

==============================================================================

    Total RO  Size (Code + RO Data)                 9216 (   9.00kB)
    Total RW  Size (RW Data + ZI Data)              1232 (   1.20kB)
    Total ROM Size (Code + RO Data + RW Data)       9432 (   9.21kB)

==============================================================================

