<!doctype html public "-//w3c//dtd html 4.0 transitional//en">
<html><head>
<title>Static Call Graph - [.\rvmdk\graphics.axf]</title></head>
<body><HR>
<H1>Static Call Graph for image .\rvmdk\graphics.axf</H1><HR>
<BR><P>#&#060CALLGRAPH&#062# ARM Linker, RVCT4.0 [Build 484]: Last Updated: Sun Jan 03 14:46:55 2021
<BR><P>
<H3>Maximum Stack Usage =        120 bytes + Unknown(Functions without stacksize, Cycles, Untraceable Function Pointers)</H3><H3>
Call chain for Maximum Stack Depth:</H3>
main &rArr; RIT128x96x4Init &rArr; RIT128x96x4Clear &rArr; RITWriteCommand
<P>
<H3>
Functions with no stack information
</H3><UL>
 <LI><a href="#[21afccc]">Reset_Handler</a>
 <LI><a href="#[21afeac]">NmiSR</a>
 <LI><a href="#[21afe70]">FaultISR</a>
 <LI><a href="#[21afe34]">IntDefaultHandler</a>
</UL>
</UL>
<P>
<H3>
Mutually Recursive functions
</H3> <LI><a href="#[21a5448]">SysCtlDelay</a>&nbsp;&nbsp;&nbsp;&rArr;&nbsp;&nbsp;&nbsp;<a href="#[21a5448]">SysCtlDelay</a><BR>
 <LI><a href="#[21b0230]">SSIDataPut</a>&nbsp;&nbsp;&nbsp;&rArr;&nbsp;&nbsp;&nbsp;<a href="#[21b0230]">SSIDataPut</a><BR>
 <LI><a href="#[21b02a8]">SSIDataGet</a>&nbsp;&nbsp;&nbsp;&rArr;&nbsp;&nbsp;&nbsp;<a href="#[21b02a8]">SSIDataGet</a><BR>
 <LI><a href="#[21afeac]">NmiSR</a>&nbsp;&nbsp;&nbsp;&rArr;&nbsp;&nbsp;&nbsp;<a href="#[21afeac]">NmiSR</a><BR>
 <LI><a href="#[21afe70]">FaultISR</a>&nbsp;&nbsp;&nbsp;&rArr;&nbsp;&nbsp;&nbsp;<a href="#[21afe70]">FaultISR</a><BR>
 <LI><a href="#[21afe34]">IntDefaultHandler</a>&nbsp;&nbsp;&nbsp;&rArr;&nbsp;&nbsp;&nbsp;<a href="#[21afe34]">IntDefaultHandler</a><BR>
</UL>
<P>
<H3>
Function Pointers
</H3><UL>
 <LI><a href="#[21afccc]">Reset_Handler</a>
 <LI><a href="#[21afeac]">NmiSR</a>
 <LI><a href="#[21afe70]">FaultISR</a>
 <LI><a href="#[21afe34]">IntDefaultHandler</a>
 <LI><a href="#[21afe34]">IntDefaultHandler</a>
 <LI><a href="#[21afe34]">IntDefaultHandler</a>
 <LI><a href="#[21afe34]">IntDefaultHandler</a>
 <LI><a href="#[21afe34]">IntDefaultHandler</a>
 <LI><a href="#[21afe34]">IntDefaultHandler</a>
 <LI><a href="#[21afe34]">IntDefaultHandler</a>
 <LI><a href="#[21afe34]">IntDefaultHandler</a>
 <LI><a href="#[21afe34]">IntDefaultHandler</a>
 <LI><a href="#[21afe34]">IntDefaultHandler</a>
 <LI><a href="#[21afe34]">IntDefaultHandler</a>
 <LI><a href="#[21afe34]">IntDefaultHandler</a>
 <LI><a href="#[21afe34]">IntDefaultHandler</a>
 <LI><a href="#[21afe34]">IntDefaultHandler</a>
 <LI><a href="#[21afe34]">IntDefaultHandler</a>
 <LI><a href="#[21afe34]">IntDefaultHandler</a>
 <LI><a href="#[21afe34]">IntDefaultHandler</a>
 <LI><a href="#[21afe34]">IntDefaultHandler</a>
 <LI><a href="#[21afe34]">IntDefaultHandler</a>
 <LI><a href="#[21afe34]">IntDefaultHandler</a>
 <LI><a href="#[21afe34]">IntDefaultHandler</a>
 <LI><a href="#[21afe34]">IntDefaultHandler</a>
 <LI><a href="#[21afe34]">IntDefaultHandler</a>
 <LI><a href="#[21afe34]">IntDefaultHandler</a>
 <LI><a href="#[21afe34]">IntDefaultHandler</a>
 <LI><a href="#[21afe34]">IntDefaultHandler</a>
 <LI><a href="#[21afe34]">IntDefaultHandler</a>
 <LI><a href="#[21afe34]">IntDefaultHandler</a>
 <LI><a href="#[21afe34]">IntDefaultHandler</a>
 <LI><a href="#[21afe34]">IntDefaultHandler</a>
 <LI><a href="#[21afe34]">IntDefaultHandler</a>
 <LI><a href="#[21afe34]">IntDefaultHandler</a>
 <LI><a href="#[21afe34]">IntDefaultHandler</a>
 <LI><a href="#[21afe34]">IntDefaultHandler</a>
 <LI><a href="#[21afe34]">IntDefaultHandler</a>
 <LI><a href="#[21afe34]">IntDefaultHandler</a>
 <LI><a href="#[21afe34]">IntDefaultHandler</a>
 <LI><a href="#[21afe34]">IntDefaultHandler</a>
 <LI><a href="#[21afe34]">IntDefaultHandler</a>
 <LI><a href="#[21afe34]">IntDefaultHandler</a>
 <LI><a href="#[21afe34]">IntDefaultHandler</a>
 <LI><a href="#[21afe34]">IntDefaultHandler</a>
 <LI><a href="#[21afe34]">IntDefaultHandler</a>
 <LI><a href="#[21afe34]">IntDefaultHandler</a>
 <LI><a href="#[21afe34]">IntDefaultHandler</a>
 <LI><a href="#[21afe34]">IntDefaultHandler</a>
 <LI><a href="#[21afe34]">IntDefaultHandler</a>
 <LI><a href="#[21afe34]">IntDefaultHandler</a>
 <LI><a href="#[21afe34]">IntDefaultHandler</a>
 <LI><a href="#[21afe34]">IntDefaultHandler</a>
 <LI><a href="#[21afe34]">IntDefaultHandler</a>
 <LI><a href="#[21b116c]">main</a>
</UL>
<P>
<H3>
Global Symbols
</H3>
<P><STRONG><a name="[21afccc]"></a>Reset_Handler</STRONG> (Thumb, 0 bytes, Stack size unknown bytes, startup_rvmdk.o(RESET))
<BR><BR>[Calls]<UL><LI><a href="#[226761c]">&gt;&gt;</a>&nbsp;&nbsp;&nbsp;__main
</UL>

<P><STRONG><a name="[226761c]"></a>__main</STRONG> (Thumb, 0 bytes, Stack size unknown bytes, entry.o(.ARM.Collect$$$$00000000))
<BR><BR>[Calls]<UL><LI><a href="#[2267040]">&gt;&gt;</a>&nbsp;&nbsp;&nbsp;__scatterload
</UL>
<BR>[Called By]<UL><LI><a href="#[21afccc]">&gt;&gt;</a>&nbsp;&nbsp;&nbsp;Reset_Handler
</UL>

<P><STRONG><a name="[22675e0]"></a>__main_after_scatterload</STRONG> (Thumb, 0 bytes, Stack size unknown bytes, entry.o(.ARM.Collect$$$$00000000))
<BR><BR>[Called By]<UL><LI><a href="#[2267040]">&gt;&gt;</a>&nbsp;&nbsp;&nbsp;__scatterload
</UL>

<P><STRONG><a name="[2267298]"></a>_main_stk</STRONG> (Thumb, 0 bytes, Stack size unknown bytes, entry2.o(.ARM.Collect$$$$00000001))

<P><STRONG><a name="[226716c]"></a>_main_init</STRONG> (Thumb, 0 bytes, Stack size unknown bytes, entry6.o(.ARM.Collect$$$$00000006))

<P><STRONG><a name="[21a5448]"></a>SysCtlDelay</STRONG> (Thumb, 6 bytes, Stack size 0 bytes, sysctl.o(.emb_text))
<BR><BR>[Calls]<UL><LI><a href="#[21a5448]">&gt;&gt;</a>&nbsp;&nbsp;&nbsp;SysCtlDelay
</UL>
<BR>[Called By]<UL><LI><a href="#[21a5448]">&gt;&gt;</a>&nbsp;&nbsp;&nbsp;SysCtlDelay
<LI><a href="#[21b107c]">&gt;&gt;</a>&nbsp;&nbsp;&nbsp;SysCtlClockSet
</UL>

<P><STRONG><a name="[21b116c]"></a>main</STRONG> (Thumb, 98 bytes, Stack size 24 bytes, graphics.o(.text))
<BR><BR>[Stack]<UL><LI>Max Depth = 120<LI>Call Chain = main &rArr; RIT128x96x4Init &rArr; RIT128x96x4Clear &rArr; RITWriteCommand
</UL>
<BR>[Calls]<UL><LI><a href="#[21b107c]">&gt;&gt;</a>&nbsp;&nbsp;&nbsp;SysCtlClockSet
<LI><a href="#[21b10b8]">&gt;&gt;</a>&nbsp;&nbsp;&nbsp;RIT128x96x4StringDraw
<LI><a href="#[21b10f4]">&gt;&gt;</a>&nbsp;&nbsp;&nbsp;RIT128x96x4Init
<LI><a href="#[21b1130]">&gt;&gt;</a>&nbsp;&nbsp;&nbsp;RIT128x96x4ImageDraw
</UL>
<BR>[Address Reference Count : 1]<UL><LI> entry6.o(.ARM.Collect$$$$00000006)
</UL>
<P><STRONG><a name="[21b0500]"></a>RIT128x96x4Clear</STRONG> (Thumb, 108 bytes, Stack size 32 bytes, rit128x96x4.o(.text))
<BR><BR>[Stack]<UL><LI>Max Depth = 56<LI>Call Chain = RIT128x96x4Clear &rArr; RITWriteCommand
</UL>
<BR>[Calls]<UL><LI><a href="#[21b0230]">&gt;&gt;</a>&nbsp;&nbsp;&nbsp;SSIDataPut
<LI><a href="#[21b02a8]">&gt;&gt;</a>&nbsp;&nbsp;&nbsp;SSIDataGet
<LI><a href="#[21b0320]">&gt;&gt;</a>&nbsp;&nbsp;&nbsp;GPIOPinWrite
<LI><a href="#[21b0b18]">&gt;&gt;</a>&nbsp;&nbsp;&nbsp;RITWriteCommand
</UL>
<BR>[Called By]<UL><LI><a href="#[21b10f4]">&gt;&gt;</a>&nbsp;&nbsp;&nbsp;RIT128x96x4Init
</UL>

<P><STRONG><a name="[21b10b8]"></a>RIT128x96x4StringDraw</STRONG> (Thumb, 246 bytes, Stack size 40 bytes, rit128x96x4.o(.text))
<BR><BR>[Stack]<UL><LI>Max Depth = 64<LI>Call Chain = RIT128x96x4StringDraw &rArr; RITWriteCommand
</UL>
<BR>[Calls]<UL><LI><a href="#[21b0230]">&gt;&gt;</a>&nbsp;&nbsp;&nbsp;SSIDataPut
<LI><a href="#[21b02a8]">&gt;&gt;</a>&nbsp;&nbsp;&nbsp;SSIDataGet
<LI><a href="#[21b0320]">&gt;&gt;</a>&nbsp;&nbsp;&nbsp;GPIOPinWrite
<LI><a href="#[21b0b18]">&gt;&gt;</a>&nbsp;&nbsp;&nbsp;RITWriteCommand
</UL>
<BR>[Called By]<UL><LI><a href="#[21b116c]">&gt;&gt;</a>&nbsp;&nbsp;&nbsp;main
</UL>

<P><STRONG><a name="[21b1130]"></a>RIT128x96x4ImageDraw</STRONG> (Thumb, 146 bytes, Stack size 40 bytes, rit128x96x4.o(.text))
<BR><BR>[Stack]<UL><LI>Max Depth = 64<LI>Call Chain = RIT128x96x4ImageDraw &rArr; RITWriteCommand
</UL>
<BR>[Calls]<UL><LI><a href="#[21b0230]">&gt;&gt;</a>&nbsp;&nbsp;&nbsp;SSIDataPut
<LI><a href="#[21b02a8]">&gt;&gt;</a>&nbsp;&nbsp;&nbsp;SSIDataGet
<LI><a href="#[21b0320]">&gt;&gt;</a>&nbsp;&nbsp;&nbsp;GPIOPinWrite
<LI><a href="#[21b0b18]">&gt;&gt;</a>&nbsp;&nbsp;&nbsp;RITWriteCommand
</UL>
<BR>[Called By]<UL><LI><a href="#[21b116c]">&gt;&gt;</a>&nbsp;&nbsp;&nbsp;main
</UL>

<P><STRONG><a name="[21b04c4]"></a>RIT128x96x4Enable</STRONG> (Thumb, 88 bytes, Stack size 24 bytes, rit128x96x4.o(.text), UNUSED)
<BR><BR>[Calls]<UL><LI><a href="#[21b017c]">&gt;&gt;</a>&nbsp;&nbsp;&nbsp;SysCtlClockGet
<LI><a href="#[21b01b8]">&gt;&gt;</a>&nbsp;&nbsp;&nbsp;SSIEnable
<LI><a href="#[21b01f4]">&gt;&gt;</a>&nbsp;&nbsp;&nbsp;SSIDisable
<LI><a href="#[21b026c]">&gt;&gt;</a>&nbsp;&nbsp;&nbsp;SSIDataGetNonBlocking
<LI><a href="#[21b02e4]">&gt;&gt;</a>&nbsp;&nbsp;&nbsp;SSIConfigSetExpClk
<LI><a href="#[21b035c]">&gt;&gt;</a>&nbsp;&nbsp;&nbsp;GPIOPinTypeSSI
<LI><a href="#[21b03d4]">&gt;&gt;</a>&nbsp;&nbsp;&nbsp;GPIOPadConfigSet
</UL>

<P><STRONG><a name="[21b0488]"></a>RIT128x96x4Disable</STRONG> (Thumb, 66 bytes, Stack size 16 bytes, rit128x96x4.o(.text), UNUSED)
<BR><BR>[Calls]<UL><LI><a href="#[21b01f4]">&gt;&gt;</a>&nbsp;&nbsp;&nbsp;SSIDisable
<LI><a href="#[21b026c]">&gt;&gt;</a>&nbsp;&nbsp;&nbsp;SSIDataGetNonBlocking
<LI><a href="#[21b0320]">&gt;&gt;</a>&nbsp;&nbsp;&nbsp;GPIOPinWrite
<LI><a href="#[21b0398]">&gt;&gt;</a>&nbsp;&nbsp;&nbsp;GPIOPinTypeGPIOOutput
<LI><a href="#[21b03d4]">&gt;&gt;</a>&nbsp;&nbsp;&nbsp;GPIOPadConfigSet
</UL>

<P><STRONG><a name="[21b10f4]"></a>RIT128x96x4Init</STRONG> (Thumb, 252 bytes, Stack size 40 bytes, rit128x96x4.o(.text))
<BR><BR>[Stack]<UL><LI>Max Depth = 96<LI>Call Chain = RIT128x96x4Init &rArr; RIT128x96x4Clear &rArr; RITWriteCommand
</UL>
<BR>[Calls]<UL><LI><a href="#[21b0140]">&gt;&gt;</a>&nbsp;&nbsp;&nbsp;SysCtlPeripheralEnable
<LI><a href="#[21b017c]">&gt;&gt;</a>&nbsp;&nbsp;&nbsp;SysCtlClockGet
<LI><a href="#[21b01b8]">&gt;&gt;</a>&nbsp;&nbsp;&nbsp;SSIEnable
<LI><a href="#[21b01f4]">&gt;&gt;</a>&nbsp;&nbsp;&nbsp;SSIDisable
<LI><a href="#[21b0230]">&gt;&gt;</a>&nbsp;&nbsp;&nbsp;SSIDataPut
<LI><a href="#[21b026c]">&gt;&gt;</a>&nbsp;&nbsp;&nbsp;SSIDataGetNonBlocking
<LI><a href="#[21b02a8]">&gt;&gt;</a>&nbsp;&nbsp;&nbsp;SSIDataGet
<LI><a href="#[21b02e4]">&gt;&gt;</a>&nbsp;&nbsp;&nbsp;SSIConfigSetExpClk
<LI><a href="#[21b0320]">&gt;&gt;</a>&nbsp;&nbsp;&nbsp;GPIOPinWrite
<LI><a href="#[21b035c]">&gt;&gt;</a>&nbsp;&nbsp;&nbsp;GPIOPinTypeSSI
<LI><a href="#[21b0398]">&gt;&gt;</a>&nbsp;&nbsp;&nbsp;GPIOPinTypeGPIOOutput
<LI><a href="#[21b03d4]">&gt;&gt;</a>&nbsp;&nbsp;&nbsp;GPIOPadConfigSet
<LI><a href="#[21b0500]">&gt;&gt;</a>&nbsp;&nbsp;&nbsp;RIT128x96x4Clear
</UL>
<BR>[Called By]<UL><LI><a href="#[21b116c]">&gt;&gt;</a>&nbsp;&nbsp;&nbsp;main
</UL>

<P><STRONG><a name="[21b044c]"></a>RIT128x96x4DisplayOn</STRONG> (Thumb, 86 bytes, Stack size 32 bytes, rit128x96x4.o(.text), UNUSED)
<BR><BR>[Calls]<UL><LI><a href="#[21b0230]">&gt;&gt;</a>&nbsp;&nbsp;&nbsp;SSIDataPut
<LI><a href="#[21b02a8]">&gt;&gt;</a>&nbsp;&nbsp;&nbsp;SSIDataGet
<LI><a href="#[21b0320]">&gt;&gt;</a>&nbsp;&nbsp;&nbsp;GPIOPinWrite
</UL>

<P><STRONG><a name="[21b0410]"></a>RIT128x96x4DisplayOff</STRONG> (Thumb, 56 bytes, Stack size 0 bytes, rit128x96x4.o(.text), UNUSED)
<BR><BR>[Calls]<UL><LI><a href="#[21b0b18]">&gt;&gt;</a>&nbsp;&nbsp;&nbsp;RITWriteCommand
</UL>

<P><STRONG><a name="[2267040]"></a>__scatterload</STRONG> (Thumb, 28 bytes, Stack size 0 bytes, init.o(.text))
<BR><BR>[Calls]<UL><LI><a href="#[22675e0]">&gt;&gt;</a>&nbsp;&nbsp;&nbsp;__main_after_scatterload
</UL>
<BR>[Called By]<UL><LI><a href="#[226761c]">&gt;&gt;</a>&nbsp;&nbsp;&nbsp;__main
</UL>

<P><STRONG><a name="[2267004]"></a>__scatterload_rt2</STRONG> (Thumb, 0 bytes, Stack size 0 bytes, init.o(.text), UNUSED)

<P><STRONG><a name="[2266b18]"></a>__decompress</STRONG> (Thumb, 0 bytes, Stack size unknown bytes, __dclz77c.o(.text), UNUSED)

<P><STRONG><a name="[2266adc]"></a>__decompress2</STRONG> (Thumb, 94 bytes, Stack size unknown bytes, __dclz77c.o(.text), UNUSED)

<P><STRONG><a name="[21ac414]"></a>GPIODirModeSet</STRONG> (Thumb, 40 bytes, Stack size 0 bytes, gpio.o(i.GPIODirModeSet))
<BR><BR>[Called By]<UL><LI><a href="#[21b035c]">&gt;&gt;</a>&nbsp;&nbsp;&nbsp;GPIOPinTypeSSI
<LI><a href="#[21b0398]">&gt;&gt;</a>&nbsp;&nbsp;&nbsp;GPIOPinTypeGPIOOutput
</UL>

<P><STRONG><a name="[21b03d4]"></a>GPIOPadConfigSet</STRONG> (Thumb, 176 bytes, Stack size 0 bytes, gpio.o(i.GPIOPadConfigSet))
<BR><BR>[Called By]<UL><LI><a href="#[21b035c]">&gt;&gt;</a>&nbsp;&nbsp;&nbsp;GPIOPinTypeSSI
<LI><a href="#[21b0398]">&gt;&gt;</a>&nbsp;&nbsp;&nbsp;GPIOPinTypeGPIOOutput
<LI><a href="#[21b0488]">&gt;&gt;</a>&nbsp;&nbsp;&nbsp;RIT128x96x4Disable
<LI><a href="#[21b04c4]">&gt;&gt;</a>&nbsp;&nbsp;&nbsp;RIT128x96x4Enable
<LI><a href="#[21b10f4]">&gt;&gt;</a>&nbsp;&nbsp;&nbsp;RIT128x96x4Init
</UL>

<P><STRONG><a name="[21b0398]"></a>GPIOPinTypeGPIOOutput</STRONG> (Thumb, 28 bytes, Stack size 12 bytes, gpio.o(i.GPIOPinTypeGPIOOutput))
<BR><BR>[Stack]<UL><LI>Max Depth = 12<LI>Call Chain = GPIOPinTypeGPIOOutput
</UL>
<BR>[Calls]<UL><LI><a href="#[21ac414]">&gt;&gt;</a>&nbsp;&nbsp;&nbsp;GPIODirModeSet
<LI><a href="#[21b03d4]">&gt;&gt;</a>&nbsp;&nbsp;&nbsp;GPIOPadConfigSet
</UL>
<BR>[Called By]<UL><LI><a href="#[21b0488]">&gt;&gt;</a>&nbsp;&nbsp;&nbsp;RIT128x96x4Disable
<LI><a href="#[21b10f4]">&gt;&gt;</a>&nbsp;&nbsp;&nbsp;RIT128x96x4Init
</UL>

<P><STRONG><a name="[21b035c]"></a>GPIOPinTypeSSI</STRONG> (Thumb, 28 bytes, Stack size 12 bytes, gpio.o(i.GPIOPinTypeSSI))
<BR><BR>[Stack]<UL><LI>Max Depth = 12<LI>Call Chain = GPIOPinTypeSSI
</UL>
<BR>[Calls]<UL><LI><a href="#[21ac414]">&gt;&gt;</a>&nbsp;&nbsp;&nbsp;GPIODirModeSet
<LI><a href="#[21b03d4]">&gt;&gt;</a>&nbsp;&nbsp;&nbsp;GPIOPadConfigSet
</UL>
<BR>[Called By]<UL><LI><a href="#[21b04c4]">&gt;&gt;</a>&nbsp;&nbsp;&nbsp;RIT128x96x4Enable
<LI><a href="#[21b10f4]">&gt;&gt;</a>&nbsp;&nbsp;&nbsp;RIT128x96x4Init
</UL>

<P><STRONG><a name="[21b0320]"></a>GPIOPinWrite</STRONG> (Thumb, 6 bytes, Stack size 0 bytes, gpio.o(i.GPIOPinWrite))
<BR><BR>[Called By]<UL><LI><a href="#[21b044c]">&gt;&gt;</a>&nbsp;&nbsp;&nbsp;RIT128x96x4DisplayOn
<LI><a href="#[21b0488]">&gt;&gt;</a>&nbsp;&nbsp;&nbsp;RIT128x96x4Disable
<LI><a href="#[21b0500]">&gt;&gt;</a>&nbsp;&nbsp;&nbsp;RIT128x96x4Clear
<LI><a href="#[21b0b18]">&gt;&gt;</a>&nbsp;&nbsp;&nbsp;RITWriteCommand
<LI><a href="#[21b10b8]">&gt;&gt;</a>&nbsp;&nbsp;&nbsp;RIT128x96x4StringDraw
<LI><a href="#[21b10f4]">&gt;&gt;</a>&nbsp;&nbsp;&nbsp;RIT128x96x4Init
<LI><a href="#[21b1130]">&gt;&gt;</a>&nbsp;&nbsp;&nbsp;RIT128x96x4ImageDraw
</UL>

<P><STRONG><a name="[21b02e4]"></a>SSIConfigSetExpClk</STRONG> (Thumb, 74 bytes, Stack size 8 bytes, ssi.o(i.SSIConfigSetExpClk))
<BR><BR>[Stack]<UL><LI>Max Depth = 8<LI>Call Chain = SSIConfigSetExpClk
</UL>
<BR>[Called By]<UL><LI><a href="#[21b04c4]">&gt;&gt;</a>&nbsp;&nbsp;&nbsp;RIT128x96x4Enable
<LI><a href="#[21b10f4]">&gt;&gt;</a>&nbsp;&nbsp;&nbsp;RIT128x96x4Init
</UL>

<P><STRONG><a name="[21b02a8]"></a>SSIDataGet</STRONG> (Thumb, 14 bytes, Stack size 0 bytes, ssi.o(i.SSIDataGet))
<BR><BR>[Calls]<UL><LI><a href="#[21b02a8]">&gt;&gt;</a>&nbsp;&nbsp;&nbsp;SSIDataGet
</UL>
<BR>[Called By]<UL><LI><a href="#[21b02a8]">&gt;&gt;</a>&nbsp;&nbsp;&nbsp;SSIDataGet
<LI><a href="#[21b044c]">&gt;&gt;</a>&nbsp;&nbsp;&nbsp;RIT128x96x4DisplayOn
<LI><a href="#[21b0500]">&gt;&gt;</a>&nbsp;&nbsp;&nbsp;RIT128x96x4Clear
<LI><a href="#[21b0b18]">&gt;&gt;</a>&nbsp;&nbsp;&nbsp;RITWriteCommand
<LI><a href="#[21b10b8]">&gt;&gt;</a>&nbsp;&nbsp;&nbsp;RIT128x96x4StringDraw
<LI><a href="#[21b10f4]">&gt;&gt;</a>&nbsp;&nbsp;&nbsp;RIT128x96x4Init
<LI><a href="#[21b1130]">&gt;&gt;</a>&nbsp;&nbsp;&nbsp;RIT128x96x4ImageDraw
</UL>

<P><STRONG><a name="[21b026c]"></a>SSIDataGetNonBlocking</STRONG> (Thumb, 18 bytes, Stack size 0 bytes, ssi.o(i.SSIDataGetNonBlocking))
<BR><BR>[Called By]<UL><LI><a href="#[21b0488]">&gt;&gt;</a>&nbsp;&nbsp;&nbsp;RIT128x96x4Disable
<LI><a href="#[21b04c4]">&gt;&gt;</a>&nbsp;&nbsp;&nbsp;RIT128x96x4Enable
<LI><a href="#[21b10f4]">&gt;&gt;</a>&nbsp;&nbsp;&nbsp;RIT128x96x4Init
</UL>

<P><STRONG><a name="[21b0230]"></a>SSIDataPut</STRONG> (Thumb, 12 bytes, Stack size 0 bytes, ssi.o(i.SSIDataPut))
<BR><BR>[Calls]<UL><LI><a href="#[21b0230]">&gt;&gt;</a>&nbsp;&nbsp;&nbsp;SSIDataPut
</UL>
<BR>[Called By]<UL><LI><a href="#[21b0230]">&gt;&gt;</a>&nbsp;&nbsp;&nbsp;SSIDataPut
<LI><a href="#[21b044c]">&gt;&gt;</a>&nbsp;&nbsp;&nbsp;RIT128x96x4DisplayOn
<LI><a href="#[21b0500]">&gt;&gt;</a>&nbsp;&nbsp;&nbsp;RIT128x96x4Clear
<LI><a href="#[21b0b18]">&gt;&gt;</a>&nbsp;&nbsp;&nbsp;RITWriteCommand
<LI><a href="#[21b10b8]">&gt;&gt;</a>&nbsp;&nbsp;&nbsp;RIT128x96x4StringDraw
<LI><a href="#[21b10f4]">&gt;&gt;</a>&nbsp;&nbsp;&nbsp;RIT128x96x4Init
<LI><a href="#[21b1130]">&gt;&gt;</a>&nbsp;&nbsp;&nbsp;RIT128x96x4ImageDraw
</UL>

<P><STRONG><a name="[21b01f4]"></a>SSIDisable</STRONG> (Thumb, 10 bytes, Stack size 0 bytes, ssi.o(i.SSIDisable))
<BR><BR>[Called By]<UL><LI><a href="#[21b0488]">&gt;&gt;</a>&nbsp;&nbsp;&nbsp;RIT128x96x4Disable
<LI><a href="#[21b04c4]">&gt;&gt;</a>&nbsp;&nbsp;&nbsp;RIT128x96x4Enable
<LI><a href="#[21b10f4]">&gt;&gt;</a>&nbsp;&nbsp;&nbsp;RIT128x96x4Init
</UL>

<P><STRONG><a name="[21b01b8]"></a>SSIEnable</STRONG> (Thumb, 10 bytes, Stack size 0 bytes, ssi.o(i.SSIEnable))
<BR><BR>[Called By]<UL><LI><a href="#[21b04c4]">&gt;&gt;</a>&nbsp;&nbsp;&nbsp;RIT128x96x4Enable
<LI><a href="#[21b10f4]">&gt;&gt;</a>&nbsp;&nbsp;&nbsp;RIT128x96x4Init
</UL>

<P><STRONG><a name="[21b017c]"></a>SysCtlClockGet</STRONG> (Thumb, 292 bytes, Stack size 8 bytes, sysctl.o(i.SysCtlClockGet))
<BR><BR>[Stack]<UL><LI>Max Depth = 8<LI>Call Chain = SysCtlClockGet
</UL>
<BR>[Called By]<UL><LI><a href="#[21b04c4]">&gt;&gt;</a>&nbsp;&nbsp;&nbsp;RIT128x96x4Enable
<LI><a href="#[21b10f4]">&gt;&gt;</a>&nbsp;&nbsp;&nbsp;RIT128x96x4Init
</UL>

<P><STRONG><a name="[21b107c]"></a>SysCtlClockSet</STRONG> (Thumb, 290 bytes, Stack size 24 bytes, sysctl.o(i.SysCtlClockSet))
<BR><BR>[Stack]<UL><LI>Max Depth = 24<LI>Call Chain = SysCtlClockSet
</UL>
<BR>[Calls]<UL><LI><a href="#[21a5448]">&gt;&gt;</a>&nbsp;&nbsp;&nbsp;SysCtlDelay
</UL>
<BR>[Called By]<UL><LI><a href="#[21b116c]">&gt;&gt;</a>&nbsp;&nbsp;&nbsp;main
</UL>

<P><STRONG><a name="[21b0140]"></a>SysCtlPeripheralEnable</STRONG> (Thumb, 26 bytes, Stack size 0 bytes, sysctl.o(i.SysCtlPeripheralEnable))
<BR><BR>[Called By]<UL><LI><a href="#[21b10f4]">&gt;&gt;</a>&nbsp;&nbsp;&nbsp;RIT128x96x4Init
</UL>

<P><STRONG><a name="[2266c80]"></a>__scatterload_copy</STRONG> (Thumb, 14 bytes, Stack size unknown bytes, handlers.o(i.__scatterload_copy), UNUSED)

<P><STRONG><a name="[2266c44]"></a>__scatterload_null</STRONG> (Thumb, 2 bytes, Stack size unknown bytes, handlers.o(i.__scatterload_null), UNUSED)

<P><STRONG><a name="[2266c08]"></a>__scatterload_zeroinit</STRONG> (Thumb, 14 bytes, Stack size unknown bytes, handlers.o(i.__scatterload_zeroinit), UNUSED)
<P>
<H3>
Local Symbols
</H3>
<P><STRONG><a name="[21b0b18]"></a>RITWriteCommand</STRONG> (Thumb, 60 bytes, Stack size 24 bytes, rit128x96x4.o(.text))
<BR><BR>[Stack]<UL><LI>Max Depth = 24<LI>Call Chain = RITWriteCommand
</UL>
<BR>[Calls]<UL><LI><a href="#[21b0230]">&gt;&gt;</a>&nbsp;&nbsp;&nbsp;SSIDataPut
<LI><a href="#[21b02a8]">&gt;&gt;</a>&nbsp;&nbsp;&nbsp;SSIDataGet
<LI><a href="#[21b0320]">&gt;&gt;</a>&nbsp;&nbsp;&nbsp;GPIOPinWrite
</UL>
<BR>[Called By]<UL><LI><a href="#[21b0410]">&gt;&gt;</a>&nbsp;&nbsp;&nbsp;RIT128x96x4DisplayOff
<LI><a href="#[21b0500]">&gt;&gt;</a>&nbsp;&nbsp;&nbsp;RIT128x96x4Clear
<LI><a href="#[21b10b8]">&gt;&gt;</a>&nbsp;&nbsp;&nbsp;RIT128x96x4StringDraw
<LI><a href="#[21b1130]">&gt;&gt;</a>&nbsp;&nbsp;&nbsp;RIT128x96x4ImageDraw
</UL>

<P><STRONG><a name="[21afeac]"></a>NmiSR</STRONG> (Thumb, 0 bytes, Stack size unknown bytes, startup_rvmdk.o(RESET))
<BR><BR>[Calls]<UL><LI><a href="#[21afeac]">&gt;&gt;</a>&nbsp;&nbsp;&nbsp;NmiSR
</UL>
<BR>[Called By]<UL><LI><a href="#[21afeac]">&gt;&gt;</a>&nbsp;&nbsp;&nbsp;NmiSR
</UL>
<BR>[Address Reference Count : 1]<UL><LI> startup_rvmdk.o(RESET)
</UL>
<P><STRONG><a name="[21afe70]"></a>FaultISR</STRONG> (Thumb, 0 bytes, Stack size unknown bytes, startup_rvmdk.o(RESET))
<BR><BR>[Calls]<UL><LI><a href="#[21afe70]">&gt;&gt;</a>&nbsp;&nbsp;&nbsp;FaultISR
</UL>
<BR>[Called By]<UL><LI><a href="#[21afe70]">&gt;&gt;</a>&nbsp;&nbsp;&nbsp;FaultISR
</UL>
<BR>[Address Reference Count : 1]<UL><LI> startup_rvmdk.o(RESET)
</UL>
<P><STRONG><a name="[21afe34]"></a>IntDefaultHandler</STRONG> (Thumb, 0 bytes, Stack size unknown bytes, startup_rvmdk.o(RESET))
<BR><BR>[Calls]<UL><LI><a href="#[21afe34]">&gt;&gt;</a>&nbsp;&nbsp;&nbsp;IntDefaultHandler
</UL>
<BR>[Called By]<UL><LI><a href="#[21afe34]">&gt;&gt;</a>&nbsp;&nbsp;&nbsp;IntDefaultHandler
</UL>
<BR>[Address Reference Count : 1]<UL><LI> startup_rvmdk.o(RESET)
</UL><P>
<H3>
Undefined Global Symbols
</H3><HR></body></html>
