<html>
<body>
<pre>
<h1>µVision3 Build Log</h1>
<h2>Project:</h2>
C:\StellarisWare\boards\ek-lm3s8962\graphics\graphics.uv2
Project File Date:  01/03/2021

<h2>Output:</h2>
Build target 'graphics'
compiling graphics.c...
compiling rit128x96x4.c...
assembling startup_rvmdk.S...
linking...
Program Size: Code=2762 RO-data=762 RW-data=3608 ZI-data=320  
User command #1: fromelf --bin --output .\rvmdk\graphics.bin .\rvmdk\graphics.axf
".\rvmdk\graphics.axf" - 0 Error(s), 0 Warning(s).
Load "C:\\StellarisWare\\boards\\ek-lm3s8962\\graphics\\rvmdk\\graphics.AXF" 
Connecting: Mode=JTAG, Speed=1000000Hz
Erase Done.
Programming Done.
Verify OK.
