<html>
<body>
<pre>
<h1>µVision3 Build Log</h1>
<h2>Project:</h2>
C:\StellarisWare\boards\ek-lm3s8962\aes_set_key\aes_set_key.uv2
Project File Date:  01/03/2021

<h2>Output:</h2>
Build target 'aes_set_key'
compiling aes.c...
compiling aes_set_key.c...
compiling rit128x96x4.c...
assembling startup_rvmdk.S...
linking...
Program Size: Code=5036 RO-data=3392 RW-data=12 ZI-data=1204  
User command #1: fromelf --bin --output .\rvmdk\aes_set_key.bin .\rvmdk\aes_set_key.axf
".\rvmdk\aes_set_key.axf" - 0 Error(s), 0 Warning(s).
Load "C:\\StellarisWare\\boards\\ek-lm3s8962\\aes_set_key\\rvmdk\\aes_set_key.AXF" 
Connecting: Mode=JTAG, Speed=1000000Hz
Erase Done.
Programming Done.
Verify OK.
</pre>
</body>
</html>
