<html>
<body>
<pre>
<h1>µVision3 Build Log</h1>
<h2>Project:</h2>
G:\Git\CanBusPower\boards\ek-lm3s8962\LCD19264\LCDDriver.uv2
Project File Date:  02/07/2021

<h2>Output:</h2>
Load "G:\\Git\\CanBusPower\\boards\\ek-lm3s8962\\LCD19264\\LCDDriver.AXF" 
Connecting: Mode=JTAG, Speed=1000000Hz
Erase Done.
Programming Done.
Verify OK.
Build target 'LCDDriver19264'
assembling Startup.s...
compiling LCD19264.c...
linking...
Program Size: Code=3148 RO-data=188 RW-data=216 ZI-data=352  
"LCDDriver.axf" - 0 Error(s), 0 Warning(s).
Build target 'LCDDriver19264'
assembling Startup.s...
compiling LCD19264.c...
linking...
Program Size: Code=3148 RO-data=188 RW-data=216 ZI-data=352  
"LCDDriver.axf" - 0 Error(s), 0 Warning(s).
Load "G:\\Git\\CanBusPower\\boards\\ek-lm3s8962\\LCD19264\\LCDDriver.AXF" 
Connecting: Mode=JTAG, Speed=1000000Hz
Erase Done.
Programming Done.
Verify OK.
Build target 'LCDDriver19264'
assembling Startup.s...
compiling LCD19264.c...
linking...
Program Size: Code=3164 RO-data=188 RW-data=216 ZI-data=352  
"LCDDriver.axf" - 0 Error(s), 0 Warning(s).
Load "G:\\Git\\CanBusPower\\boards\\ek-lm3s8962\\LCD19264\\LCDDriver.AXF" 
Connecting: Mode=JTAG, Speed=1000000Hz
Erase Done.
Programming Done.
Verify OK.
