<html>
<body>
<pre>
<h1>µVision3 Build Log</h1>
<h2>Project:</h2>
G:\Shared-Workspace4Develop\boards\ek-lm3s8962\LCD19264\LCDDriver.uv2
Project File Date:  01/17/2021

<h2>Output:</h2>
compiling LCD19264.c...
LCD19264.c - 0 Error(s), 0 Warning(s).
Build Project 'LCDDriver' - Target 'LCDDriver19264'
linking...
Program Size: Code=2780 RO-data=188 RW-data=216 ZI-data=352  
"LCDDriver.axf" - 0 Error(s), 0 Warning(s).
Build Project 'LCDDriver' - Target 'LCDDriver19264'
assembling Startup.s...
compiling LCD19264.c...
linking...
Program Size: Code=2780 RO-data=188 RW-data=216 ZI-data=352  
"LCDDriver.axf" - 0 Error(s), 0 Warning(s).
Load "G:\\Shared-Workspace4Develop\\boards\\ek-lm3s8962\\LCD19264\\LCDDriver.AXF" 
Connecting: Mode=JTAG, Speed=1000000Hz
Erase Done.
Programming Done.
Verify OK.
Build Project 'LCDDriver' - Target 'LCDDriver19264'
assembling Startup.s...
compiling LCD19264.c...
linking...
Program Size: Code=2780 RO-data=188 RW-data=216 ZI-data=352  
"LCDDriver.axf" - 0 Error(s), 0 Warning(s).
Load "G:\\Shared-Workspace4Develop\\boards\\ek-lm3s8962\\LCD19264\\LCDDriver.AXF" 
Connecting: Mode=JTAG, Speed=1000000Hz
Erase Done.
Programming Done.
Verify OK.
Build Project 'LCDDriver' - Target 'LCDDriver19264'
assembling Startup.s...
compiling LCD19264.c...
linking...
Program Size: Code=2784 RO-data=188 RW-data=216 ZI-data=352  
"LCDDriver.axf" - 0 Error(s), 0 Warning(s).
Load "G:\\Shared-Workspace4Develop\\boards\\ek-lm3s8962\\LCD19264\\LCDDriver.AXF" 
Connecting: Mode=JTAG, Speed=1000000Hz
Erase Done.
Programming Done.
Verify OK.
Build Project 'LCDDriver' - Target 'LCDDriver19264'
assembling Startup.s...
compiling LCD19264.c...
linking...
Program Size: Code=2784 RO-data=188 RW-data=216 ZI-data=352  
"LCDDriver.axf" - 0 Error(s), 0 Warning(s).
Load "G:\\Shared-Workspace4Develop\\boards\\ek-lm3s8962\\LCD19264\\LCDDriver.AXF" 
Connecting: Mode=JTAG, Speed=1000000Hz
Erase Done.
Programming Done.
Verify OK.
Load "G:\\Shared-Workspace4Develop\\boards\\ek-lm3s8962\\LCD19264\\LCDDriver.AXF" 
Connecting: Mode=JTAG, Speed=1000000Hz
Erase Done.
Programming Done.
Verify OK.
Build Project 'LCDDriver' - Target 'LCDDriver19264'
assembling Startup.s...
compiling LCD19264.c...
linking...
Program Size: Code=2824 RO-data=188 RW-data=216 ZI-data=352  
"LCDDriver.axf" - 0 Error(s), 0 Warning(s).
Build Project 'LCDDriver' - Target 'LCDDriver19264'
assembling Startup.s...
compiling LCD19264.c...
linking...
Program Size: Code=2824 RO-data=188 RW-data=216 ZI-data=352  
"LCDDriver.axf" - 0 Error(s), 0 Warning(s).
Load "G:\\Shared-Workspace4Develop\\boards\\ek-lm3s8962\\LCD19264\\LCDDriver.AXF" 
Connecting: Mode=JTAG, Speed=1000000Hz
Erase Done.
Programming Done.
Verify OK.
Build Project 'LCDDriver' - Target 'LCDDriver19264'
assembling Startup.s...
compiling LCD19264.c...
linking...
Program Size: Code=2824 RO-data=188 RW-data=216 ZI-data=352  
"LCDDriver.axf" - 0 Error(s), 0 Warning(s).
Build Project 'LCDDriver' - Target 'LCDDriver19264'
assembling Startup.s...
compiling LCD19264.c...
linking...
Program Size: Code=2824 RO-data=188 RW-data=216 ZI-data=352  
"LCDDriver.axf" - 0 Error(s), 0 Warning(s).
Load "G:\\Shared-Workspace4Develop\\boards\\ek-lm3s8962\\LCD19264\\LCDDriver.AXF" 
Connecting: Mode=JTAG, Speed=1000000Hz
Erase Done.
Programming Done.
Verify OK.
assembling Startup.s...
Startup.s - 0 Error(s), 0 Warning(s).
Build Project 'LCDDriver' - Target 'LCDDriver19264'
compiling LCD19264.c...
linking...
Program Size: Code=2812 RO-data=188 RW-data=216 ZI-data=352  
"LCDDriver.axf" - 0 Error(s), 0 Warning(s).
Build Project 'LCDDriver' - Target 'LCDDriver19264'
assembling Startup.s...
compiling LCD19264.c...
linking...
Program Size: Code=2812 RO-data=188 RW-data=216 ZI-data=352  
"LCDDriver.axf" - 0 Error(s), 0 Warning(s).
Load "G:\\Shared-Workspace4Develop\\boards\\ek-lm3s8962\\LCD19264\\LCDDriver.AXF" 
Connecting: Mode=JTAG, Speed=1000000Hz
Erase Done.
Programming Done.
Verify OK.
Build Project 'LCDDriver' - Target 'LCDDriver19264'
compiling LCD19264.c...
linking...
Program Size: Code=2784 RO-data=188 RW-data=216 ZI-data=352  
"LCDDriver.axf" - 0 Error(s), 0 Warning(s).
Build Project 'LCDDriver' - Target 'LCDDriver19264'
assembling Startup.s...
compiling LCD19264.c...
linking...
Program Size: Code=2784 RO-data=188 RW-data=216 ZI-data=352  
"LCDDriver.axf" - 0 Error(s), 0 Warning(s).
Load "G:\\Shared-Workspace4Develop\\boards\\ek-lm3s8962\\LCD19264\\LCDDriver.AXF" 
Connecting: Mode=JTAG, Speed=1000000Hz
Erase Done.
Programming Done.
Verify OK.
Build Project 'LCDDriver' - Target 'LCDDriver19264'
assembling Startup.s...
compiling LCD19264.c...
linking...
Program Size: Code=2784 RO-data=188 RW-data=216 ZI-data=352  
"LCDDriver.axf" - 0 Error(s), 0 Warning(s).
Load "G:\\Shared-Workspace4Develop\\boards\\ek-lm3s8962\\LCD19264\\LCDDriver.AXF" 
Connecting: Mode=JTAG, Speed=1000000Hz
Erase Done.
Programming Done.
Verify OK.
Build Project 'LCDDriver' - Target 'LCDDriver19264'
assembling Startup.s...
compiling LCD19264.c...
linking...
Program Size: Code=2784 RO-data=188 RW-data=216 ZI-data=352  
"LCDDriver.axf" - 0 Error(s), 0 Warning(s).
Load "G:\\Shared-Workspace4Develop\\boards\\ek-lm3s8962\\LCD19264\\LCDDriver.AXF" 
Connecting: Mode=JTAG, Speed=1000000Hz
Erase Done.
Programming Done.
Verify OK.
Build Project 'LCDDriver' - Target 'LCDDriver19264'
assembling Startup.s...
compiling LCD19264.c...
linking...
Program Size: Code=2784 RO-data=188 RW-data=216 ZI-data=352  
"LCDDriver.axf" - 0 Error(s), 0 Warning(s).
Load "G:\\Shared-Workspace4Develop\\boards\\ek-lm3s8962\\LCD19264\\LCDDriver.AXF" 
Connecting: Mode=JTAG, Speed=1000000Hz
Erase Done.
Programming Done.
Verify OK.
Build Project 'LCDDriver' - Target 'LCDDriver19264'
assembling Startup.s...
compiling LCD19264.c...
linking...
Program Size: Code=2776 RO-data=188 RW-data=216 ZI-data=352  
"LCDDriver.axf" - 0 Error(s), 0 Warning(s).
Load "G:\\Shared-Workspace4Develop\\boards\\ek-lm3s8962\\LCD19264\\LCDDriver.AXF" 
Connecting: Mode=JTAG, Speed=1000000Hz
Erase Done.
Programming Done.
Verify OK.
Build Project 'LCDDriver' - Target 'LCDDriver19264'
assembling Startup.s...
compiling LCD19264.c...
linking...
Program Size: Code=2764 RO-data=188 RW-data=216 ZI-data=352  
"LCDDriver.axf" - 0 Error(s), 0 Warning(s).
Load "G:\\Shared-Workspace4Develop\\boards\\ek-lm3s8962\\LCD19264\\LCDDriver.AXF" 
Connecting: Mode=JTAG, Speed=1000000Hz
Erase Done.
Programming Done.
Verify OK.
Build Project 'LCDDriver' - Target 'LCDDriver19264'
assembling Startup.s...
compiling LCD19264.c...
linking...
Program Size: Code=2760 RO-data=188 RW-data=216 ZI-data=352  
"LCDDriver.axf" - 0 Error(s), 0 Warning(s).
Load "G:\\Shared-Workspace4Develop\\boards\\ek-lm3s8962\\LCD19264\\LCDDriver.AXF" 
Connecting: Mode=JTAG, Speed=1000000Hz
Erase Done.
Programming Done.
Verify OK.
Build Project 'LCDDriver' - Target 'LCDDriver19264'
assembling Startup.s...
compiling LCD19264.c...
linking...
Program Size: Code=2764 RO-data=188 RW-data=216 ZI-data=352  
"LCDDriver.axf" - 0 Error(s), 0 Warning(s).
Load "G:\\Shared-Workspace4Develop\\boards\\ek-lm3s8962\\LCD19264\\LCDDriver.AXF" 
Connecting: Mode=JTAG, Speed=1000000Hz
Erase Done.
Programming Done.
Verify OK.
Build Project 'LCDDriver' - Target 'LCDDriver19264'
assembling Startup.s...
compiling LCD19264.c...
linking...
Program Size: Code=2764 RO-data=188 RW-data=216 ZI-data=352  
"LCDDriver.axf" - 0 Error(s), 0 Warning(s).
Load "G:\\Shared-Workspace4Develop\\boards\\ek-lm3s8962\\LCD19264\\LCDDriver.AXF" 
Connecting: Mode=JTAG, Speed=1000000Hz
Erase Done.
Programming Done.
Verify OK.
Build Project 'LCDDriver' - Target 'LCDDriver19264'
assembling Startup.s...
compiling LCD19264.c...
linking...
Program Size: Code=2772 RO-data=188 RW-data=216 ZI-data=352  
"LCDDriver.axf" - 0 Error(s), 0 Warning(s).
Load "G:\\Shared-Workspace4Develop\\boards\\ek-lm3s8962\\LCD19264\\LCDDriver.AXF" 
Connecting: Mode=JTAG, Speed=1000000Hz
Erase Done.
Programming Done.
Verify OK.
Build Project 'LCDDriver' - Target 'LCDDriver19264'
compiling LCD19264.c...
linking...
Program Size: Code=2764 RO-data=188 RW-data=216 ZI-data=352  
"LCDDriver.axf" - 0 Error(s), 0 Warning(s).
Build Project 'LCDDriver' - Target 'LCDDriver19264'
assembling Startup.s...
compiling LCD19264.c...
linking...
Program Size: Code=2764 RO-data=188 RW-data=216 ZI-data=352  
"LCDDriver.axf" - 0 Error(s), 0 Warning(s).
Load "G:\\Shared-Workspace4Develop\\boards\\ek-lm3s8962\\LCD19264\\LCDDriver.AXF" 
Connecting: Mode=JTAG, Speed=1000000Hz
Erase Done.
Programming Done.
Verify OK.
